Component: ARM Compiler 5.06 update 7 (build 960) Tool: armlink [4d3601]

==============================================================================

Section Cross References

    startup_stm32f407xx.o(STACK) refers (Special) to heapauxi.o(.text) for __use_two_region_memory
    startup_stm32f407xx.o(HEAP) refers (Special) to heapauxi.o(.text) for __use_two_region_memory
    startup_stm32f407xx.o(RESET) refers (Special) to heapauxi.o(.text) for __use_two_region_memory
    startup_stm32f407xx.o(RESET) refers to startup_stm32f407xx.o(STACK) for __initial_sp
    startup_stm32f407xx.o(RESET) refers to startup_stm32f407xx.o(.text) for Reset_Handler
    startup_stm32f407xx.o(RESET) refers to stm32f4xx_it.o(i.NMI_Handler) for NMI_Handler
    startup_stm32f407xx.o(RESET) refers to stm32f4xx_it.o(i.HardFault_Handler) for HardFault_Handler
    startup_stm32f407xx.o(RESET) refers to stm32f4xx_it.o(i.MemManage_Handler) for MemManage_Handler
    startup_stm32f407xx.o(RESET) refers to stm32f4xx_it.o(i.BusFault_Handler) for BusFault_Handler
    startup_stm32f407xx.o(RESET) refers to stm32f4xx_it.o(i.UsageFault_Handler) for UsageFault_Handler
    startup_stm32f407xx.o(RESET) refers to port.o(.emb_text) for SVC_Handler
    startup_stm32f407xx.o(RESET) refers to stm32f4xx_it.o(i.DebugMon_Handler) for DebugMon_Handler
    startup_stm32f407xx.o(RESET) refers to port.o(i.SysTick_Handler) for SysTick_Handler
    startup_stm32f407xx.o(RESET) refers to stm32f4xx_it.o(i.PVD_IRQHandler) for PVD_IRQHandler
    startup_stm32f407xx.o(RESET) refers to stm32f4xx_it.o(i.EXTI0_IRQHandler) for EXTI0_IRQHandler
    startup_stm32f407xx.o(RESET) refers to stm32f4xx_it.o(i.EXTI3_IRQHandler) for EXTI3_IRQHandler
    startup_stm32f407xx.o(RESET) refers to stm32f4xx_it.o(i.EXTI4_IRQHandler) for EXTI4_IRQHandler
    startup_stm32f407xx.o(RESET) refers to stm32f4xx_it.o(i.DMA1_Stream1_IRQHandler) for DMA1_Stream1_IRQHandler
    startup_stm32f407xx.o(RESET) refers to stm32f4xx_it.o(i.CAN1_RX0_IRQHandler) for CAN1_RX0_IRQHandler
    startup_stm32f407xx.o(RESET) refers to stm32f4xx_it.o(i.EXTI9_5_IRQHandler) for EXTI9_5_IRQHandler
    startup_stm32f407xx.o(RESET) refers to stm32f4xx_it.o(i.USART1_IRQHandler) for USART1_IRQHandler
    startup_stm32f407xx.o(RESET) refers to stm32f4xx_it.o(i.USART3_IRQHandler) for USART3_IRQHandler
    startup_stm32f407xx.o(RESET) refers to stm32f4xx_it.o(i.TIM6_DAC_IRQHandler) for TIM6_DAC_IRQHandler
    startup_stm32f407xx.o(RESET) refers to stm32f4xx_it.o(i.DMA2_Stream1_IRQHandler) for DMA2_Stream1_IRQHandler
    startup_stm32f407xx.o(RESET) refers to stm32f4xx_it.o(i.DMA2_Stream2_IRQHandler) for DMA2_Stream2_IRQHandler
    startup_stm32f407xx.o(RESET) refers to stm32f4xx_it.o(i.CAN2_RX0_IRQHandler) for CAN2_RX0_IRQHandler
    startup_stm32f407xx.o(RESET) refers to stm32f4xx_it.o(i.DMA2_Stream6_IRQHandler) for DMA2_Stream6_IRQHandler
    startup_stm32f407xx.o(RESET) refers to stm32f4xx_it.o(i.DMA2_Stream7_IRQHandler) for DMA2_Stream7_IRQHandler
    startup_stm32f407xx.o(RESET) refers to stm32f4xx_it.o(i.USART6_IRQHandler) for USART6_IRQHandler
    startup_stm32f407xx.o(.text) refers (Special) to heapauxi.o(.text) for __use_two_region_memory
    startup_stm32f407xx.o(.text) refers to system_stm32f4xx.o(i.SystemInit) for SystemInit
    startup_stm32f407xx.o(.text) refers to __main.o(!!!main) for __main
    startup_stm32f407xx.o(.text) refers to startup_stm32f407xx.o(HEAP) for Heap_Mem
    startup_stm32f407xx.o(.text) refers to startup_stm32f407xx.o(STACK) for Stack_Mem
    main.o(i.HAL_TIM_PeriodElapsedCallback) refers to stm32f4xx_hal.o(i.HAL_IncTick) for HAL_IncTick
    main.o(i.SystemClock_Config) refers to rt_memclr_w.o(.text) for __aeabi_memclr4
    main.o(i.SystemClock_Config) refers to stm32f4xx_hal_rcc.o(i.HAL_RCC_OscConfig) for HAL_RCC_OscConfig
    main.o(i.SystemClock_Config) refers to main.o(i.Error_Handler) for Error_Handler
    main.o(i.SystemClock_Config) refers to stm32f4xx_hal_rcc.o(i.HAL_RCC_ClockConfig) for HAL_RCC_ClockConfig
    main.o(i.main) refers to stm32f4xx_hal.o(i.HAL_Init) for HAL_Init
    main.o(i.main) refers to main.o(i.SystemClock_Config) for SystemClock_Config
    main.o(i.main) refers to gpio.o(i.MX_GPIO_Init) for MX_GPIO_Init
    main.o(i.main) refers to dma.o(i.MX_DMA_Init) for MX_DMA_Init
    main.o(i.main) refers to can.o(i.MX_CAN1_Init) for MX_CAN1_Init
    main.o(i.main) refers to can.o(i.MX_CAN2_Init) for MX_CAN2_Init
    main.o(i.main) refers to usart.o(i.MX_USART3_UART_Init) for MX_USART3_UART_Init
    main.o(i.main) refers to tim.o(i.MX_TIM4_Init) for MX_TIM4_Init
    main.o(i.main) refers to tim.o(i.MX_TIM5_Init) for MX_TIM5_Init
    main.o(i.main) refers to usart.o(i.MX_USART1_UART_Init) for MX_USART1_UART_Init
    main.o(i.main) refers to spi.o(i.MX_SPI1_Init) for MX_SPI1_Init
    main.o(i.main) refers to tim.o(i.MX_TIM10_Init) for MX_TIM10_Init
    main.o(i.main) refers to i2c.o(i.MX_I2C3_Init) for MX_I2C3_Init
[...]
    0x0800025a   0x0800025a   0x00000000   Code   RO        12411    .ARM.Collect$$rtentry$$00000000  c_w.l(__rtentry.o)
    0x0800025a   0x0800025a   0x00000000   Code   RO        12665    .ARM.Collect$$rtentry$$00000002  c_w.l(__rtentry2.o)
    0x0800025a   0x0800025a   0x00000006   Code   RO        12677    .ARM.Collect$$rtentry$$00000004  c_w.l(__rtentry4.o)
    0x08000260   0x08000260   0x00000000   Code   RO        12667    .ARM.Collect$$rtentry$$00000009  c_w.l(__rtentry2.o)
    0x08000260   0x08000260   0x00000004   Code   RO        12668    .ARM.Collect$$rtentry$$0000000A  c_w.l(__rtentry2.o)
    0x08000264   0x08000264   0x00000000   Code   RO        12670    .ARM.Collect$$rtentry$$0000000C  c_w.l(__rtentry2.o)
    0x08000264   0x08000264   0x00000008   Code   RO        12671    .ARM.Collect$$rtentry$$0000000D  c_w.l(__rtentry2.o)
    0x0800026c   0x0800026c   0x00000002   Code   RO        12850    .ARM.Collect$$rtexit$$00000000  c_w.l(rtexit.o)
    0x0800026e   0x0800026e   0x00000000   Code   RO        12870    .ARM.Collect$$rtexit$$00000002  c_w.l(rtexit2.o)
    0x0800026e   0x0800026e   0x00000004   Code   RO        12871    .ARM.Collect$$rtexit$$00000003  c_w.l(rtexit2.o)
    0x08000272   0x08000272   0x00000006   Code   RO        12872    .ARM.Collect$$rtexit$$00000004  c_w.l(rtexit2.o)
    0x08000278   0x08000278   0x000000be   Code   RO         6367    .emb_text           port.o
    0x08000336   0x08000336   0x00000002   PAD
    0x08000338   0x08000338   0x00000000   Code   RO        12695    .emb_text           c_w.l(maybetermalloc1.o)
    0x08000338   0x08000338   0x00000040   Code   RO            4    .text               startup_stm32f407xx.o
    0x08000378   0x08000378   0x00000078   Code   RO        11746    .text               arm_cortexM4lf_math.lib(arm_cos_f32.o)
    0x080003f0   0x080003f0   0x00000094   Code   RO        11796    .text               arm_cortexM4lf_math.lib(arm_sin_f32.o)
    0x08000484   0x08000484   0x00000108   Code   RO        11820    .text               arm_cortexM4lf_math.lib(arm_mat_add_f32.o)
    0x0800058c   0x0800058c   0x00000008   Code   RO        11844    .text               arm_cortexM4lf_math.lib(arm_mat_init_f32.o)
    0x08000594   0x08000594   0x00000530   Code   RO        11868    .text               arm_cortexM4lf_math.lib(arm_mat_inverse_f32.o)
    0x08000ac4   0x08000ac4   0x0000013c   Code   RO        11892    .text               arm_cortexM4lf_math.lib(arm_mat_mult_f32.o)
    0x08000c00   0x08000c00   0x00000108   Code   RO        11916    .text               arm_cortexM4lf_math.lib(arm_mat_sub_f32.o)
    0x08000d08   0x08000d08   0x00000114   Code   RO        11940    .text               arm_cortexM4lf_math.lib(arm_mat_trans_f32.o)
    0x08000e1c   0x08000e1c   0x0000005e   Code   RO        12047    .text               c_w.l(h1_alloc.o)
    0x08000e7a   0x08000e7a   0x000000ee   Code   RO        12101    .text               c_w.l(lludivv7m.o)
    0x08000f68   0x08000f68   0x0000002e   Code   RO        12136    .text               c_w.l(aeabi_atexit.o)
    0x08000f96   0x08000f96   0x0000008a   Code   RO        12141    .text               c_w.l(rt_memcpy_v6.o)
    0x08001020   0x08001020   0x00000064   Code   RO        12143    .text               c_w.l(rt_memcpy_w.o)
    0x08001084   0x08001084   0x00000010   Code   RO        12147    .text               c_w.l(aeabi_memset.o)
    0x08001094   0x08001094   0x00000044   Code   RO        12149    .text               c_w.l(rt_memclr.o)
    0x080010d8   0x080010d8   0x0000004e   Code   RO        12151    .text               c_w.l(rt_memclr_w.o)
    0x08001126   0x08001126   0x00000006   Code   RO        12153    .text               c_w.l(heapauxi.o)
    0x0800112c   0x0800112c   0x00000024   Code   RO        12160    .text               c_w.l(init_aeabi.o)
    0x08001150   0x08001150   0x00000022   Code   RO        12284    .text               cpprt_w.l(aeabi_vec_dtor_noexceptions.o)
    0x08001172   0x08001172   0x00000002   PAD
    0x08001174   0x08001174   0x00000008   Code   RO        12419    .text               c_w.l(rt_heap_descriptor_intlibspace.o)
    0x0800117c   0x0800117c   0x00000008   Code   RO        12424    .text               c_w.l(rt_ddtor_pointer_addr_intlibspace.o)
    0x08001184   0x08001184   0x00000004   Code   RO        12426    .text               c_w.l(hguard.o)
    0x08001188   0x08001188   0x0000008a   Code   RO        12428    .text               c_w.l(init_alloc.o)
    0x08001212   0x08001212   0x0000000e   Code   RO        12434    .text               c_w.l(h1_init.o)
    0x08001220   0x08001220   0x0000004e   Code   RO        12436    .text               c_w.l(h1_free.o)
    0x0800126e   0x0800126e   0x00000016   Code   RO        12452    .text               c_w.l(_rserrno.o)
    0x08001284   0x08001284   0x00000042   Code   RO        12524    .text               c_w.l(cxa_finalize.o)
    0x080012c6   0x080012c6   0x00000002   PAD
    0x080012c8   0x080012c8   0x00000008   Code   RO        12661    .text               c_w.l(libspace.o)
    0x080012d0   0x080012d0   0x00000008   Code   RO        12691    .text               c_w.l(rt_errno_addr_intlibspace.o)
    0x080012d8   0x080012d8   0x00000034   Code   RO        12697    .text               c_w.l(h1_extend.o)
    0x0800130c   0x0800130c   0x00000030   Code   RO        12703    .text               c_w.l(_fptrap.o)
    0x0800133c   0x0800133c   0x0000000a   Code   RO        12745    .text               c_w.l(defsig_exit.o)
    0x08001346   0x08001346   0x0000000e   Code   RO        12747    .text               c_w.l(defsig_rtmem_outer.o)
    0x08001354   0x08001354   0x0000000c   Code   RO        12796    .text               c_w.l(sys_exit.o)
    0x08001360   0x08001360   0x00000002   Code   RO        12798    .text               c_w.l(use_no_semi.o)
    0x08001362   0x08001362   0x00000000   Code   RO        12800    .text               c_w.l(indicate_semi.o)
    0x08001362   0x08001362   0x0000004a   Code   RO        12801    .text               c_w.l(sys_stackheap_outer.o)
    0x080013ac   0x080013ac   0x00000012   Code   RO        12812    .text               c_w.l(exit.o)
    0x080013be   0x080013be   0x00000032   Code   RO        12818    .text               c_w.l(defsig_general.o)
    0x080013f0   0x080013f0   0x0000000e   Code   RO        12820    .text               c_w.l(defsig_fpe_outer.o)
    0x080013fe   0x080013fe   0x00000002   PAD
    0x08001400   0x08001400   0x00000050   Code   RO        12824    .text               c_w.l(defsig_rtmem_inner.o)
    0x08001450   0x08001450   0x0000000e   Code   RO        12848    .text               c_w.l(sys_wrch.o)
    0x0800145e   0x0800145e   0x00000002   PAD
    0x08001460   0x08001460   0x000000ac   Code   RO        12865    .text               c_w.l(defsig_fpe_inner.o)
    0x0800150c   0x0800150c   0x00000160   Code   RO         1007    i.ADC_Init          stm32f4xx_hal_adc.o
    0x0800166c   0x0800166c   0x00000014   Code   RO        11254    i.BMI088_ACCEL_NS_H  bmi088middleware.o
    0x08001680   0x08001680   0x00000014   Code   RO        11255    i.BMI088_ACCEL_NS_L  bmi088middleware.o
    0x08001694   0x08001694   0x00000014   Code   RO        11256    i.BMI088_GYRO_NS_H  bmi088middleware.o
    0x080016a8   0x080016a8   0x00000014   Code   RO        11257    i.BMI088_GYRO_NS_L  bmi088middleware.o
    0x080016bc   0x080016bc   0x00000012   Code   RO        11153    i.BMI088_Init       bmi088driver.o
    0x080016ce   0x080016ce   0x00000002   PAD
    0x080016d0   0x080016d0   0x0000027c   Code   RO        11154    i.BMI088_Read       bmi088driver.o
    0x0800194c   0x0800194c   0x00000026   Code   RO        11155    i.BMI088_read_muli_reg  bmi088driver.o
    0x08001972   0x08001972   0x00000018   Code   RO        11156    i.BMI088_read_single_reg  bmi088driver.o
    0x0800198a   0x0800198a   0x00000002   PAD
    0x0800198c   0x0800198c   0x00000024   Code   RO        11258    i.BMI088_read_write_byte  bmi088middleware.o
    0x080019b0   0x080019b0   0x00000014   Code   RO        11157    i.BMI088_write_single_reg  bmi088driver.o
    0x080019c4   0x080019c4   0x0000015a   Code   RO        11013    i.BodyFrameToEarthFrame  ins_ekf_task.o
    0x08001b1e   0x08001b1e   0x00000004   Code   RO          668    i.BusFault_Handler  stm32f4xx_it.o
    0x08001b22   0x08001b22   0x00000002   PAD
    0x08001b24   0x08001b24   0x00000010   Code   RO          669    i.CAN1_RX0_IRQHandler  stm32f4xx_it.o
    0x08001b34   0x08001b34   0x00000010   Code   RO          670    i.CAN2_RX0_IRQHandler  stm32f4xx_it.o
    0x08001b44   0x08001b44   0x00000040   Code   RO         6713    i.CAN_Init          bsp_can.o
    0x08001b84   0x08001b84   0x00000034   Code   RO         6714    i.CANx_SendData     bsp_can.o
    0x08001bb8   0x08001bb8   0x00000574   Code   RO        11158    i.Calibrate_MPU_Offset  bmi088driver.o
    0x0800212c   0x0800212c   0x00000050   Code   RO         6715    i.CanFilter_Init    bsp_can.o
    0x0800217c   0x0800217c   0x00000010   Code   RO          671    i.DMA1_Stream1_IRQHandler  stm32f4xx_it.o
    0x0800218c   0x0800218c   0x00000010   Code   RO          672    i.DMA2_Stream1_IRQHandler  stm32f4xx_it.o
    0x0800219c   0x0800219c   0x00000010   Code   RO          673    i.DMA2_Stream2_IRQHandler  stm32f4xx_it.o
    0x080021ac   0x080021ac   0x00000010   Code   RO          674    i.DMA2_Stream6_IRQHandler  stm32f4xx_it.o
    0x080021bc   0x080021bc   0x00000010   Code   RO          675    i.DMA2_Stream7_IRQHandler  stm32f4xx_it.o
    0x080021cc   0x080021cc   0x00000034   Code   RO         1783    i.DMA_CalcBaseAndBitshift  stm32f4xx_hal_dma.o
    0x08002200   0x08002200   0x000000aa   Code   RO         1784    i.DMA_CheckFifoParam  stm32f4xx_hal_dma.o
    0x080022aa   0x080022aa   0x0000002c   Code   RO         1785    i.DMA_SetConfig     stm32f4xx_hal_dma.o
    0x080022d6   0x080022d6   0x00000002   PAD
    0x080022d8   0x080022d8   0x0000003c   Code   RO         8229    i.DR16_Recv_Callback  communication.o
    0x08002314   0x08002314   0x00000030   Code   RO        11460    i.DWT_CNT_Update    bsp_dwt.o
    0x08002344   0x08002344   0x0000003c   Code   RO        11461    i.DWT_Delay         bsp_dwt.o
    0x08002380   0x08002380   0x0000004c   Code   RO        11462    i.DWT_GetDeltaT     bsp_dwt.o
    0x080023cc   0x080023cc   0x00000054   Code   RO        11465    i.DWT_GetTimeline_s  bsp_dwt.o
    0x08002420   0x08002420   0x00000068   Code   RO        11467    i.DWT_Init          bsp_dwt.o
    0x08002488   0x08002488   0x000000d0   Code   RO        11468    i.DWT_SysTimeUpdate  bsp_dwt.o
    0x08002558   0x08002558   0x00000002   Code   RO          676    i.DebugMon_Handler  stm32f4xx_it.o
    0x0800255a   0x0800255a   0x0000000a   Code   RO          677    i.EXTI0_IRQHandler  stm32f4xx_it.o
    0x08002564   0x08002564   0x0000000a   Code   RO          678    i.EXTI3_IRQHandler  stm32f4xx_it.o
    0x0800256e   0x0800256e   0x0000000a   Code   RO          679    i.EXTI4_IRQHandler  stm32f4xx_it.o
    0x08002578   0x08002578   0x0000000a   Code   RO          680    i.EXTI9_5_IRQHandler  stm32f4xx_it.o
    0x08002582   0x08002582   0x0000015a   Code   RO        11014    i.EarthFrameToBodyFrame  ins_ekf_task.o
    0x080026dc   0x080026dc   0x00000002   Code   RO           13    i.Error_Handler     main.o
    0x080026de   0x080026de   0x00000002   PAD
    0x080026e0   0x080026e0   0x0000005c   Code   RO         1553    i.FLASH_Erase_Sector  stm32f4xx_hal_flash_ex.o
    0x0800273c   0x0800273c   0x00000078   Code   RO         1554    i.FLASH_FlushCaches  stm32f4xx_hal_flash_ex.o
    0x080027b4   0x080027b4   0x00000030   Code   RO         1555    i.FLASH_MassErase   stm32f4xx_hal_flash_ex.o
    0x080027e4   0x080027e4   0x00000024   Code   RO         1435    i.FLASH_Program_Byte  stm32f4xx_hal_flash.o
    0x08002808   0x08002808   0x0000003c   Code   RO         1436    i.FLASH_Program_DoubleWord  stm32f4xx_hal_flash.o
    0x08002844   0x08002844   0x00000028   Code   RO         1437    i.FLASH_Program_HalfWord  stm32f4xx_hal_flash.o
    0x0800286c   0x0800286c   0x00000028   Code   RO         1438    i.FLASH_Program_Word  stm32f4xx_hal_flash.o
    0x08002894   0x08002894   0x00000098   Code   RO         1439    i.FLASH_SetErrorCode  stm32f4xx_hal_flash.o
    0x0800292c   0x0800292c   0x00000064   Code   RO         1440    i.FLASH_WaitForLastOperation  stm32f4xx_hal_flash.o
    0x08002990   0x08002990   0x0000013c   Code   RO          245    i.GPIO_Init         gpio.o
    0x08002acc   0x08002acc   0x0000018c   Code   RO         1009    i.HAL_ADC_ConfigChannel  stm32f4xx_hal_adc.o
    0x08002c58   0x08002c58   0x00000008   Code   RO         1016    i.HAL_ADC_GetValue  stm32f4xx_hal_adc.o
    0x08002c60   0x08002c60   0x00000068   Code   RO         1018    i.HAL_ADC_Init      stm32f4xx_hal_adc.o
    0x08002cc8   0x08002cc8   0x000000ac   Code   RO          338    i.HAL_ADC_MspInit   adc.o
    0x08002d74   0x08002d74   0x000000c2   Code   RO         1022    i.HAL_ADC_PollForConversion  stm32f4xx_hal_adc.o
    0x08002e36   0x08002e36   0x00000002   PAD
    0x08002e38   0x08002e38   0x0000013c   Code   RO         1024    i.HAL_ADC_Start     stm32f4xx_hal_adc.o
    0x08002f74   0x08002f74   0x0000002a   Code   RO         2462    i.HAL_CAN_ActivateNotification  stm32f4xx_hal_can.o
    0x08002f9e   0x08002f9e   0x00000156   Code   RO         2463    i.HAL_CAN_AddTxMessage  stm32f4xx_hal_can.o
    0x080030f4   0x080030f4   0x00000124   Code   RO         2464    i.HAL_CAN_ConfigFilter  stm32f4xx_hal_can.o
    0x08003218   0x08003218   0x00000002   Code   RO         2467    i.HAL_CAN_ErrorCallback  stm32f4xx_hal_can.o
    0x0800321a   0x0800321a   0x0000017a   Code   RO         2470    i.HAL_CAN_GetRxMessage  stm32f4xx_hal_can.o
    0x08003394   0x08003394   0x0000024e   Code   RO         2474    i.HAL_CAN_IRQHandler  stm32f4xx_hal_can.o
    0x080035e2   0x080035e2   0x00000174   Code   RO         2475    i.HAL_CAN_Init      stm32f4xx_hal_can.o
    0x08003756   0x08003756   0x00000002   PAD
    0x08003758   0x08003758   0x00000160   Code   RO          386    i.HAL_CAN_MspInit   can.o
    0x080038b8   0x080038b8   0x00000002   Code   RO         2482    i.HAL_CAN_RxFifo0FullCallback  stm32f4xx_hal_can.o
    0x080038ba   0x080038ba   0x00000002   PAD
    0x080038bc   0x080038bc   0x00000058   Code   RO         6716    i.HAL_CAN_RxFifo0MsgPendingCallback  bsp_can.o
    0x08003914   0x08003914   0x00000002   Code   RO         2484    i.HAL_CAN_RxFifo1FullCallback  stm32f4xx_hal_can.o
    0x08003916   0x08003916   0x00000002   PAD
    0x08003918   0x08003918   0x00000058   Code   RO         6717    i.HAL_CAN_RxFifo1MsgPendingCallback  bsp_can.o
    0x08003970   0x08003970   0x00000002   Code   RO         2486    i.HAL_CAN_SleepCallback  stm32f4xx_hal_can.o
    0x08003972   0x08003972   0x0000005e   Code   RO         2487    i.HAL_CAN_Start     stm32f4xx_hal_can.o
    0x080039d0   0x080039d0   0x00000002   Code   RO         2489    i.HAL_CAN_TxMailbox0AbortCallback  stm32f4xx_hal_can.o
    0x080039d2   0x080039d2   0x00000002   Code   RO         2490    i.HAL_CAN_TxMailbox0CompleteCallback  stm32f4xx_hal_can.o
    0x080039d4   0x080039d4   0x00000002   Code   RO         2491    i.HAL_CAN_TxMailbox1AbortCallback  stm32f4xx_hal_can.o
    0x080039d6   0x080039d6   0x00000002   Code   RO         2492    i.HAL_CAN_TxMailbox1CompleteCallback  stm32f4xx_hal_can.o
    0x080039d8   0x080039d8   0x00000002   Code   RO         2493    i.HAL_CAN_TxMailbox2AbortCallback  stm32f4xx_hal_can.o
    0x080039da   0x080039da   0x00000002   Code   RO         2494    i.HAL_CAN_TxMailbox2CompleteCallback  stm32f4xx_hal_can.o
    0x080039dc   0x080039dc   0x00000002   Code   RO         2496    i.HAL_CAN_WakeUpFromRxMsgCallback  stm32f4xx_hal_can.o
    0x080039de   0x080039de   0x000000aa   Code   RO         1786    i.HAL_DMA_Abort     stm32f4xx_hal_dma.o
    0x08003a88   0x08003a88   0x00000028   Code   RO         1787    i.HAL_DMA_Abort_IT  stm32f4xx_hal_dma.o
    0x08003ab0   0x08003ab0   0x00000240   Code   RO         1791    i.HAL_DMA_IRQHandler  stm32f4xx_hal_dma.o
    0x08003cf0   0x08003cf0   0x000000ec   Code   RO         1792    i.HAL_DMA_Init      stm32f4xx_hal_dma.o
    0x08003ddc   0x08003ddc   0x00000092   Code   RO         1796    i.HAL_DMA_Start_IT  stm32f4xx_hal_dma.o
    0x08003e6e   0x08003e6e   0x00000002   PAD
    0x08003e70   0x08003e70   0x00000028   Code   RO         2210    i.HAL_Delay         stm32f4xx_hal.o
    0x08003e98   0x08003e98   0x000000ac   Code   RO         1565    i.HAL_FLASHEx_Erase  stm32f4xx_hal_flash_ex.o
    0x08003f44   0x08003f44   0x00000014   Code   RO         1444    i.HAL_FLASH_Lock    stm32f4xx_hal_flash.o
    0x08003f58   0x08003f58   0x00000098   Code   RO         1449    i.HAL_FLASH_Program  stm32f4xx_hal_flash.o
    0x08003ff0   0x08003ff0   0x00000034   Code   RO         1451    i.HAL_FLASH_Unlock  stm32f4xx_hal_flash.o
    0x08004024   0x08004024   0x00000002   Code   RO         1677    i.HAL_GPIO_EXTI_Callback  stm32f4xx_hal_gpio.o
    0x08004026   0x08004026   0x00000002   PAD
    0x08004028   0x08004028   0x0000001c   Code   RO         1678    i.HAL_GPIO_EXTI_IRQHandler  stm32f4xx_hal_gpio.o
    0x08004044   0x08004044   0x00000200   Code   RO         1679    i.HAL_GPIO_Init     stm32f4xx_hal_gpio.o
    0x08004244   0x08004244   0x00000010   Code   RO         1681    i.HAL_GPIO_ReadPin  stm32f4xx_hal_gpio.o
    0x08004254   0x08004254   0x0000000c   Code   RO         1683    i.HAL_GPIO_WritePin  stm32f4xx_hal_gpio.o
    0x08004260   0x08004260   0x0000000c   Code   RO         2216    i.HAL_GetTick       stm32f4xx_hal.o
    0x0800426c   0x0800426c   0x000001d0   Code   RO         2706    i.HAL_I2C_Init      stm32f4xx_hal_i2c.o
    0x0800443c   0x0800443c   0x000000c8   Code   RO          459    i.HAL_I2C_MspInit   i2c.o
    0x08004504   0x08004504   0x00000018   Code   RO         2222    i.HAL_IncTick       stm32f4xx_hal.o
    0x0800451c   0x0800451c   0x0000003c   Code   RO         2223    i.HAL_Init          stm32f4xx_hal.o
    0x08004558   0x08004558   0x0000008c   Code   RO          860    i.HAL_InitTick      stm32f4xx_hal_timebase_tim.o
    0x080045e4   0x080045e4   0x00000048   Code   RO          836    i.HAL_MspInit       stm32f4xx_hal_msp.o
    0x0800462c   0x0800462c   0x00000020   Code   RO         2068    i.HAL_NVIC_EnableIRQ  stm32f4xx_hal_cortex.o
    0x0800464c   0x0800464c   0x0000007c   Code   RO         2074    i.HAL_NVIC_SetPriority  stm32f4xx_hal_cortex.o
    0x080046c8   0x080046c8   0x00000028   Code   RO         2075    i.HAL_NVIC_SetPriorityGrouping  stm32f4xx_hal_cortex.o
    0x080046f0   0x080046f0   0x00000044   Code   RO         2076    i.HAL_NVIC_SystemReset  stm32f4xx_hal_cortex.o
    0x08004734   0x08004734   0x000000b4   Code   RO         1889    i.HAL_PWR_ConfigPVD  stm32f4xx_hal_pwr.o
    0x080047e8   0x080047e8   0x0000000c   Code   RO         1897    i.HAL_PWR_EnablePVD  stm32f4xx_hal_pwr.o
    0x080047f4   0x080047f4   0x00000010   Code   RO        11537    i.HAL_PWR_PVDCallback  bsp_pvd.o
    0x08004804   0x08004804   0x00000020   Code   RO         1905    i.HAL_PWR_PVD_IRQHandler  stm32f4xx_hal_pwr.o
    0x08004824   0x08004824   0x00000184   Code   RO         1280    i.HAL_RCC_ClockConfig  stm32f4xx_hal_rcc.o
    0x080049a8   0x080049a8   0x00000044   Code   RO         1284    i.HAL_RCC_GetClockConfig  stm32f4xx_hal_rcc.o
    0x080049ec   0x080049ec   0x0000000c   Code   RO         1285    i.HAL_RCC_GetHCLKFreq  stm32f4xx_hal_rcc.o
    0x080049f8   0x080049f8   0x00000020   Code   RO         1287    i.HAL_RCC_GetPCLK1Freq  stm32f4xx_hal_rcc.o
    0x08004a18   0x08004a18   0x00000020   Code   RO         1288    i.HAL_RCC_GetPCLK2Freq  stm32f4xx_hal_rcc.o
    0x08004a38   0x08004a38   0x000000b0   Code   RO         1289    i.HAL_RCC_GetSysClockFreq  stm32f4xx_hal_rcc.o
    0x08004ae8   0x08004ae8   0x00000488   Code   RO         1292    i.HAL_RCC_OscConfig  stm32f4xx_hal_rcc.o
    0x08004f70   0x08004f70   0x0000008c   Code   RO         3196    i.HAL_SPI_Init      stm32f4xx_hal_spi.o
    0x08004ffc   0x08004ffc   0x00000208   Code   RO          567    i.HAL_SPI_MspInit   spi.o
    0x08005204   0x08005204   0x0000022a   Code   RO         3205    i.HAL_SPI_TransmitReceive  stm32f4xx_hal_spi.o
    0x0800542e   0x0800542e   0x00000002   Code   RO         4195    i.HAL_TIMEx_BreakCallback  stm32f4xx_hal_tim_ex.o
    0x08005430   0x08005430   0x00000002   Code   RO         4196    i.HAL_TIMEx_CommutCallback  stm32f4xx_hal_tim_ex.o
    0x08005432   0x08005432   0x00000074   Code   RO         4198    i.HAL_TIMEx_ConfigBreakDeadTime  stm32f4xx_hal_tim_ex.o
    0x080054a6   0x080054a6   0x00000002   PAD
    0x080054a8   0x080054a8   0x000000b4   Code   RO         4213    i.HAL_TIMEx_MasterConfigSynchronization  stm32f4xx_hal_tim_ex.o
    0x0800555c   0x0800555c   0x00000034   Code   RO         3509    i.HAL_TIM_Base_Init  stm32f4xx_hal_tim.o
    0x08005590   0x08005590   0x000000c0   Code   RO          501    i.HAL_TIM_Base_MspInit  tim.o
    0x08005650   0x08005650   0x0000002a   Code   RO         3512    i.HAL_TIM_Base_Start  stm32f4xx_hal_tim.o
    0x0800567a   0x0800567a   0x0000002a   Code   RO         3514    i.HAL_TIM_Base_Start_IT  stm32f4xx_hal_tim.o
    0x080056a4   0x080056a4   0x00000108   Code   RO         3518    i.HAL_TIM_ConfigClockSource  stm32f4xx_hal_tim.o
    0x080057ac   0x080057ac   0x00000002   Code   RO         3538    i.HAL_TIM_IC_CaptureCallback  stm32f4xx_hal_tim.o
    0x080057ae   0x080057ae   0x00000196   Code   RO         3552    i.HAL_TIM_IRQHandler  stm32f4xx_hal_tim.o
    0x08005944   0x08005944   0x0000014c   Code   RO          502    i.HAL_TIM_MspPostInit  tim.o
    0x08005a90   0x08005a90   0x00000002   Code   RO         3555    i.HAL_TIM_OC_DelayElapsedCallback  stm32f4xx_hal_tim.o
    0x08005a92   0x08005a92   0x00000108   Code   RO         3576    i.HAL_TIM_PWM_ConfigChannel  stm32f4xx_hal_tim.o
    0x08005b9a   0x08005b9a   0x00000034   Code   RO         3579    i.HAL_TIM_PWM_Init  stm32f4xx_hal_tim.o
    0x08005bce   0x08005bce   0x00000002   Code   RO         3581    i.HAL_TIM_PWM_MspInit  stm32f4xx_hal_tim.o
    0x08005bd0   0x08005bd0   0x00000002   Code   RO         3582    i.HAL_TIM_PWM_PulseFinishedCallback  stm32f4xx_hal_tim.o
    0x08005bd2   0x08005bd2   0x00000002   PAD
    0x08005bd4   0x08005bd4   0x00000058   Code   RO         3584    i.HAL_TIM_PWM_Start  stm32f4xx_hal_tim.o
    0x08005c2c   0x08005c2c   0x00000018   Code   RO           14    i.HAL_TIM_PeriodElapsedCallback  main.o
    0x08005c44   0x08005c44   0x00000002   Code   RO         3595    i.HAL_TIM_TriggerCallback  stm32f4xx_hal_tim.o
    0x08005c46   0x08005c46   0x00000066   Code   RO         4465    i.HAL_UART_DMAStop  stm32f4xx_hal_uart.o
    0x08005cac   0x08005cac   0x00000002   Code   RO         4467    i.HAL_UART_ErrorCallback  stm32f4xx_hal_uart.o
    0x08005cae   0x08005cae   0x00000002   PAD
    0x08005cb0   0x08005cb0   0x00000154   Code   RO         4470    i.HAL_UART_IRQHandler  stm32f4xx_hal_uart.o
    0x08005e04   0x08005e04   0x00000072   Code   RO         4471    i.HAL_UART_Init     stm32f4xx_hal_uart.o
    0x08005e76   0x08005e76   0x00000002   PAD
    0x08005e78   0x08005e78   0x00000350   Code   RO          615    i.HAL_UART_MspInit  usart.o
    0x080061c8   0x080061c8   0x000000c4   Code   RO         4475    i.HAL_UART_Receive_DMA  stm32f4xx_hal_uart.o
    0x0800628c   0x0800628c   0x00000002   Code   RO         4477    i.HAL_UART_RxCpltCallback  stm32f4xx_hal_uart.o
    0x0800628e   0x0800628e   0x00000002   Code   RO         4478    i.HAL_UART_RxHalfCpltCallback  stm32f4xx_hal_uart.o
    0x08006290   0x08006290   0x0000009c   Code   RO         4480    i.HAL_UART_Transmit_DMA  stm32f4xx_hal_uart.o
    0x0800632c   0x0800632c   0x00000002   Code   RO         4482    i.HAL_UART_TxCpltCallback  stm32f4xx_hal_uart.o
    0x0800632e   0x0800632e   0x00000002   Code   RO         4483    i.HAL_UART_TxHalfCpltCallback  stm32f4xx_hal_uart.o
    0x08006330   0x08006330   0x00000130   Code   RO        11379    i.H_K_R_Adjustment  kalman_filter_imu.o
    0x08006460   0x08006460   0x00000004   Code   RO          681    i.HardFault_Handler  stm32f4xx_it.o
    0x08006464   0x08006464   0x00000374   Code   RO        11016    i.IMU_Param_Correction  ins_ekf_task.o
    0x080067d8   0x080067d8   0x00000238   Code   RO        11308    i.IMU_QuaternionEKF_F_Linearization_P_Fading  quaternionekf.o
    0x08006a10   0x08006a10   0x00000120   Code   RO        11309    i.IMU_QuaternionEKF_Init  quaternionekf.o
    0x08006b30   0x08006b30   0x00000034   Code   RO        11310    i.IMU_QuaternionEKF_Observe  quaternionekf.o
    0x08006b64   0x08006b64   0x00000128   Code   RO        11311    i.IMU_QuaternionEKF_SetH  quaternionekf.o
    0x08006c8c   0x08006c8c   0x000006fc   Code   RO        11312    i.IMU_QuaternionEKF_Update  quaternionekf.o
    0x08007388   0x08007388   0x00000520   Code   RO        11313    i.IMU_QuaternionEKF_xhatUpdate  quaternionekf.o
    0x080078a8   0x080078a8   0x00000070   Code   RO        11017    i.IMU_Temperature_Ctrl  ins_ekf_task.o
    0x08007918   0x08007918   0x000000a4   Code   RO        11018    i.INS_EKF_Init      ins_ekf_task.o
    0x080079bc   0x080079bc   0x00000290   Code   RO        11019    i.INS_EKF_Task      ins_ekf_task.o
    0x08007c4c   0x08007c4c   0x00000040   Code   RO        11678    i.KalmanCreate      kalman_filter.o
    0x08007c8c   0x08007c8c   0x00000086   Code   RO        11679    i.KalmanFilter      kalman_filter.o
    0x08007d12   0x08007d12   0x00000002   PAD
    0x08007d14   0x08007d14   0x0000070c   Code   RO        11380    i.Kalman_Filter_Init  kalman_filter_imu.o
    0x08008420   0x08008420   0x00000050   Code   RO        11381    i.Kalman_Filter_Measure  kalman_filter_imu.o
    0x08008470   0x08008470   0x00000068   Code   RO        11382    i.Kalman_Filter_P_Update  kalman_filter_imu.o
    0x080084d8   0x080084d8   0x00000068   Code   RO        11383    i.Kalman_Filter_PminusUpdate  kalman_filter_imu.o
    0x08008540   0x08008540   0x000000d2   Code   RO        11384    i.Kalman_Filter_SetK  kalman_filter_imu.o
    0x08008612   0x08008612   0x00000002   PAD
    0x08008614   0x08008614   0x00000128   Code   RO        11385    i.Kalman_Filter_Update  kalman_filter_imu.o
    0x0800873c   0x0800873c   0x0000007c   Code   RO        11386    i.Kalman_Filter_xhatMinusUpdate  kalman_filter_imu.o
    0x080087b8   0x080087b8   0x00000086   Code   RO        11387    i.Kalman_Filter_xhatUpdate  kalman_filter_imu.o
    0x0800883e   0x0800883e   0x00000002   PAD
    0x08008840   0x08008840   0x00000070   Code   RO          339    i.MX_ADC1_Init      adc.o
    0x080088b0   0x080088b0   0x00000070   Code   RO          340    i.MX_ADC3_Init      adc.o
    0x08008920   0x08008920   0x00000048   Code   RO          387    i.MX_CAN1_Init      can.o
    0x08008968   0x08008968   0x00000048   Code   RO          388    i.MX_CAN2_Init      can.o
    0x080089b0   0x080089b0   0x000000b8   Code   RO          434    i.MX_DMA_Init       dma.o
    0x08008a68   0x08008a68   0x0000006c   Code   RO          275    i.MX_FREERTOS_Init  freertos.o
    0x08008ad4   0x08008ad4   0x00000270   Code   RO          246    i.MX_GPIO_Init      gpio.o
    0x08008d44   0x08008d44   0x0000003c   Code   RO          460    i.MX_I2C3_Init      i2c.o
    0x08008d80   0x08008d80   0x00000048   Code   RO          568    i.MX_SPI1_Init      spi.o
    0x08008dc8   0x08008dc8   0x00000044   Code   RO          569    i.MX_SPI2_Init      spi.o
    0x08008e0c   0x08008e0c   0x0000006c   Code   RO          503    i.MX_TIM10_Init     tim.o
    0x08008e78   0x08008e78   0x000000d8   Code   RO          504    i.MX_TIM1_Init      tim.o
    0x08008f50   0x08008f50   0x000000a4   Code   RO          505    i.MX_TIM4_Init      tim.o
    0x08008ff4   0x08008ff4   0x000000c4   Code   RO          506    i.MX_TIM5_Init      tim.o
    0x080090b8   0x080090b8   0x00000038   Code   RO          616    i.MX_USART1_UART_Init  usart.o
    0x080090f0   0x080090f0   0x00000040   Code   RO          617    i.MX_USART3_UART_Init  usart.o
    0x08009130   0x08009130   0x00000038   Code   RO          618    i.MX_USART6_UART_Init  usart.o
    0x08009168   0x08009168   0x00000004   Code   RO          682    i.MemManage_Handler  stm32f4xx_it.o
    0x0800916c   0x0800916c   0x00000002   Code   RO          683    i.NMI_Handler       stm32f4xx_it.o
    0x0800916e   0x0800916e   0x00000002   PAD
    0x08009170   0x08009170   0x00000054   Code   RO        11159    i.Offset_reset      bmi088driver.o
    0x080091c4   0x080091c4   0x00000120   Code   RO        11020    i.PID_calc          ins_ekf_task.o
    0x080092e4   0x080092e4   0x00000060   Code   RO        11021    i.PID_init          ins_ekf_task.o
    0x08009344   0x08009344   0x00000054   Code   RO        11538    i.PVD_Config        bsp_pvd.o
    0x08009398   0x08009398   0x00000008   Code   RO          684    i.PVD_IRQHandler    stm32f4xx_it.o
    0x080093a0   0x080093a0   0x0000006c   Code   RO         6642    i.RAMP_Output       ramp.o
    0x0800940c   0x0800940c   0x0000006c   Code   RO         3234    i.SPI_EndRxTxTransaction  stm32f4xx_hal_spi.o
    0x08009478   0x08009478   0x000000a8   Code   RO         3239    i.SPI_WaitFlagStateUntilTimeout  stm32f4xx_hal_spi.o
    0x08009520   0x08009520   0x00000034   Code   RO         6368    i.SysTick_Handler   port.o
    0x08009554   0x08009554   0x000000b4   Code   RO           15    i.SystemClock_Config  main.o
    0x08009608   0x08009608   0x0000001c   Code   RO         4778    i.SystemInit        system_stm32f4xx.o
    0x08009624   0x08009624   0x000000f0   Code   RO         7543    i.System_Tasks_Init  task_init.o
    0x08009714   0x08009714   0x00000010   Code   RO          685    i.TIM6_DAC_IRQHandler  stm32f4xx_it.o
    0x08009724   0x08009724   0x000000d8   Code   RO         3597    i.TIM_Base_SetConfig  stm32f4xx_hal_tim.o
    0x080097fc   0x080097fc   0x00000022   Code   RO         3598    i.TIM_CCxChannelCmd  stm32f4xx_hal_tim.o
    0x0800981e   0x0800981e   0x00000016   Code   RO         3608    i.TIM_ETR_SetConfig  stm32f4xx_hal_tim.o
    0x08009834   0x08009834   0x00000012   Code   RO         3609    i.TIM_ITRx_SetConfig  stm32f4xx_hal_tim.o
    0x08009846   0x08009846   0x00000002   PAD
    0x08009848   0x08009848   0x00000070   Code   RO         3610    i.TIM_OC1_SetConfig  stm32f4xx_hal_tim.o
    0x080098b8   0x080098b8   0x0000007c   Code   RO         3611    i.TIM_OC2_SetConfig  stm32f4xx_hal_tim.o
    0x08009934   0x08009934   0x00000078   Code   RO         3612    i.TIM_OC3_SetConfig  stm32f4xx_hal_tim.o
    0x080099ac   0x080099ac   0x00000054   Code   RO         3613    i.TIM_OC4_SetConfig  stm32f4xx_hal_tim.o
    0x08009a00   0x08009a00   0x00000026   Code   RO         3615    i.TIM_TI1_ConfigInputStage  stm32f4xx_hal_tim.o
    0x08009a26   0x08009a26   0x00000028   Code   RO         3617    i.TIM_TI2_ConfigInputStage  stm32f4xx_hal_tim.o
    0x08009a4e   0x08009a4e   0x00000002   PAD
    0x08009a50   0x08009a50   0x000000b8   Code   RO         7571    i.Task_CAN1_Recv    task_can.o
    0x08009b08   0x08009b08   0x00000090   Code   RO         7573    i.Task_CAN2_Recv    task_can.o
    0x08009b98   0x08009b98   0x00000038   Code   RO         7696    i.Task_Control      task_control.o
    0x08009bd0   0x08009bd0   0x00000038   Code   RO         7671    i.Task_DR16_Recv    task_dr16.o
    0x08009c08   0x08009c08   0x0000001e   Code   RO         8028    i.Task_IMU_Process  task_imu.o
    0x08009c26   0x08009c26   0x00000002   PAD
    0x08009c28   0x08009c28   0x0000005c   Code   RO         7722    i.Task_VisionSend   task_vision.o
    0x08009c84   0x08009c84   0x00000014   Code   RO         4484    i.UART_DMAAbortOnError  stm32f4xx_hal_uart.o
    0x08009c98   0x08009c98   0x00000050   Code   RO         4485    i.UART_DMAError     stm32f4xx_hal_uart.o
    0x08009ce8   0x08009ce8   0x00000046   Code   RO         4486    i.UART_DMAReceiveCplt  stm32f4xx_hal_uart.o
    0x08009d2e   0x08009d2e   0x0000000e   Code   RO         4488    i.UART_DMARxHalfCplt  stm32f4xx_hal_uart.o
    0x08009d3c   0x08009d3c   0x00000036   Code   RO         4490    i.UART_DMATransmitCplt  stm32f4xx_hal_uart.o
    0x08009d72   0x08009d72   0x0000000e   Code   RO         4492    i.UART_DMATxHalfCplt  stm32f4xx_hal_uart.o
    0x08009d80   0x08009d80   0x00000020   Code   RO         4494    i.UART_EndRxTransfer  stm32f4xx_hal_uart.o
    0x08009da0   0x08009da0   0x00000020   Code   RO         4495    i.UART_EndTransmit_IT  stm32f4xx_hal_uart.o
    0x08009dc0   0x08009dc0   0x00000014   Code   RO         4496    i.UART_EndTxTransfer  stm32f4xx_hal_uart.o
    0x08009dd4   0x08009dd4   0x000000a6   Code   RO         4497    i.UART_Receive_IT   stm32f4xx_hal_uart.o
    0x08009e7a   0x08009e7a   0x00000002   PAD
    0x08009e7c   0x08009e7c   0x000003e8   Code   RO         4498    i.UART_SetConfig    stm32f4xx_hal_uart.o
    0x0800a264   0x0800a264   0x00000068   Code   RO         4499    i.UART_Transmit_IT  stm32f4xx_hal_uart.o
    0x0800a2cc   0x0800a2cc   0x00000018   Code   RO          686    i.USART1_IRQHandler  stm32f4xx_it.o
    0x0800a2e4   0x0800a2e4   0x00000018   Code   RO          687    i.USART3_IRQHandler  stm32f4xx_it.o
    0x0800a2fc   0x0800a2fc   0x00000018   Code   RO          688    i.USART6_IRQHandler  stm32f4xx_it.o
    0x0800a314   0x0800a314   0x000001c8   Code   RO         6773    i.Uart_Init         bsp_uart.o
    0x0800a4dc   0x0800a4dc   0x0000005c   Code   RO         6774    i.Uart_Receive_Handler  bsp_uart.o
    0x0800a538   0x0800a538   0x00000004   Code   RO          689    i.UsageFault_Handler  stm32f4xx_it.o
    0x0800a53c   0x0800a53c   0x00000030   Code   RO         8230    i.User_CAN1_RxCpltCallback  communication.o
    0x0800a56c   0x0800a56c   0x00000030   Code   RO         8231    i.User_CAN2_RxCpltCallback  communication.o
    0x0800a59c   0x0800a59c   0x00000014   Code   RO          276    i.User_SystemInit_Task  freertos.o
    0x0800a5b0   0x0800a5b0   0x000000f0   Code   RO         7081    i.User_System_Init  system_config.o
    0x0800a6a0   0x0800a6a0   0x00000024   Code   RO         8232    i.Vision_Radar_Recv_Callback  communication.o
    0x0800a6c4   0x0800a6c4   0x00000024   Code   RO         8233    i.Vision_Sentry_Recv_Callback  communication.o
    0x0800a6e8   0x0800a6e8   0x00000024   Code   RO         6894    i._Z16DeadZone_Processffff  dr16.o
    0x0800a70c   0x0800a70c   0x00000034   Code   RO         9927    i._Z19Get_CRC16_Check_SumPKhjt  control_vision.o
    0x0800a740   0x0800a740   0x0000003c   Code   RO         9928    i._Z22Append_CRC16_Check_SumPhj  control_vision.o
    0x0800a77c   0x0800a77c   0x00000040   Code   RO        11627    i._Z23init_vrefint_reciprocalv  bsp_adc.o
    0x0800a7bc   0x0800a7bc   0x0000000e   Code   RO         7630    i._ZN10MotorSpeed12update_speedEPh  task_can.o
    0x0800a7ca   0x0800a7ca   0x00000002   PAD
    0x0800a7cc   0x0800a7cc   0x0000004c   Code   RO         8571    i._ZN10MotorSpeedC2Eh  control_shoot.o
    0x0800a818   0x0800a818   0x00000008   Code   RO         7472    i._ZN10MotorSpeedD2Ev  system_datapool.o
    0x0800a820   0x0800a820   0x00000024   Code   RO         7618    i._ZN11Motor_M20066updateEPh  task_can.o
    0x0800a844   0x0800a844   0x0000005c   Code   RO         9282    i._ZN11Motor_M2006C1ERKS_  control_robot.o
    0x0800a8a0   0x0800a8a0   0x00000020   Code   RO         8577    i._ZN11Motor_M2006C1Eh  control_shoot.o
    0x0800a8c0   0x0800a8c0   0x0000000e   Code   RO         7463    i._ZN11Motor_M2006D1Ev  system_datapool.o
    0x0800a8ce   0x0800a8ce   0x0000002a   Code   RO         7624    i._ZN11Motor_M35086updateEPh  task_can.o
    0x0800a8f8   0x0800a8f8   0x00000024   Code   RO         8583    i._ZN11Motor_M3508C1Eh  control_shoot.o
    0x0800a91c   0x0800a91c   0x0000000e   Code   RO         7466    i._ZN11Motor_M3508D1Ev  system_datapool.o
    0x0800a92a   0x0800a92a   0x0000001a   Code   RO         8589    i._ZN11PositionPID11SetPIDParamEffffff  control_shoot.o
    0x0800a944   0x0800a944   0x000002bc   Code   RO         6444    i._ZN11PositionPID3CalEv  pid.o
    0x0800ac00   0x0800ac00   0x000000b4   Code   RO         8613    i._ZN11PositionPIDC1Ev  control_shoot.o
    0x0800acb4   0x0800acb4   0x00000002   Code   RO        10475    i._ZN12IMU_classdefC1Ev  dev_imu.o
    0x0800acb6   0x0800acb6   0x0000001a   Code   RO         8595    i._ZN12IncrementPID11SetPIDParamEffffff  control_shoot.o
    0x0800acd0   0x0800acd0   0x000000bc   Code   RO         8619    i._ZN12IncrementPIDC1Ev  control_shoot.o
    0x0800ad8c   0x0800ad8c   0x00000068   Code   RO        10643    i._ZN12LED_classdef11BLN_DisplayEj  dev_led.o
    0x0800adf4   0x0800adf4   0x00000028   Code   RO        10644    i._ZN12LED_classdef4InitEv  dev_led.o
    0x0800ae1c   0x0800ae1c   0x00000264   Code   RO        10645    i._ZN12LED_classdef8BLN_CtrlEv  dev_led.o
    0x0800b080   0x0800b080   0x00000018   Code   RO        10646    i._ZN12LED_classdefC1Ev  dev_led.o
    0x0800b098   0x0800b098   0x0000000c   Code   RO         9285    i._ZN12Motor_GM60205ResetEv  control_robot.o
    0x0800b0a4   0x0800b0a4   0x0000002a   Code   RO         7612    i._ZN12Motor_GM60206updateEPh  task_can.o
    0x0800b0ce   0x0800b0ce   0x00000002   PAD
    0x0800b0d0   0x0800b0d0   0x00000024   Code   RO         9599    i._ZN12Motor_GM6020C1Eh  control_chassis.o
    0x0800b0f4   0x0800b0f4   0x0000000e   Code   RO         7469    i._ZN12Motor_GM6020D1Ev  system_datapool.o
    0x0800b102   0x0800b102   0x00000040   Code   RO         6898    i._ZN13DR16_Classdef10IsKeyPressE9KeyList_e15KeyPress_Type_e  dr16.o
    0x0800b142   0x0800b142   0x00000002   PAD
    0x0800b144   0x0800b144   0x00000130   Code   RO         6899    i._ZN13DR16_Classdef11DataCaptureEP21DR16_DataPack_Typedef  dr16.o
    0x0800b274   0x0800b274   0x00000006   Code   RO         6900    i._ZN13DR16_Classdef11Get_DW_NormEv  dr16.o
    0x0800b27a   0x0800b27a   0x00000006   Code   RO         6901    i._ZN13DR16_Classdef11Get_LX_NormEv  dr16.o
    0x0800b280   0x0800b280   0x00000006   Code   RO         6902    i._ZN13DR16_Classdef11Get_LY_NormEv  dr16.o
    0x0800b286   0x0800b286   0x00000006   Code   RO         6903    i._ZN13DR16_Classdef11Get_RX_NormEv  dr16.o
    0x0800b28c   0x0800b28c   0x00000006   Code   RO         6904    i._ZN13DR16_Classdef11Get_RY_NormEv  dr16.o
    0x0800b292   0x0800b292   0x000000a4   Code   RO         6905    i._ZN13DR16_Classdef11Key_ProcessEv  dr16.o
    0x0800b336   0x0800b336   0x00000006   Code   RO         6908    i._ZN13DR16_Classdef15Get_MouseX_NormEv  dr16.o
    0x0800b33c   0x0800b33c   0x00000006   Code   RO         6909    i._ZN13DR16_Classdef15Get_MouseY_NormEv  dr16.o
    0x0800b342   0x0800b342   0x0000000c   Code   RO         6917    i._ZN13DR16_Classdef8Get_S1_LEv  dr16.o
    0x0800b34e   0x0800b34e   0x0000000c   Code   RO         6918    i._ZN13DR16_Classdef8Get_S2_REv  dr16.o
    0x0800b35a   0x0800b35a   0x0000004e   Code   RO         6920    i._ZN13DR16_ClassdefC1Ev  dr16.o
    0x0800b3a8   0x0800b3a8   0x0000001a   Code   RO         6581    i._ZN13LowPassFilter1fEf  filter.o
    0x0800b3c2   0x0800b3c2   0x0000000e   Code   RO         6582    i._ZN13LowPassFilter2inEf  filter.o
    0x0800b3d0   0x0800b3d0   0x00000022   Code   RO         6583    i._ZN13LowPassFilter3outEv  filter.o
    0x0800b3f2   0x0800b3f2   0x00000002   PAD
    0x0800b3f4   0x0800b3f4   0x00000018   Code   RO         9050    i._ZN13LowPassFilterC1Ef  control_dr16.o
    0x0800b40c   0x0800b40c   0x000001a4   Code   RO         9096    i._ZN14Robot_classdef13SendMsgtoCHASEv  control_robot.o
    0x0800b5b0   0x0800b5b0   0x00000006   Code   RO         9097    i._ZN14Robot_classdef14Get_AttackModeEv  control_robot.o
    0x0800b5b6   0x0800b5b6   0x00000006   Code   RO         9098    i._ZN14Robot_classdef14Get_CtrlSourceEv  control_robot.o
    0x0800b5bc   0x0800b5bc   0x00000006   Code   RO         9099    i._ZN14Robot_classdef14Get_GimbalModeEv  control_robot.o
    0x0800b5c2   0x0800b5c2   0x00000006   Code   RO         9100    i._ZN14Robot_classdef14Get_VisionModeEv  control_robot.o
    0x0800b5c8   0x0800b5c8   0x000000e0   Code   RO         9101    i._ZN14Robot_classdef14Set_AttackModeE17Attack_CtrlMode_e  control_robot.o
    0x0800b6a8   0x0800b6a8   0x0000002c   Code   RO         9102    i._ZN14Robot_classdef14Set_GimbalModeE17Gimbal_CtrlMode_e  control_robot.o
    0x0800b6d4   0x0800b6d4   0x00000068   Code   RO         9103    i._ZN14Robot_classdef14Set_VisionModeE12VisionMode_e  control_robot.o
    0x0800b73c   0x0800b73c   0x00000006   Code   RO         9104    i._ZN14Robot_classdef15Get_ChassisModeEv  control_robot.o
    0x0800b742   0x0800b742   0x00000008   Code   RO         9105    i._ZN14Robot_classdef15Get_DetectColorEv  control_robot.o
    0x0800b74a   0x0800b74a   0x00000002   PAD
    0x0800b74c   0x0800b74c   0x00000040   Code   RO         9106    i._ZN14Robot_classdef15Set_ChassisModeE15CHAS_CtrlMode_e  control_robot.o
    0x0800b78c   0x0800b78c   0x000001a8   Code   RO         9107    i._ZN14Robot_classdef16RefereeMsg_WriteEtPh  control_robot.o
    0x0800b934   0x0800b934   0x00000020   Code   RO         9108    i._ZN14Robot_classdef17CtrlSource_SwitchE18DR16Status_Typedef  control_robot.o
    0x0800b954   0x0800b954   0x00000006   Code   RO         9109    i._ZN14Robot_classdef18Get_ChassisPreModeEv  control_robot.o
    0x0800b95a   0x0800b95a   0x00000012   Code   RO         9110    i._ZN14Robot_classdef5ResetEv  control_robot.o
    0x0800b96c   0x0800b96c   0x00000014   Code   RO         9111    i._ZN14Robot_classdef6EnableEv  control_robot.o
    0x0800b980   0x0800b980   0x00000070   Code   RO         9113    i._ZN14Robot_classdef7ControlEv  control_robot.o
    0x0800b9f0   0x0800b9f0   0x00000064   Code   RO         9114    i._ZN14Robot_classdef7DisableEv  control_robot.o
    0x0800ba54   0x0800ba54   0x00000006   Code   RO         9115    i._ZN14Robot_classdef7Get_FPSEv  control_robot.o
    0x0800ba5a   0x0800ba5a   0x00000006   Code   RO         9116    i._ZN14Robot_classdef9Get_StateEv  control_robot.o
    0x0800ba60   0x0800ba60   0x00000008   Code   RO         9117    i._ZN14Robot_classdefC1Ev  control_robot.o
    0x0800ba68   0x0800ba68   0x00000018   Code   RO         8425    i._ZN14Shoot_classdef12Reload_ResetEv  control_shoot.o
    0x0800ba80   0x0800ba80   0x0000003e   Code   RO         8426    i._ZN14Shoot_classdef13Set_ReloadNumEt  control_shoot.o
    0x0800babe   0x0800babe   0x00000006   Code   RO         8428    i._ZN14Shoot_classdef14Get_SpeedLimitEv  control_shoot.o
    0x0800bac4   0x0800bac4   0x0000029c   Code   RO         8439    i._ZN14Shoot_classdefC1Ev  control_shoot.o
    0x0800bd60   0x0800bd60   0x00000048   Code   RO         7460    i._ZN14Shoot_classdefD1Ev  system_datapool.o
    0x0800bda8   0x0800bda8   0x00000006   Code   RO        10302    i._ZN15Buzzer_classdef4InitEP17TIM_HandleTypeDefj  dev_buzzer.o
    0x0800bdae   0x0800bdae   0x00000002   Code   RO        10304    i._ZN15Buzzer_classdefC1Ev  dev_buzzer.o
    0x0800bdb0   0x0800bdb0   0x00000138   Code   RO         9743    i._ZN15Gimbal_classdef10IMU_UpdateEPfS0_  control_gimbal.o
    0x0800bee8   0x0800bee8   0x0000000e   Code   RO         9744    i._ZN15Gimbal_classdef11Get_IMUGyroE13Gimbal_type_e  control_gimbal.o
    0x0800bef6   0x0800bef6   0x0000000e   Code   RO         9745    i._ZN15Gimbal_classdef12Get_IMUAngleE13Gimbal_type_e  control_gimbal.o
    0x0800bf04   0x0800bf04   0x00000308   Code   RO         9746    i._ZN15Gimbal_classdef13Motor_PIDCalcEv  control_gimbal.o
    0x0800c20c   0x0800c20c   0x000000ec   Code   RO         9747    i._ZN15Gimbal_classdef13Set_InitAngleEv  control_gimbal.o
    0x0800c2f8   0x0800c2f8   0x000000f4   Code   RO         9748    i._ZN15Gimbal_classdef14Pit_AngleLimitEv  control_gimbal.o
    0x0800c3ec   0x0800c3ec   0x0000003c   Code   RO         9749    i._ZN15Gimbal_classdef15Get_PitDeviateHEv  control_gimbal.o
    0x0800c428   0x0800c428   0x0000003c   Code   RO         9750    i._ZN15Gimbal_classdef15Get_PitDeviateLEv  control_gimbal.o
    0x0800c464   0x0800c464   0x00000078   Code   RO         9751    i._ZN15Gimbal_classdef15Get_TargetAngleE13Gimbal_type_e  control_gimbal.o
    0x0800c4dc   0x0800c4dc   0x00000014   Code   RO         9752    i._ZN15Gimbal_classdef15Get_YawDeviateCEf  control_gimbal.o
    0x0800c4f0   0x0800c4f0   0x00000048   Code   RO         9753    i._ZN15Gimbal_classdef15Set_PitCtrlModeE18GimbalMotor_Ctrl_e  control_gimbal.o
    0x0800c538   0x0800c538   0x00000058   Code   RO         9754    i._ZN15Gimbal_classdef15Set_YawCtrlModeE18GimbalMotor_Ctrl_e  control_gimbal.o
    0x0800c590   0x0800c590   0x0000000e   Code   RO         9756    i._ZN15Gimbal_classdef17Get_IMUTotalAngleE13Gimbal_type_e  control_gimbal.o
    0x0800c59e   0x0800c59e   0x00000002   PAD
    0x0800c5a0   0x0800c5a0   0x000003a0   Code   RO         9759    i._ZN15Gimbal_classdef18TargetAngle_UpdateEff  control_gimbal.o
    0x0800c940   0x0800c940   0x0000010c   Code   RO         9760    i._ZN15Gimbal_classdef7ControlEv  control_gimbal.o
    0x0800ca4c   0x0800ca4c   0x000003d0   Code   RO         9761    i._ZN15Gimbal_classdefC1Ev  control_gimbal.o
    0x0800ce1c   0x0800ce1c   0x0000002c   Code   RO         7457    i._ZN15Gimbal_classdefD1Ev  system_datapool.o
    0x0800ce48   0x0800ce48   0x00000030   Code   RO         9936    i._ZN15Vision_classdef14Radar_SendToPCEP21Sentry_RadarSendMsg_u  control_vision.o
    0x0800ce78   0x0800ce78   0x0000000c   Code   RO         9937    i._ZN15Vision_classdef15Get_DepthOffsetEv  control_vision.o
    0x0800ce84   0x0800ce84   0x00000080   Code   RO         9938    i._ZN15Vision_classdef15Sentry_SendToPCEP22Sentry_VisionSendMsg_u  control_vision.o
    0x0800cf04   0x0800cf04   0x000001e8   Code   RO         9940    i._ZN15Vision_classdef16Radar_RecvFromPCEPht  control_vision.o
    0x0800d0ec   0x0800d0ec   0x00000220   Code   RO         9943    i._ZN15Vision_classdef17Sentry_RecvFromPCEPht  control_vision.o
    0x0800d30c   0x0800d30c   0x00000008   Code   RO         9945    i._ZN15Vision_classdef9Get_EnemyEv  control_vision.o
    0x0800d314   0x0800d314   0x00000002   Code   RO         9947    i._ZN15Vision_classdefC1Ev  control_vision.o
    0x0800d316   0x0800d316   0x00000002   PAD
    0x0800d318   0x0800d318   0x00000114   Code   RO         9359    i._ZN16Chassis_classdef10Swing_CtrlEPfS0_S0_  control_chassis.o
    0x0800d42c   0x0800d42c   0x000002b0   Code   RO         9361    i._ZN16Chassis_classdef11Follow_CtrlEPfS0_S0_  control_chassis.o
    0x0800d6dc   0x0800d6dc   0x00000008   Code   RO         9363    i._ZN16Chassis_classdef12Get_TargetVwEv  control_chassis.o
    0x0800d6e4   0x0800d6e4   0x00000008   Code   RO         9364    i._ZN16Chassis_classdef12Get_TargetVxEv  control_chassis.o
    0x0800d6ec   0x0800d6ec   0x00000008   Code   RO         9365    i._ZN16Chassis_classdef12Get_TargetVyEv  control_chassis.o
    0x0800d6f4   0x0800d6f4   0x00000214   Code   RO         9370    i._ZN16Chassis_classdef13ReFollow_CtrlEPfS0_S0_  control_chassis.o
    0x0800d908   0x0800d908   0x000000a8   Code   RO         9373    i._ZN16Chassis_classdef14AutoTrack_CtrlEPfS0_S0_  control_chassis.o
    0x0800d9b0   0x0800d9b0   0x00000006   Code   RO         9374    i._ZN16Chassis_classdef14Get_PowerLimitEv  control_chassis.o
    0x0800d9b6   0x0800d9b6   0x00000002   PAD
    0x0800d9b8   0x0800d9b8   0x00000028   Code   RO         9375    i._ZN16Chassis_classdef14NotFollwe_CtrlEPfS0_S0_  control_chassis.o
    0x0800d9e0   0x0800d9e0   0x00000062   Code   RO         9376    i._ZN16Chassis_classdef15Speed_DecomposeEfPfS0_  control_chassis.o
    0x0800da42   0x0800da42   0x00000002   PAD
    0x0800da44   0x0800da44   0x000001f4   Code   RO         9378    i._ZN16Chassis_classdef16Sentry_Spin_CtrlEPfS0_S0_  control_chassis.o
    0x0800dc38   0x0800dc38   0x00000048   Code   RO         9384    i._ZN16Chassis_classdef6IsMoveEv  control_chassis.o
    0x0800dc80   0x0800dc80   0x00000148   Code   RO         9385    i._ZN16Chassis_classdef7ControlEv  control_chassis.o
    0x0800ddc8   0x0800ddc8   0x0000011c   Code   RO         9386    i._ZN16Chassis_classdef7ProcessEfff  control_chassis.o
    0x0800dee4   0x0800dee4   0x00000006   Code   RO         9387    i._ZN16Chassis_classdef8Cap_CtrlEh  control_chassis.o
    0x0800deea   0x0800deea   0x000000ea   Code   RO         9388    i._ZN16Chassis_classdef8Drv_SlowEPfff  control_chassis.o
    0x0800dfd4   0x0800dfd4   0x0000029c   Code   RO         9389    i._ZN16Chassis_classdef9Spin_CtrlEPfS0_S0_  control_chassis.o
    0x0800e270   0x0800e270   0x000001f4   Code   RO         9390    i._ZN16Chassis_classdefC1Ev  control_chassis.o
    0x0800e464   0x0800e464   0x00000048   Code   RO         7454    i._ZN16Chassis_classdefD1Ev  system_datapool.o
    0x0800e4ac   0x0800e4ac   0x00000006   Code   RO         8957    i._ZN18CTRL_DR16_classdef10Get_ExptVwEv  control_dr16.o
    0x0800e4b2   0x0800e4b2   0x00000006   Code   RO         8958    i._ZN18CTRL_DR16_classdef10Get_ExptVxEv  control_dr16.o
    0x0800e4b8   0x0800e4b8   0x00000006   Code   RO         8959    i._ZN18CTRL_DR16_classdef10Get_ExptVyEv  control_dr16.o
    0x0800e4be   0x0800e4be   0x00000006   Code   RO         8960    i._ZN18CTRL_DR16_classdef11Get_ExptPitEv  control_dr16.o
    0x0800e4c4   0x0800e4c4   0x00000006   Code   RO         8961    i._ZN18CTRL_DR16_classdef11Get_ExptYawEv  control_dr16.o
    0x0800e4ca   0x0800e4ca   0x00000002   PAD
    0x0800e4cc   0x0800e4cc   0x000005d4   Code   RO         8964    i._ZN18CTRL_DR16_classdef13PCCtrl_UpdateEv  control_dr16.o
    0x0800eaa0   0x0800eaa0   0x0000021c   Code   RO         8965    i._ZN18CTRL_DR16_classdef13RCCtrl_UpdateEv  control_dr16.o
    0x0800ecbc   0x0800ecbc   0x00000030   Code   RO         8966    i._ZN18CTRL_DR16_classdef14ExptData_ResetEv  control_dr16.o
    0x0800ecec   0x0800ecec   0x00000404   Code   RO         8967    i._ZN18CTRL_DR16_classdef16LeverMode_UpdateEv  control_dr16.o
    0x0800f0f0   0x0800f0f0   0x0000005c   Code   RO         8968    i._ZN18CTRL_DR16_classdef17CTRLSource_UpdateEv  control_dr16.o
    0x0800f14c   0x0800f14c   0x00000098   Code   RO         8969    i._ZN18CTRL_DR16_classdefC1Ev  control_dr16.o
    0x0800f1e4   0x0800f1e4   0x0000001c   Code   RO         7451    i._ZN18CTRL_DR16_classdefD1Ev  system_datapool.o
    0x0800f200   0x0800f200   0x00000064   Code   RO        10083    i._ZN19kalmanfilter_Init_tC1Ev  control_vision.o
    0x0800f264   0x0800f264   0x00000004   Code   RO        10152    i._ZN20SerialDebug_classdef9Uart_InitEP20__UART_HandleTypeDef  serialdebug.o
    0x0800f268   0x0800f268   0x00000038   Code   RO        10153    i._ZN20SerialDebug_classdefC1Ev  serialdebug.o
    0x0800f2a0   0x0800f2a0   0x0000000c   Code   RO         8342    i._ZN23DevicesMonitor_classdef6UpdateE11FrameType_e  devices_monitor.o
    0x0800f2ac   0x0800f2ac   0x00000070   Code   RO         8343    i._ZN23DevicesMonitor_classdef7Get_FPSEP11WorldTime_tPt  devices_monitor.o
    0x0800f31c   0x0800f31c   0x00000030   Code   RO         8344    i._ZN23DevicesMonitor_classdef9Get_StateEj  devices_monitor.o
    0x0800f34c   0x0800f34c   0x0000003c   Code   RO        11628    i._ZN30_INTERNAL_9_BSP_ADC_c_a9b4e7c218adcx_get_chx_valueEP17ADC_HandleTypeDefj  bsp_adc.o
    0x0800f388   0x0800f388   0x00000014   Code   RO         9291    i._ZN9MotorBase11Reset_angleEv  control_robot.o
    0x0800f39c   0x0800f39c   0x000000cc   Code   RO         7605    i._ZN9MotorBase12update_angleEPh  task_can.o
    0x0800f468   0x0800f468   0x0000000e   Code   RO         8607    i._ZNK10MotorSpeed8getSpeedEv  control_shoot.o
    0x0800f476   0x0800f476   0x00000002   PAD
    0x0800f478   0x0800f478   0x0000000c   Code   RO         8708    i._ZNK11Motor_M200611MAX_CURRENTEv  control_shoot.o
    0x0800f484   0x0800f484   0x00000008   Code   RO         8696    i._ZNK11Motor_M200611SEND_ID_LOWEv  control_shoot.o
    0x0800f48c   0x0800f48c   0x00000008   Code   RO         8702    i._ZNK11Motor_M200612SEND_ID_HIGHEv  control_shoot.o
    0x0800f494   0x0800f494   0x0000000c   Code   RO         8741    i._ZNK11Motor_M350811MAX_CURRENTEv  control_shoot.o
    0x0800f4a0   0x0800f4a0   0x00000008   Code   RO         8729    i._ZNK11Motor_M350811SEND_ID_LOWEv  control_shoot.o
    0x0800f4a8   0x0800f4a8   0x00000008   Code   RO         8735    i._ZNK11Motor_M350812SEND_ID_HIGHEv  control_shoot.o
    0x0800f4b0   0x0800f4b0   0x0000000c   Code   RO         9611    i._ZNK9MotorBase10getencoderEv  control_chassis.o
    0x0800f4bc   0x0800f4bc   0x0000000a   Code   RO         8601    i._ZNK9MotorBase16get_totalencoderEv  control_shoot.o
    0x0800f4c6   0x0800f4c6   0x00000002   PAD
    0x0800f4c8   0x0800f4c8   0x0000000c   Code   RO         8675    i._ZNK9MotorBase19ENCODER_ANGLE_RATIOEv  control_shoot.o
    0x0800f4d4   0x0800f4d4   0x00000006   Code   RO         9605    i._ZNK9MotorBase8getAngleEv  control_chassis.o
    0x0800f4da   0x0800f4da   0x0000000a   Code   RO         8625    i._ZSt3absf         control_shoot.o
    0x0800f4e4   0x0800f4e4   0x00000018   Code   RO         6485    i._ZSt3expf         pid.o
    0x0800f4fc   0x0800f4fc   0x00000022   Code   RO         9623    i._ZSt3powfi        control_chassis.o
    0x0800f51e   0x0800f51e   0x0000000a   Code   RO         9617    i._ZSt4fabsf        control_chassis.o
    0x0800f528   0x0800f528   0x00000026   Code   RO        12641    i.__ARM_fpclassifyf  m_wm.l(fpclassifyf.o)
    0x0800f54e   0x0800f54e   0x00000002   PAD
    0x0800f550   0x0800f550   0x00000010   Code   RO         2081    i.__NVIC_GetPriorityGrouping  stm32f4xx_hal_cortex.o
    0x0800f560   0x0800f560   0x00000028   Code   RO         2082    i.__NVIC_SetPriority  stm32f4xx_hal_cortex.o
    0x0800f588   0x0800f588   0x00000024   Code   RO        12281    i.__aeabi_vec_ctor_nocookie_nodtor  cpprt_w.l(aeabi_vec_ctor_nocookie_nodtor.o)
    0x0800f5ac   0x0800f5ac   0x00000118   Code   RO        12319    i.__hardfp_acosf    m_wm.l(acosf.o)
    0x0800f6c4   0x0800f6c4   0x0000012c   Code   RO        12331    i.__hardfp_asinf    m_wm.l(asinf.o)
    0x0800f7f0   0x0800f7f0   0x000002ac   Code   RO        12357    i.__hardfp_atan2f   m_wm.l(atan2f.o)
    0x0800fa9c   0x0800fa9c   0x000001e8   Code   RO        12369    i.__hardfp_expf     m_wm.l(expf.o)
    0x0800fc84   0x0800fc84   0x00000664   Code   RO        12383    i.__hardfp_powf     m_wm.l(powf.o)
    0x080102e8   0x080102e8   0x0000003a   Code   RO        12397    i.__hardfp_sqrtf    m_wm.l(sqrtf_full.o)
    0x08010322   0x08010322   0x00000002   PAD
    0x08010324   0x08010324   0x00000014   Code   RO        12643    i.__mathlib_flt_divzero  m_wm.l(funder.o)
    0x08010338   0x08010338   0x00000006   Code   RO        12644    i.__mathlib_flt_infnan  m_wm.l(funder.o)
    0x0801033e   0x0801033e   0x00000006   Code   RO        12645    i.__mathlib_flt_infnan2  m_wm.l(funder.o)
    0x08010344   0x08010344   0x00000010   Code   RO        12646    i.__mathlib_flt_invalid  m_wm.l(funder.o)
    0x08010354   0x08010354   0x00000010   Code   RO        12647    i.__mathlib_flt_overflow  m_wm.l(funder.o)
    0x08010364   0x08010364   0x00000010   Code   RO        12649    i.__mathlib_flt_underflow  m_wm.l(funder.o)
    0x08010374   0x08010374   0x00000010   Code   RO        10305    i.__sti___14_Dev_Buzzer_cpp_Buzzer  dev_buzzer.o
    0x08010384   0x08010384   0x00000010   Code   RO        10154    i.__sti___15_SerialDebug_cpp_955582f0  serialdebug.o
    0x08010394   0x08010394   0x00000018   Code   RO         9948    i.__sti___18_Control_Vision_cpp_da60bcbb  control_vision.o
    0x080103ac   0x080103ac   0x000000b0   Code   RO         7430    i.__sti___19_System_DataPool_cpp_DR16  system_datapool.o
    0x0801045c   0x0801045c   0x0000016c   Code   RO        11160    i.bmi088_accel_init  bmi088driver.o
    0x080105c8   0x080105c8   0x00000130   Code   RO        11161    i.bmi088_gyro_init  bmi088driver.o
    0x080106f8   0x080106f8   0x00000158   Code   RO        11162    i.bmi088_init       bmi088driver.o
    0x08010850   0x08010850   0x00000014   Code   RO        11163    i.cail_data_read    bmi088driver.o
    0x08010864   0x08010864   0x0000001c   Code   RO        11164    i.cali_data_write   bmi088driver.o
    0x08010880   0x08010880   0x00000038   Code   RO         6840    i.flash_erase_address  bsp_flash.o
    0x080108b8   0x080108b8   0x00000014   Code   RO         6841    i.flash_read        bsp_flash.o
    0x080108cc   0x080108cc   0x000000a4   Code   RO         6843    i.flash_write_single_address  bsp_flash.o
    0x08010970   0x08010970   0x0000002a   Code   RO        11024    i.float_constrain   ins_ekf_task.o
    0x0801099a   0x0801099a   0x00000002   PAD
    0x0801099c   0x0801099c   0x00000048   Code   RO        11025    i.float_rounding    ins_ekf_task.o
    0x080109e4   0x080109e4   0x000000e8   Code   RO         6844    i.get_next_flash_address  bsp_flash.o
    0x08010acc   0x08010acc   0x000000f4   Code   RO         6845    i.get_sector        bsp_flash.o
    0x08010bc0   0x08010bc0   0x0000003c   Code   RO        11314    i.invSqrt           quaternionekf.o
    0x08010bfc   0x08010bfc   0x0000005c   Code   RO           16    i.main              main.o
    0x08010c58   0x08010c58   0x0000000e   Code   RO         5936    i.makeFreeRtosPriority  cmsis_os.o
    0x08010c66   0x08010c66   0x0000000a   Code   RO         5941    i.osKernelStart     cmsis_os.o
    0x08010c70   0x08010c70   0x00000028   Code   RO         5950    i.osMessageCreate   cmsis_os.o
    0x08010c98   0x08010c98   0x0000005e   Code   RO         5975    i.osThreadCreate    cmsis_os.o
    0x08010cf6   0x08010cf6   0x0000000e   Code   RO         5986    i.osThreadTerminate  cmsis_os.o
    0x08010d04   0x08010d04   0x00000098   Code   RO         5437    i.prvAddCurrentTaskToDelayedList  tasks.o
    0x08010d9c   0x08010d9c   0x000000b4   Code   RO         5438    i.prvAddNewTaskToReadyList  tasks.o
    0x08010e50   0x08010e50   0x00000074   Code   RO         5783    i.prvCheckForValidListAndQueue  timers.o
    0x08010ec4   0x08010ec4   0x00000048   Code   RO         5439    i.prvCheckTasksWaitingTermination  tasks.o
    0x08010f0c   0x08010f0c   0x0000002a   Code   RO         5096    i.prvCopyDataFromQueue  queue.o
    0x08010f36   0x08010f36   0x0000007e   Code   RO         5097    i.prvCopyDataToQueue  queue.o
    0x08010fb4   0x08010fb4   0x00000050   Code   RO         5440    i.prvDeleteTCB      tasks.o
    0x08011004   0x08011004   0x00000028   Code   RO         5784    i.prvGetNextExpireTime  timers.o
    0x0801102c   0x0801102c   0x0000007c   Code   RO         6318    i.prvHeapInit       heap_4.o
    0x080110a8   0x080110a8   0x00000028   Code   RO         5441    i.prvIdleTask       tasks.o
    0x080110d0   0x080110d0   0x00000026   Code   RO         5100    i.prvInitialiseNewQueue  queue.o
    0x080110f6   0x080110f6   0x000000be   Code   RO         5442    i.prvInitialiseNewTask  tasks.o
    0x080111b4   0x080111b4   0x00000068   Code   RO         5443    i.prvInitialiseTaskLists  tasks.o
    0x0801121c   0x0801121c   0x00000068   Code   RO         6319    i.prvInsertBlockIntoFreeList  heap_4.o
    0x08011284   0x08011284   0x00000058   Code   RO         5786    i.prvInsertTimerInActiveList  timers.o
    0x080112dc   0x080112dc   0x0000001a   Code   RO         5101    i.prvIsQueueEmpty   queue.o
    0x080112f6   0x080112f6   0x0000001e   Code   RO         5102    i.prvIsQueueFull    queue.o
    0x08011314   0x08011314   0x00000074   Code   RO         5787    i.prvProcessExpiredTimer  timers.o
    0x08011388   0x08011388   0x00000138   Code   RO         5788    i.prvProcessReceivedCommands  timers.o
    0x080114c0   0x080114c0   0x00000074   Code   RO         5789    i.prvProcessTimerOrBlockTask  timers.o
    0x08011534   0x08011534   0x00000034   Code   RO         5444    i.prvResetNextTaskUnblockTime  tasks.o
    0x08011568   0x08011568   0x0000002c   Code   RO         5790    i.prvSampleTimeNow  timers.o
    0x08011594   0x08011594   0x000000a4   Code   RO         5791    i.prvSwitchTimerLists  timers.o
    0x08011638   0x08011638   0x00000040   Code   RO         6369    i.prvTaskExitError  port.o
    0x08011678   0x08011678   0x0000001a   Code   RO         5792    i.prvTimerTask      timers.o
    0x08011692   0x08011692   0x0000007e   Code   RO         5103    i.prvUnlockQueue    queue.o
    0x08011710   0x08011710   0x0000013c   Code   RO         6320    i.pvPortMalloc      heap_4.o
    0x0801184c   0x0801184c   0x0000002c   Code   RO         6370    i.pxPortInitialiseStack  port.o
    0x08011878   0x08011878   0x0000003e   Code   RO        12399    i.sqrtf             m_wm.l(sqrtf_full.o)
    0x080118b6   0x080118b6   0x00000028   Code   RO         5056    i.uxListRemove      list.o
    0x080118de   0x080118de   0x00000002   PAD
    0x080118e0   0x080118e0   0x00000018   Code   RO          277    i.vApplicationGetIdleTaskMemory  freertos.o
    0x080118f8   0x080118f8   0x00000018   Code   RO          278    i.vApplicationGetTimerTaskMemory  freertos.o
    0x08011910   0x08011910   0x0000001a   Code   RO         5057    i.vListInitialise   list.o
    0x0801192a   0x0801192a   0x00000006   Code   RO         5058    i.vListInitialiseItem  list.o
    0x08011930   0x08011930   0x00000034   Code   RO         5059    i.vListInsert       list.o
    0x08011964   0x08011964   0x00000018   Code   RO         5060    i.vListInsertEnd    list.o
    0x0801197c   0x0801197c   0x00000054   Code   RO         6372    i.vPortEnterCritical  port.o
    0x080119d0   0x080119d0   0x0000003c   Code   RO         6373    i.vPortExitCritical  port.o
    0x08011a0c   0x08011a0c   0x00000094   Code   RO         6321    i.vPortFree         heap_4.o
    0x08011aa0   0x08011aa0   0x00000028   Code   RO         6374    i.vPortSetupTimerInterrupt  port.o
    0x08011ac8   0x08011ac8   0x00000078   Code   RO         6375    i.vPortValidateInterruptPriority  port.o
    0x08011b40   0x08011b40   0x0000002c   Code   RO         5107    i.vQueueAddToRegistry  queue.o
    0x08011b6c   0x08011b6c   0x0000004a   Code   RO         5110    i.vQueueWaitForMessageRestricted  queue.o
    0x08011bb6   0x08011bb6   0x00000002   PAD
    0x08011bb8   0x08011bb8   0x000000d4   Code   RO         5456    i.vTaskDelayUntil   tasks.o
    0x08011c8c   0x08011c8c   0x000000f4   Code   RO         5457    i.vTaskDelete       tasks.o
    0x08011d80   0x08011d80   0x00000018   Code   RO         5459    i.vTaskInternalSetTimeOutState  tasks.o
    0x08011d98   0x08011d98   0x0000000c   Code   RO         5460    i.vTaskMissedYield  tasks.o
    0x08011da4   0x08011da4   0x00000038   Code   RO         5462    i.vTaskPlaceOnEventList  tasks.o
    0x08011ddc   0x08011ddc   0x00000040   Code   RO         5463    i.vTaskPlaceOnEventListRestricted  tasks.o
    0x08011e1c   0x08011e1c   0x000000b8   Code   RO         5470    i.vTaskStartScheduler  tasks.o
    0x08011ed4   0x08011ed4   0x00000010   Code   RO         5472    i.vTaskSuspendAll   tasks.o
    0x08011ee4   0x08011ee4   0x0000008c   Code   RO         5473    i.vTaskSwitchContext  tasks.o
    0x08011f70   0x08011f70   0x00000168   Code   RO         6376    i.xPortStartScheduler  port.o
    0x080120d8   0x080120d8   0x00000060   Code   RO         5113    i.xQueueGenericCreate  queue.o
    0x08012138   0x08012138   0x000000e0   Code   RO         5114    i.xQueueGenericCreateStatic  queue.o
    0x08012218   0x08012218   0x00000098   Code   RO         5115    i.xQueueGenericReset  queue.o
    0x080122b0   0x080122b0   0x000001a8   Code   RO         5116    i.xQueueGenericSend  queue.o
    0x08012458   0x08012458   0x000000f8   Code   RO         5117    i.xQueueGenericSendFromISR  queue.o
    0x08012550   0x08012550   0x00000168   Code   RO         5123    i.xQueueReceive     queue.o
    0x080126b8   0x080126b8   0x0000008c   Code   RO         5474    i.xTaskCheckForTimeOut  tasks.o
    0x08012744   0x08012744   0x00000064   Code   RO         5475    i.xTaskCreate       tasks.o
    0x080127a8   0x080127a8   0x000000ba   Code   RO         5476    i.xTaskCreateStatic  tasks.o
    0x08012862   0x08012862   0x00000002   PAD
    0x08012864   0x08012864   0x00000168   Code   RO         5478    i.xTaskGenericNotifyFromISR  tasks.o
    0x080129cc   0x080129cc   0x00000020   Code   RO         5481    i.xTaskGetSchedulerState  tasks.o
    0x080129ec   0x080129ec   0x0000000c   Code   RO         5482    i.xTaskGetTickCount  tasks.o
    0x080129f8   0x080129f8   0x00000148   Code   RO         5484    i.xTaskIncrementTick  tasks.o
    0x08012b40   0x08012b40   0x000000a0   Code   RO         5486    i.xTaskNotifyWait   tasks.o
    0x08012be0   0x08012be0   0x000000c8   Code   RO         5487    i.xTaskPriorityDisinherit  tasks.o
    0x08012ca8   0x08012ca8   0x00000098   Code   RO         5489    i.xTaskRemoveFromEventList  tasks.o
    0x08012d40   0x08012d40   0x00000104   Code   RO         5490    i.xTaskResumeAll    tasks.o
    0x08012e44   0x08012e44   0x00000078   Code   RO         5798    i.xTimerCreateTimerTask  timers.o
    0x08012ebc   0x08012ebc   0x00000084   Code   RO         5799    i.xTimerGenericCommand  timers.o
    0x08012f40   0x08012f40   0x0000002c   Code   RO         9275    t._Z12MotorMsgSendI11Motor_M2006EvP19__CAN_HandleTypeDefRT_  control_robot.o
    0x08012f6c   0x08012f6c   0x0000016e   Code   RO         9267    t._Z12MotorMsgSendI11Motor_M2006Li1EEvP19__CAN_HandleTypeDefRAT0__T_  control_robot.o
    0x080130da   0x080130da   0x0000014a   Code   RO         9259    t._Z12MotorMsgSendI11Motor_M3508Li4EEvP19__CAN_HandleTypeDefRAT0__T_  control_robot.o
    0x08013224   0x08013224   0x00000028   Code   RO         6478    t._Z14_pid_ConstrainIfEvPT_S0_S0_  pid.o
    0x0801324c   0x0801324c   0x00000028   Code   RO         9252    t._Z16_motor_ConstrainIfEvPT_S0_S0_  control_robot.o
    0x08013274   0x08013274   0x0000001a   Code   RO         6471    t._Z8_pid_AbsIfET_S0_  pid.o
    0x0801328e   0x0801328e   0x00000028   Code   RO         6674    t._Z9ConstrainIfEvPT_S0_S0_  ramp.o
    0x080132b6   0x080132b6   0x00000002   PAD
    0x080132b8   0x080132b8   0x000002c4   Code   RO        12287    x$fpl$d2f           g_wm.l(d2f_clz.o)
    0x0801357c   0x0801357c   0x0000024c   Code   RO        12289    x$fpl$dadd          g_wm.l(daddsub_clz.o)
    0x080137c8   0x080137c8   0x00000018   Code   RO        12596    x$fpl$dcmpinf       g_wm.l(dcmpi.o)
    0x080137e0   0x080137e0   0x0000037c   Code   RO        12296    x$fpl$ddiv          g_wm.l(ddiv_clz.o)
    0x08013b5c   0x08013b5c   0x000000dc   Code   RO        12299    x$fpl$dfixu         g_wm.l(dfixu.o)
    0x08013c38   0x08013c38   0x0000001a   Code   RO        12305    x$fpl$dfltn         g_wm.l(dflt_clz.o)
    0x08013c52   0x08013c52   0x00000026   Code   RO        12303    x$fpl$dfltu         g_wm.l(dflt_clz.o)
    0x08013c78   0x08013c78   0x00000078   Code   RO        12309    x$fpl$dleqf         g_wm.l(dleqf.o)
    0x08013cf0   0x08013cf0   0x000001c0   Code   RO        12311    x$fpl$dmul          g_wm.l(dmul_clz.o)
    0x08013eb0   0x08013eb0   0x00000102   Code   RO        12598    x$fpl$dnaninf       g_wm.l(dnaninf.o)
    0x08013fb2   0x08013fb2   0x00000070   Code   RO        12600    x$fpl$drenorm       g_wm.l(drenorm_clz.o)
    0x08014022   0x08014022   0x0000000c   Code   RO        12602    x$fpl$dretinf       g_wm.l(dretinf.o)
    0x0801402e   0x0801402e   0x00000002   PAD
    0x08014030   0x08014030   0x0000029c   Code   RO        12291    x$fpl$dsub          g_wm.l(daddsub_clz.o)
    0x080142cc   0x080142cc   0x0000017a   Code   RO        12604    x$fpl$dunder        g_wm.l(dunder_clz.o)
    0x08014446   0x08014446   0x00000002   PAD
    0x08014448   0x08014448   0x000001ec   Code   RO        12606    x$fpl$exception     g_wm.l(except.o)
    0x08014634   0x08014634   0x0000007a   Code   RO        12313    x$fpl$f2d           g_wm.l(f2d.o)
    0x080146ae   0x080146ae   0x0000009e   Code   RO        12315    x$fpl$ffltll        g_wm.l(ffltll_clz.o)
    0x0801474c   0x0801474c   0x000000f2   Code   RO        12608    x$fpl$fnaninf       g_wm.l(fnaninf.o)
    0x0801483e   0x0801483e   0x0000000a   Code   RO        12792    x$fpl$fpinit        g_wm.l(fpinit.o)
    0x08014848   0x08014848   0x0000000a   Code   RO        12610    x$fpl$fretinf       g_wm.l(fretinf.o)
    0x08014852   0x08014852   0x0000013c   Code   RO        12612    x$fpl$funder        g_wm.l(funder_clz.o)
    0x0801498e   0x0801498e   0x00000002   PAD
    0x08014990   0x08014990   0x00000020   Code   RO        12614    x$fpl$ieeestatus    g_wm.l(istatus.o)
    0x080149b0   0x080149b0   0x000000b2   Code   RO        12794    x$fpl$retnan        g_wm.l(retnan.o)
    0x08014a62   0x08014a62   0x0000007e   Code   RO        12616    x$fpl$trapveneer    g_wm.l(trapv.o)
    0x08014ae0   0x08014ae0   0x00000000   Code   RO        12618    x$fpl$usenofp       g_wm.l(usenofp.o)
    0x08014ae0   0x08014ae0   0x0000003c   Data   RO          280    .constdata          freertos.o
    0x08014b1c   0x08014b1c   0x00000008   Data   RO         1798    .constdata          stm32f4xx_hal_dma.o
    0x08014b24   0x08014b24   0x00000018   Data   RO         4781    .constdata          system_stm32f4xx.o
    0x08014b3c   0x08014b3c   0x0000001a   Data   RO         7433    .constdata          system_datapool.o
    0x08014b56   0x08014b56   0x00000002   PAD
    0x08014b58   0x08014b58   0x00000024   Data   RO         8463    .constdata          control_shoot.o
    0x08014b7c   0x08014b7c   0x00000250   Data   RO         9973    .constdata          control_vision.o
    0x08014dcc   0x08014dcc   0x0000006e   Data   RO        10164    .constdata          serialdebug.o
    0x08014e3a   0x08014e3a   0x00000002   PAD
    0x08014e3c   0x08014e3c   0x0000001c   Data   RO        10651    .constdata          dev_led.o
    0x08014e58   0x08014e58   0x0000003c   Data   RO        11027    .constdata          ins_ekf_task.o
    0x08014e94   0x08014e94   0x00000090   Data   RO        11316    .constdata          quaternionekf.o
    0x08014f24   0x08014f24   0x00000804   Data   RO        12020    .constdata          arm_cortexM4lf_math.lib(arm_common_tables.o)
    0x08015728   0x08015728   0x00000030   Data   RO        12372    .constdata          m_wm.l(expf.o)
    0x08015758   0x08015758   0x00000140   Data   RO        12386    .constdata          m_wm.l(powf.o)
    0x08015898   0x08015898   0x0000002c   Data   RO         8634    .constdata__ZTV10MotorSpeed  control_shoot.o
    0x080158c4   0x080158c4   0x00000038   Data   RO         8636    .constdata__ZTV11Motor_M2006  control_shoot.o
    0x080158fc   0x080158fc   0x00000034   Data   RO         8638    .constdata__ZTV11Motor_M3508  control_shoot.o
    0x08015930   0x08015930   0x00000038   Data   RO         9642    .constdata__ZTV12Motor_GM6020  control_chassis.o
    0x08015968   0x08015968   0x00000028   Data   RO         8632    .constdata__ZTV9MotorBase  control_shoot.o
    0x08015990   0x08015990   0x0000000e   Data   RO          281    .conststring        freertos.o
    0x0801599e   0x0801599e   0x00000002   PAD
    0x080159a0   0x080159a0   0x00000020   Data   RO        12891    Region$$Table       anon$$obj.o
    0x080159c0   0x080159c0   0x00000004   Data   RO         7435    .init_array         system_datapool.o
    0x080159c4   0x080159c0   0x00000004   Data   RO         9975    .init_array         control_vision.o
    0x080159c8   0x080159c0   0x00000004   Data   RO        10165    .init_array         serialdebug.o
    0x080159cc   0x080159c0   0x00000004   Data   RO        10314    .init_array         dev_buzzer.o
    0x080159d0   0x080159c0   0x00000000   Data   RO        12158    .init_array         c_w.l(init_aeabi.o)


    Execution Region RW_IRAM2 (Exec base: 0x10000000, Load base: 0x08015af4, Size: 0x00000000, Max: 0x00010000, ABSOLUTE)

    **** No section assigned to this execution region ****


    Execution Region RW_IRAM1 (Exec base: 0x20000000, Load base: 0x080159d0, Size: 0x0000dd18, Max: 0x00020000, ABSOLUTE, COMPRESSED[0x00000124])

    Exec Addr    Load Addr    Size         Type   Attr      Idx    E Section Name        Object

    0x20000000   COMPRESSED   0x0000000c   Data   RW          282    .data               freertos.o
    0x2000000c   COMPRESSED   0x00000004   Data   RW          390    .data               can.o
    0x20000010   COMPRESSED   0x00000009   Data   RW         2230    .data               stm32f4xx_hal.o
    0x20000019   COMPRESSED   0x00000003   PAD
    0x2000001c   COMPRESSED   0x00000004   Data   RW         4782    .data               system_stm32f4xx.o
    0x20000020   COMPRESSED   0x0000003c   Data   RW         5493    .data               tasks.o
    0x2000005c   COMPRESSED   0x00000014   Data   RW         5805    .data               timers.o
    0x20000070   COMPRESSED   0x00000018   Data   RW         6326    .data               heap_4.o
    0x20000088   COMPRESSED   0x0000000c   Data   RW         6377    .data               port.o
    0x20000094   COMPRESSED   0x00000008   Data   RW         6719    .data               bsp_can.o
    0x2000009c   COMPRESSED   0x00000002   Data   RW         6776    .data               bsp_uart.o
    0x2000009e   COMPRESSED   0x00000002   PAD
    0x200000a0   COMPRESSED   0x00000010   Data   RW         6846    .data               bsp_flash.o
    0x200000b0   COMPRESSED   0x00000024   Data   RW         7434    .data               system_datapool.o
    0x200000d4   COMPRESSED   0x00000004   Data   RW         8239    .data               communication.o
    0x200000d8   COMPRESSED   0x00000020   Data   RW         8350    .data               devices_monitor.o
    0x200000f8   COMPRESSED   0x0000008d   Data   RW         8464    .data               control_shoot.o
    0x20000185   COMPRESSED   0x00000003   PAD
    0x20000188   COMPRESSED   0x00000020   Data   RW         8983    .data               control_dr16.o
    0x200001a8   COMPRESSED   0x00000001   Data   RW         9142    .data               control_robot.o
    0x200001a9   COMPRESSED   0x00000003   PAD
    0x200001ac   COMPRESSED   0x0000007c   Data   RW         9427    .data               control_chassis.o
    0x20000228   COMPRESSED   0x0000005c   Data   RW         9782    .data               control_gimbal.o
    0x20000284   COMPRESSED   0x00000044   Data   RW         9974    .data               control_vision.o
    0x200002c8   COMPRESSED   0x0000000c   Data   RW        10652    .data               dev_led.o
    0x200002d4   COMPRESSED   0x00000054   Data   RW        11028    .data               ins_ekf_task.o
    0x20000328   COMPRESSED   0x0000004c   Data   RW        11166    .data               bmi088driver.o
    0x20000374   COMPRESSED   0x00000004   Data   RW        11259    .data               bmi088middleware.o
    0x20000378   COMPRESSED   0x000000e0   Data   RW        11317    .data               quaternionekf.o
    0x20000458   COMPRESSED   0x00000004   Data   RW        11388    .data               kalman_filter_imu.o
    0x2000045c   COMPRESSED   0x00000004   PAD
    0x20000460   COMPRESSED   0x00000040   Data   RW        11469    .data               bsp_dwt.o
    0x200004a0   COMPRESSED   0x00000010   Data   RW        11541    .data               bsp_pvd.o
    0x200004b0   COMPRESSED   0x00000004   Data   RW        11634    .data               bsp_adc.o
    0x200004b4        -       0x000006a8   Zero   RW          279    .bss                freertos.o
    0x20000b5c        -       0x00000090   Zero   RW          341    .bss                adc.o
    0x20000bec        -       0x00000050   Zero   RW          389    .bss                can.o
    0x20000c3c        -       0x00000054   Zero   RW          461    .bss                i2c.o
    0x20000c90        -       0x00000100   Zero   RW          507    .bss                tim.o
    0x20000d90        -       0x00000170   Zero   RW          570    .bss                spi.o
    0x20000f00        -       0x000002a0   Zero   RW          619    .bss                usart.o
    0x200011a0        -       0x00000040   Zero   RW          863    .bss                stm32f4xx_hal_timebase_tim.o
    0x200011e0        -       0x00000020   Zero   RW         1452    .bss                stm32f4xx_hal_flash.o
    0x20001200        -       0x00000040   Zero   RW         5126    .bss                queue.o
    0x20001240        -       0x000000f0   Zero   RW         5492    .bss                tasks.o
    0x20001330        -       0x000000e8   Zero   RW         5804    .bss                timers.o
    0x20001418        -       0x00005ff7   Zero   RW         6325    .bss                heap_4.o
    0x2000740f   COMPRESSED   0x00000001   PAD
    0x20007410        -       0x00000068   Zero   RW         6718    .bss                bsp_can.o
    0x20007478        -       0x00000060   Zero   RW         6775    .bss                bsp_uart.o
    0x200074d8        -       0x00001fa8   Zero   RW         7432    .bss                system_datapool.o
    0x20009480        -       0x00000078   Zero   RW         7577    .bss                task_can.o
    0x200094f8        -       0x00000050   Zero   RW         9426    .bss                control_chassis.o
    0x20009548        -       0x00000060   Zero   RW         9781    .bss                control_gimbal.o
    0x200095a8        -       0x000002c8   Zero   RW         9972    .bss                control_vision.o
    0x20009870        -       0x00000074   Zero   RW        10163    .bss                serialdebug.o
    0x200098e4        -       0x0000000c   Zero   RW        10312    .bss                dev_buzzer.o
    0x200098f0        -       0x000000e4   Zero   RW        11026    .bss                ins_ekf_task.o
    0x200099d4        -       0x00000058   Zero   RW        11165    .bss                bmi088driver.o
    0x20009a2c   COMPRESSED   0x00000004   PAD
    0x20009a30        -       0x00000278   Zero   RW        11315    .bss                quaternionekf.o
    0x20009ca8        -       0x00000010   Zero   RW        11633    .bss                bsp_adc.o
    0x20009cb8        -       0x00000060   Zero   RW        12662    .bss                c_w.l(libspace.o)
    0x20009d18        -       0x00002000   Zero   RW            2    HEAP                startup_stm32f407xx.o
    0x2000bd18        -       0x00002000   Zero   RW            1    STACK               startup_stm32f407xx.o


==============================================================================

Image component sizes


      Code (inc. data)   RO Data    RW Data    ZI Data      Debug   Object Name

       396         42          0          0        144       2506   adc.o
      3276        204          0         76         88      14213   bmi088driver.o
       116         30          0          4          0       3732   bmi088middleware.o
       124         16          0          4         16       2113   bsp_adc.o
       372         68          0          8        104       4908   bsp_can.o
       580        112          0         64          0       5230   bsp_dwt.o
       716        118          0         16          0       4437   bsp_flash.o
       100         12          0         16          0       7200   bsp_pvd.o
       548         54          0          2         96       3309   bsp_uart.o
       496         44          0          4         80       2602   can.o
       172          0          0          0          0      26491   cmsis_os.o
       228         48          0          4          0       4538   communication.o
      4522        462         56        124         80      35058   control_chassis.o
      3406        252          0         32          0      11364   control_dr16.o
      4202        332          0         92         96      22928   control_gimbal.o
      2530        154          0          1          0      48018   control_robot.o
      1426        150        228        141          0     642109   control_shoot.o
      1466        134        596         68        712      15660   control_vision.o
         0          0          0          0          0       7532   croutine.o
        24          6          4          0         12     605920   dev_buzzer.o
         2          0          0          0          0      11392   dev_imu.o
       780         44         28         12          0       3136   dev_led.o
       172         24          0         32          0       5852   devices_monitor.o
       184          6          0          0          0        914   dma.o
       712          4          0          0          0      11971   dr16.o
         0          0          0          0          0      21388   event_groups.o
        74          0          0          0          0       2588   filter.o
       176         38         74         12       1704       3713   freertos.o
       940         38          0          0          0       2347   gpio.o
       692         62          0         24      24567       5035   heap_4.o
       260         30          0          0         84       1845   i2c.o
      3006        218         60         84        228      23803   ins_ekf_task.o
       198          6          0          0          0       3406   kalman_filter.o
      3160         26          0          4          0       9883   kalman_filter_imu.o
       148          0          0          0          0       3826   list.o
       298         16          0          0          0     755716   main.o
       790          6          0          0          0       5604   pid.o
      1014         92          0         12          0      12553   port.o
      4364        250        144        224        632      11294   quaternionekf.o
      2010         20          0          0         64      19054   queue.o
       148          6          0          0          0      16078   ramp.o
        76         20        114          0        116     585578   serialdebug.o
       660         56          0          0        368       2804   spi.o
        64         26        392          0      16384        868   startup_stm32f407xx.o
       136         24          0          9          0       9038   stm32f4xx_hal.o
      1370         54          0          0          0       5430   stm32f4xx_hal_adc.o
      2132          6          0          0          0      14571   stm32f4xx_hal_can.o
       320         30          0          0          0      34625   stm32f4xx_hal_cortex.o
      1434         16          8          0          0       7426   stm32f4xx_hal_dma.o
       652         64          0          0         32       6418   stm32f4xx_hal_flash.o
       432         26          0          0          0       3482   stm32f4xx_hal_flash_ex.o
       570         50          0          0          0       4459   stm32f4xx_hal_gpio.o
       464         18          0          0          0       2159   stm32f4xx_hal_i2c.o
        72          4          0          0          0        918   stm32f4xx_hal_msp.o
       224         18          0          0          0       2397   stm32f4xx_hal_pwr.o
      1868         94          0          0          0       6625   stm32f4xx_hal_rcc.o
       970          8          0          0          0       4729   stm32f4xx_hal_spi.o
      2028         90          0          0          0      17741   stm32f4xx_hal_tim.o
       300         30          0          0          0       3541   stm32f4xx_hal_tim_ex.o
       140         18          0          0         64     734087   stm32f4xx_hal_timebase_tim.o
      2524         40          0          0          0      16213   stm32f4xx_hal_uart.o
       268         72          0          0          0      11480   stm32f4xx_it.o
         0          0          0          0          0        384   stream_buffer.o
       240         82          0          0          0     634679   system_config.o
       442         92         30         36       8104      23333   system_datapool.o
        28          4         24          4          0     599871   system_stm32f4xx.o
       666         66          0          0        120      10723   task_can.o
        56         10          0          0          0       1799   task_control.o
        56          8          0          0          0       1817   task_dr16.o
        30          0          0          0          0     601071   task_imu.o
       240         96          0          0          0        600   task_init.o
        92         14          0          0          0       1818   task_vision.o
      3752        434          0         60        240      32643   tasks.o
      1208         94          0          0        256       5161   tim.o
      1274        124          0         20        232      33695   timers.o
      1024         98          0          0        672       3775   usart.o

    ----------------------------------------------------------------------
     69722       5010       1796       1204      55300    5827224   Object Totals
         0          0         32          0          0          0   (incl. Generated)
        82          0          6         15          5          0   (incl. Padding)

    ----------------------------------------------------------------------

      Code (inc. data)   RO Data    RW Data    ZI Data      Debug   Library Member Name

         0          0       2052          0          0       4704   arm_common_tables.o
       120         12          0          0          0      17170   arm_cos_f32.o
       264          0          0          0          0       1826   arm_mat_add_f32.o
         8          0          0          0          0        999   arm_mat_init_f32.o
      1328          4          0          0          0       4782   arm_mat_inverse_f32.o
       316          4          0          0          0       2375   arm_mat_mult_f32.o
       264          0          0          0          0       1826   arm_mat_sub_f32.o
       276          0          0          0          0       2240   arm_mat_trans_f32.o
       148         18          0          0          0        814   arm_sin_f32.o
        90          0          0          0          0          0   __dczerorl2.o
         8          0          0          0          0         68   __main.o
         0          0          0          0          0          0   __rtentry.o
        12          0          0          0          0          0   __rtentry2.o
         6          0          0          0          0          0   __rtentry4.o
        52          8          0          0          0          0   __scatter.o
        28          0          0          0          0          0   __scatter_zi.o
        48          4          0          0          0         84   _fptrap.o
        22          0          0          0          0        100   _rserrno.o
        46          0          0          0          0         84   aeabi_atexit.o
        16          0          0          0          0         68   aeabi_memset.o
        66          0          0          0          0         84   cxa_finalize.o
        10          0          0          0          0         68   defsig_exit.o
       172        110          0          0          0         76   defsig_fpe_inner.o
        14          0          0          0          0         80   defsig_fpe_outer.o
        50          0          0          0          0         88   defsig_general.o
        80         58          0          0          0         76   defsig_rtmem_inner.o
        14          0          0          0          0         80   defsig_rtmem_outer.o
        18          0          0          0          0         80   exit.o
        94          0          0          0          0         80   h1_alloc.o
        52          0          0          0          0         68   h1_extend.o
        78          0          0          0          0         80   h1_free.o
        14          0          0          0          0         84   h1_init.o
         6          0          0          0          0        152   heapauxi.o
         4          0          0          0          0        136   hguard.o
         0          0          0          0          0          0   indicate_semi.o
        36         10          0          0          0         80   init_aeabi.o
       138          0          0          0          0        168   init_alloc.o
         2          0          0          0          0          0   libinit.o
        18          0          0          0          0          0   libinit2.o
         2          0          0          0          0          0   libshutdown.o
         8          0          0          0          0          0   libshutdown2.o
         8          4          0          0         96         68   libspace.o
       238          0          0          0          0        100   lludivv7m.o
         0          0          0          0          0          0   maybetermalloc1.o
         8          4          0          0          0         68   rt_ddtor_pointer_addr_intlibspace.o
         8          4          0          0          0         68   rt_errno_addr_intlibspace.o
         8          4          0          0          0         68   rt_heap_descriptor_intlibspace.o
        68          0          0          0          0         68   rt_memclr.o
        78          0          0          0          0         80   rt_memclr_w.o
       138          0          0          0          0         68   rt_memcpy_v6.o
       100          0          0          0          0         80   rt_memcpy_w.o
         2          0          0          0          0          0   rtexit.o
        10          0          0          0          0          0   rtexit2.o
        12          4          0          0          0         68   sys_exit.o
        74          0          0          0          0         80   sys_stackheap_outer.o
        14          0          0          0          0         76   sys_wrch.o
         2          0          0          0          0         68   use_no_semi.o
        36          0          0          0          0         84   aeabi_vec_ctor_nocookie_nodtor.o
        34          0          0          0          0         84   aeabi_vec_dtor_noexceptions.o
       708         16          0          0          0        140   d2f_clz.o
      1256         28          0          0          0        408   daddsub_clz.o
        24          0          0          0          0        116   dcmpi.o
       892        152          0          0          0        292   ddiv_clz.o
       220         16          0          0          0        192   dfixu.o
        64          0          0          0          0        232   dflt_clz.o
       120          8          0          0          0        140   dleqf.o
       448         16          0          0          0        164   dmul_clz.o
       258          4          0          0          0        156   dnaninf.o
       112          0          0          0          0        160   drenorm_clz.o
        12          0          0          0          0        116   dretinf.o
       378          0          0          0          0        168   dunder_clz.o
       492         36          0          0          0        148   except.o
       122          8          0          0          0        132   f2d.o
       158          0          0          0          0        132   ffltll_clz.o
       242          4          0          0          0        144   fnaninf.o
        10          0          0          0          0        116   fpinit.o
        10          0          0          0          0        116   fretinf.o
       316          0          0          0          0        132   funder_clz.o
        32          4          0          0          0        116   istatus.o
       178          0          0          0          0        116   retnan.o
       126          0          0          0          0        148   trapv.o
         0          0          0          0          0          0   usenofp.o
       280         46          0          0          0        176   acosf.o
       300         42          0          0          0        176   asinf.o
       684         90          0          0          0        208   atan2f.o
       488         62         48          0          0        236   expf.o
        38          0          0          0          0        116   fpclassifyf.o
        80         24          0          0          0        696   funder.o
      1636        110        320          0          0        372   powf.o
       120          0          0          0          0        272   sqrtf_full.o

    ----------------------------------------------------------------------
     14590        914       2420          0         96      45584   Library Totals
        20          0          0          0          0          0   (incl. Padding)

    ----------------------------------------------------------------------

      Code (inc. data)   RO Data    RW Data    ZI Data      Debug   Library Name

      2724         38       2052          0          0      36736   arm_cortexM4lf_math.lib
      1972        210          0          0         96       2844   c_w.l
        70          0          0          0          0        168   cpprt_w.l
      6178        292          0          0          0       3584   g_wm.l
      3626        374        368          0          0       2252   m_wm.l

    ----------------------------------------------------------------------
     14590        914       2420          0         96      45584   Library Totals

    ----------------------------------------------------------------------

==============================================================================


      Code (inc. data)   RO Data    RW Data    ZI Data      Debug   

     84312       5924       4216       1204      55396    5818692   Grand Totals
     84312       5924       4216        292      55396    5818692   ELF Image Totals (compressed)
     84312       5924       4216        292          0          0   ROM Totals

==============================================================================

    Total RO  Size (Code + RO Data)                88528 (  86.45kB)
    Total RW  Size (RW Data + ZI Data)             56600 (  55.27kB)
    Total ROM Size (Code + RO Data + RW Data)      88820 (  86.74kB)

==============================================================================

