<!doctype html public "-//w3c//dtd html 4.0 transitional//en">
<html><head>
<title>Static Call Graph - [RM_Infantry_2022\RM_Infantry_2022.axf]</title></head>
<body><HR>
<H1>Static Call Graph for image RM_Infantry_2022\RM_Infantry_2022.axf</H1><HR>
<BR><P>#&#060CALLGRAPH&#062# ARM Linker, 5060960: Last Updated: Thu Nov 23 15:21:26 2023
<BR><P>
<H3>Maximum Stack Usage =        248 bytes + Unknown(Functions without stacksize, Cycles, Untraceable Function Pointers)</H3><H3>
Call chain for Maximum Stack Depth:</H3>
Task_IMU_Process &rArr; INS_EKF_Task &rArr; Offset_reset &rArr; Calibrate_MPU_Offset &rArr; BMI088_read_muli_reg &rArr; BMI088_read_write_byte &rArr; HAL_SPI_TransmitReceive &rArr; SPI_EndRxTxTransaction &rArr; SPI_WaitFlagStateUntilTimeout
<P>
<H3>
Functions with no stack information
</H3><UL>
 <LI><a href="#[d0]">__user_initial_stackheap</a>
</UL>
</UL>
<P>
<H3>
Mutually Recursive functions
</H3> <LI><a href="#[2c]">ADC_IRQHandler</a>&nbsp;&nbsp;&nbsp;&rArr;&nbsp;&nbsp;&nbsp;<a href="#[2c]">ADC_IRQHandler</a><BR>
</UL>
<P>
<H3>
Function Pointers
</H3><UL>
 <LI><a href="#[2c]">ADC_IRQHandler</a> from startup_stm32f407xx.o(.text) referenced from startup_stm32f407xx.o(RESET)
 <LI><a href="#[14]">BusFault_Handler</a> from stm32f4xx_it.o(i.BusFault_Handler) referenced from startup_stm32f407xx.o(RESET)
 <LI><a href="#[2e]">CAN1_RX0_IRQHandler</a> from stm32f4xx_it.o(i.CAN1_RX0_IRQHandler) referenced from startup_stm32f407xx.o(RESET)
 <LI><a href="#[2f]">CAN1_RX1_IRQHandler</a> from startup_stm32f407xx.o(.text) referenced from startup_stm32f407xx.o(RESET)
 <LI><a href="#[30]">CAN1_SCE_IRQHandler</a> from startup_stm32f407xx.o(.text) referenced from startup_stm32f407xx.o(RESET)
 <LI><a href="#[2d]">CAN1_TX_IRQHandler</a> from startup_stm32f407xx.o(.text) referenced from startup_stm32f407xx.o(RESET)
 <LI><a href="#[5a]">CAN2_RX0_IRQHandler</a> from stm32f4xx_it.o(i.CAN2_RX0_IRQHandler) referenced from startup_stm32f407xx.o(RESET)
 <LI><a href="#[5b]">CAN2_RX1_IRQHandler</a> from startup_stm32f407xx.o(.text) referenced from startup_stm32f407xx.o(RESET)
 <LI><a href="#[5c]">CAN2_SCE_IRQHandler</a> from startup_stm32f407xx.o(.text) referenced from startup_stm32f407xx.o(RESET)
 <LI><a href="#[59]">CAN2_TX_IRQHandler</a> from startup_stm32f407xx.o(.text) referenced from startup_stm32f407xx.o(RESET)
 <LI><a href="#[68]">DCMI_IRQHandler</a> from startup_stm32f407xx.o(.text) referenced from startup_stm32f407xx.o(RESET)
 <LI><a href="#[25]">DMA1_Stream0_IRQHandler</a> from startup_stm32f407xx.o(.text) referenced from startup_stm32f407xx.o(RESET)
 <LI><a href="#[26]">DMA1_Stream1_IRQHandler</a> from stm32f4xx_it.o(i.DMA1_Stream1_IRQHandler) referenced from startup_stm32f407xx.o(RESET)
 <LI><a href="#[27]">DMA1_Stream2_IRQHandler</a> from startup_stm32f407xx.o(.text) referenced from startup_stm32f407xx.o(RESET)
 <LI><a href="#[28]">DMA1_Stream3_IRQHandler</a> from startup_stm32f407xx.o(.text) referenced from startup_stm32f407xx.o(RESET)
 <LI><a href="#[29]">DMA1_Stream4_IRQHandler</a> from startup_stm32f407xx.o(.text) referenced from startup_stm32f407xx.o(RESET)
 <LI><a href="#[2a]">DMA1_Stream5_IRQHandler</a> from startup_stm32f407xx.o(.text) referenced from startup_stm32f407xx.o(RESET)
 <LI><a href="#[2b]">DMA1_Stream6_IRQHandler</a> from startup_stm32f407xx.o(.text) referenced from startup_stm32f407xx.o(RESET)
 <LI><a href="#[49]">DMA1_Stream7_IRQHandler</a> from startup_stm32f407xx.o(.text) referenced from startup_stm32f407xx.o(RESET)
 <LI><a href="#[52]">DMA2_Stream0_IRQHandler</a> from startup_stm32f407xx.o(.text) referenced from startup_stm32f407xx.o(RESET)
 <LI><a href="#[53]">DMA2_Stream1_IRQHandler</a> from stm32f4xx_it.o(i.DMA2_Stream1_IRQHandler) referenced from startup_stm32f407xx.o(RESET)
 <LI><a href="#[54]">DMA2_Stream2_IRQHandler</a> from stm32f4xx_it.o(i.DMA2_Stream2_IRQHandler) referenced from startup_stm32f407xx.o(RESET)
 <LI><a href="#[55]">DMA2_Stream3_IRQHandler</a> from startup_stm32f407xx.o(.text) referenced from startup_stm32f407xx.o(RESET)
 <LI><a href="#[56]">DMA2_Stream4_IRQHandler</a> from startup_stm32f407xx.o(.text) referenced from startup_stm32f407xx.o(RESET)
 <LI><a href="#[5e]">DMA2_Stream5_IRQHandler</a> from startup_stm32f407xx.o(.text) referenced from startup_stm32f407xx.o(RESET)
 <LI><a href="#[5f]">DMA2_Stream6_IRQHandler</a> from stm32f4xx_it.o(i.DMA2_Stream6_IRQHandler) referenced from startup_stm32f407xx.o(RESET)
 <LI><a href="#[60]">DMA2_Stream7_IRQHandler</a> from stm32f4xx_it.o(i.DMA2_Stream7_IRQHandler) referenced from startup_stm32f407xx.o(RESET)
 <LI><a href="#[7e]">DR16_Recv_Callback</a> from communication.o(i.DR16_Recv_Callback) referenced from system_config.o(i.User_System_Init)
 <LI><a href="#[17]">DebugMon_Handler</a> from stm32f4xx_it.o(i.DebugMon_Handler) referenced from startup_stm32f407xx.o(RESET)
 <LI><a href="#[57]">ETH_IRQHandler</a> from startup_stm32f407xx.o(.text) referenced from startup_stm32f407xx.o(RESET)
 <LI><a href="#[58]">ETH_WKUP_IRQHandler</a> from startup_stm32f407xx.o(.text) referenced from startup_stm32f407xx.o(RESET)
 <LI><a href="#[20]">EXTI0_IRQHandler</a> from stm32f4xx_it.o(i.EXTI0_IRQHandler) referenced from startup_stm32f407xx.o(RESET)
 <LI><a href="#[42]">EXTI15_10_IRQHandler</a> from startup_stm32f407xx.o(.text) referenced from startup_stm32f407xx.o(RESET)
 <LI><a href="#[21]">EXTI1_IRQHandler</a> from startup_stm32f407xx.o(.text) referenced from startup_stm32f407xx.o(RESET)
 <LI><a href="#[22]">EXTI2_IRQHandler</a> from startup_stm32f407xx.o(.text) referenced from startup_stm32f407xx.o(RESET)
 <LI><a href="#[23]">EXTI3_IRQHandler</a> from stm32f4xx_it.o(i.EXTI3_IRQHandler) referenced from startup_stm32f407xx.o(RESET)
 <LI><a href="#[24]">EXTI4_IRQHandler</a> from stm32f4xx_it.o(i.EXTI4_IRQHandler) referenced from startup_stm32f407xx.o(RESET)
 <LI><a href="#[31]">EXTI9_5_IRQHandler</a> from stm32f4xx_it.o(i.EXTI9_5_IRQHandler) referenced from startup_stm32f407xx.o(RESET)
 <LI><a href="#[1e]">FLASH_IRQHandler</a> from startup_stm32f407xx.o(.text) referenced from startup_stm32f407xx.o(RESET)
 <LI><a href="#[4a]">FMC_IRQHandler</a> from startup_stm32f407xx.o(.text) referenced from startup_stm32f407xx.o(RESET)
 <LI><a href="#[6a]">FPU_IRQHandler</a> from startup_stm32f407xx.o(.text) referenced from startup_stm32f407xx.o(RESET)
 <LI><a href="#[69]">HASH_RNG_IRQHandler</a> from startup_stm32f407xx.o(.text) referenced from startup_stm32f407xx.o(RESET)
 <LI><a href="#[12]">HardFault_Handler</a> from stm32f4xx_it.o(i.HardFault_Handler) referenced from startup_stm32f407xx.o(RESET)
 <LI><a href="#[3a]">I2C1_ER_IRQHandler</a> from startup_stm32f407xx.o(.text) referenced from startup_stm32f407xx.o(RESET)
 <LI><a href="#[39]">I2C1_EV_IRQHandler</a> from startup_stm32f407xx.o(.text) referenced from startup_stm32f407xx.o(RESET)
 <LI><a href="#[3c]">I2C2_ER_IRQHandler</a> from startup_stm32f407xx.o(.text) referenced from startup_stm32f407xx.o(RESET)
 <LI><a href="#[3b]">I2C2_EV_IRQHandler</a> from startup_stm32f407xx.o(.text) referenced from startup_stm32f407xx.o(RESET)
 <LI><a href="#[63]">I2C3_ER_IRQHandler</a> from startup_stm32f407xx.o(.text) referenced from startup_stm32f407xx.o(RESET)
 <LI><a href="#[62]">I2C3_EV_IRQHandler</a> from startup_stm32f407xx.o(.text) referenced from startup_stm32f407xx.o(RESET)
 <LI><a href="#[74]">IMU_QuaternionEKF_F_Linearization_P_Fading</a> from quaternionekf.o(i.IMU_QuaternionEKF_F_Linearization_P_Fading) referenced from quaternionekf.o(i.IMU_QuaternionEKF_Init)
 <LI><a href="#[73]">IMU_QuaternionEKF_Observe</a> from quaternionekf.o(i.IMU_QuaternionEKF_Observe) referenced from quaternionekf.o(i.IMU_QuaternionEKF_Init)
 <LI><a href="#[75]">IMU_QuaternionEKF_SetH</a> from quaternionekf.o(i.IMU_QuaternionEKF_SetH) referenced from quaternionekf.o(i.IMU_QuaternionEKF_Init)
 <LI><a href="#[76]">IMU_QuaternionEKF_xhatUpdate</a> from quaternionekf.o(i.IMU_QuaternionEKF_xhatUpdate) referenced from quaternionekf.o(i.IMU_QuaternionEKF_Init)
 <LI><a href="#[13]">MemManage_Handler</a> from stm32f4xx_it.o(i.MemManage_Handler) referenced from startup_stm32f407xx.o(RESET)
 <LI><a href="#[11]">NMI_Handler</a> from stm32f4xx_it.o(i.NMI_Handler) referenced from startup_stm32f407xx.o(RESET)
 <LI><a href="#[5d]">OTG_FS_IRQHandler</a> from startup_stm32f407xx.o(.text) referenced from startup_stm32f407xx.o(RESET)
 <LI><a href="#[44]">OTG_FS_WKUP_IRQHandler</a> from startup_stm32f407xx.o(.text) referenced from startup_stm32f407xx.o(RESET)
 <LI><a href="#[65]">OTG_HS_EP1_IN_IRQHandler</a> from startup_stm32f407xx.o(.text) referenced from startup_stm32f407xx.o(RESET)
 <LI><a href="#[64]">OTG_HS_EP1_OUT_IRQHandler</a> from startup_stm32f407xx.o(.text) referenced from startup_stm32f407xx.o(RESET)
 <LI><a href="#[67]">OTG_HS_IRQHandler</a> from startup_stm32f407xx.o(.text) referenced from startup_stm32f407xx.o(RESET)
 <LI><a href="#[66]">OTG_HS_WKUP_IRQHandler</a> from startup_stm32f407xx.o(.text) referenced from startup_stm32f407xx.o(RESET)
 <LI><a href="#[1b]">PVD_IRQHandler</a> from stm32f4xx_it.o(i.PVD_IRQHandler) referenced from startup_stm32f407xx.o(RESET)
 <LI><a href="#[18]">PendSV_Handler</a> from port.o(.emb_text) referenced from startup_stm32f407xx.o(RESET)
 <LI><a href="#[1f]">RCC_IRQHandler</a> from startup_stm32f407xx.o(.text) referenced from startup_stm32f407xx.o(RESET)
 <LI><a href="#[43]">RTC_Alarm_IRQHandler</a> from startup_stm32f407xx.o(.text) referenced from startup_stm32f407xx.o(RESET)
 <LI><a href="#[1d]">RTC_WKUP_IRQHandler</a> from startup_stm32f407xx.o(.text) referenced from startup_stm32f407xx.o(RESET)
 <LI><a href="#[10]">Reset_Handler</a> from startup_stm32f407xx.o(.text) referenced from startup_stm32f407xx.o(RESET)
 <LI><a href="#[4b]">SDIO_IRQHandler</a> from startup_stm32f407xx.o(.text) referenced from startup_stm32f407xx.o(RESET)
 <LI><a href="#[3d]">SPI1_IRQHandler</a> from startup_stm32f407xx.o(.text) referenced from startup_stm32f407xx.o(RESET)
 <LI><a href="#[3e]">SPI2_IRQHandler</a> from startup_stm32f407xx.o(.text) referenced from startup_stm32f407xx.o(RESET)
 <LI><a href="#[4d]">SPI3_IRQHandler</a> from startup_stm32f407xx.o(.text) referenced from startup_stm32f407xx.o(RESET)
 <LI><a href="#[16]">SVC_Handler</a> from port.o(.emb_text) referenced from startup_stm32f407xx.o(RESET)
 <LI><a href="#[19]">SysTick_Handler</a> from port.o(i.SysTick_Handler) referenced from startup_stm32f407xx.o(RESET)
 <LI><a href="#[6b]">SystemInit</a> from system_stm32f4xx.o(i.SystemInit) referenced from startup_stm32f407xx.o(.text)
 <LI><a href="#[1c]">TAMP_STAMP_IRQHandler</a> from startup_stm32f407xx.o(.text) referenced from startup_stm32f407xx.o(RESET)
 <LI><a href="#[32]">TIM1_BRK_TIM9_IRQHandler</a> from startup_stm32f407xx.o(.text) referenced from startup_stm32f407xx.o(RESET)
 <LI><a href="#[35]">TIM1_CC_IRQHandler</a> from startup_stm32f407xx.o(.text) referenced from startup_stm32f407xx.o(RESET)
 <LI><a href="#[34]">TIM1_TRG_COM_TIM11_IRQHandler</a> from startup_stm32f407xx.o(.text) referenced from startup_stm32f407xx.o(RESET)
 <LI><a href="#[33]">TIM1_UP_TIM10_IRQHandler</a> from startup_stm32f407xx.o(.text) referenced from startup_stm32f407xx.o(RESET)
 <LI><a href="#[36]">TIM2_IRQHandler</a> from startup_stm32f407xx.o(.text) referenced from startup_stm32f407xx.o(RESET)
 <LI><a href="#[37]">TIM3_IRQHandler</a> from startup_stm32f407xx.o(.text) referenced from startup_stm32f407xx.o(RESET)
 <LI><a href="#[38]">TIM4_IRQHandler</a> from startup_stm32f407xx.o(.text) referenced from startup_stm32f407xx.o(RESET)
 <LI><a href="#[4c]">TIM5_IRQHandler</a> from startup_stm32f407xx.o(.text) referenced from startup_stm32f407xx.o(RESET)
 <LI><a href="#[50]">TIM6_DAC_IRQHandler</a> from stm32f4xx_it.o(i.TIM6_DAC_IRQHandler) referenced from startup_stm32f407xx.o(RESET)
 <LI><a href="#[51]">TIM7_IRQHandler</a> from startup_stm32f407xx.o(.text) referenced from startup_stm32f407xx.o(RESET)
 <LI><a href="#[45]">TIM8_BRK_TIM12_IRQHandler</a> from startup_stm32f407xx.o(.text) referenced from startup_stm32f407xx.o(RESET)
 <LI><a href="#[48]">TIM8_CC_IRQHandler</a> from startup_stm32f407xx.o(.text) referenced from startup_stm32f407xx.o(RESET)
 <LI><a href="#[47]">TIM8_TRG_COM_TIM14_IRQHandler</a> from startup_stm32f407xx.o(.text) referenced from startup_stm32f407xx.o(RESET)
 <LI><a href="#[46]">TIM8_UP_TIM13_IRQHandler</a> from startup_stm32f407xx.o(.text) referenced from startup_stm32f407xx.o(RESET)
 <LI><a href="#[77]">Task_CAN1_Recv</a> from task_can.o(i.Task_CAN1_Recv) referenced from task_init.o(i.System_Tasks_Init)
 <LI><a href="#[78]">Task_CAN2_Recv</a> from task_can.o(i.Task_CAN2_Recv) referenced from task_init.o(i.System_Tasks_Init)
 <LI><a href="#[7b]">Task_Control</a> from task_control.o(i.Task_Control) referenced from task_init.o(i.System_Tasks_Init)
 <LI><a href="#[7c]">Task_DR16_Recv</a> from task_dr16.o(i.Task_DR16_Recv) referenced from task_init.o(i.System_Tasks_Init)
 <LI><a href="#[79]">Task_IMU_Process</a> from task_imu.o(i.Task_IMU_Process) referenced from task_init.o(i.System_Tasks_Init)
 <LI><a href="#[7a]">Task_VisionSend</a> from task_vision.o(i.Task_VisionSend) referenced from task_init.o(i.System_Tasks_Init)
 <LI><a href="#[4e]">UART4_IRQHandler</a> from startup_stm32f407xx.o(.text) referenced from startup_stm32f407xx.o(RESET)
 <LI><a href="#[4f]">UART5_IRQHandler</a> from startup_stm32f407xx.o(.text) referenced from startup_stm32f407xx.o(RESET)
 <LI><a href="#[6d]">UART_DMAAbortOnError</a> from stm32f4xx_hal_uart.o(i.UART_DMAAbortOnError) referenced from stm32f4xx_hal_uart.o(i.HAL_UART_IRQHandler)
 <LI><a href="#[70]">UART_DMAError</a> from stm32f4xx_hal_uart.o(i.UART_DMAError) referenced from stm32f4xx_hal_uart.o(i.HAL_UART_Receive_DMA)
 <LI><a href="#[70]">UART_DMAError</a> from stm32f4xx_hal_uart.o(i.UART_DMAError) referenced from stm32f4xx_hal_uart.o(i.HAL_UART_Transmit_DMA)
 <LI><a href="#[6e]">UART_DMAReceiveCplt</a> from stm32f4xx_hal_uart.o(i.UART_DMAReceiveCplt) referenced from stm32f4xx_hal_uart.o(i.HAL_UART_Receive_DMA)
 <LI><a href="#[6f]">UART_DMARxHalfCplt</a> from stm32f4xx_hal_uart.o(i.UART_DMARxHalfCplt) referenced from stm32f4xx_hal_uart.o(i.HAL_UART_Receive_DMA)
 <LI><a href="#[71]">UART_DMATransmitCplt</a> from stm32f4xx_hal_uart.o(i.UART_DMATransmitCplt) referenced from stm32f4xx_hal_uart.o(i.HAL_UART_Transmit_DMA)
 <LI><a href="#[72]">UART_DMATxHalfCplt</a> from stm32f4xx_hal_uart.o(i.UART_DMATxHalfCplt) referenced from stm32f4xx_hal_uart.o(i.HAL_UART_Transmit_DMA)
 <LI><a href="#[3f]">USART1_IRQHandler</a> from stm32f4xx_it.o(i.USART1_IRQHandler) referenced from startup_stm32f407xx.o(RESET)
 <LI><a href="#[40]">USART2_IRQHandler</a> from startup_stm32f407xx.o(.text) referenced from startup_stm32f407xx.o(RESET)
 <LI><a href="#[41]">USART3_IRQHandler</a> from stm32f4xx_it.o(i.USART3_IRQHandler) referenced from startup_stm32f407xx.o(RESET)
 <LI><a href="#[61]">USART6_IRQHandler</a> from stm32f4xx_it.o(i.USART6_IRQHandler) referenced from startup_stm32f407xx.o(RESET)
 <LI><a href="#[15]">UsageFault_Handler</a> from stm32f4xx_it.o(i.UsageFault_Handler) referenced from startup_stm32f407xx.o(RESET)
 <LI><a href="#[80]">User_CAN1_RxCpltCallback</a> from communication.o(i.User_CAN1_RxCpltCallback) referenced from system_config.o(i.User_System_Init)
 <LI><a href="#[81]">User_CAN2_RxCpltCallback</a> from communication.o(i.User_CAN2_RxCpltCallback) referenced from system_config.o(i.User_System_Init)
 <LI><a href="#[8e]">User_SystemInit_Task</a> from freertos.o(i.User_SystemInit_Task) referenced from freertos.o(.constdata)
 <LI><a href="#[7d]">Vision_Radar_Recv_Callback</a> from communication.o(i.Vision_Radar_Recv_Callback) referenced from system_config.o(i.User_System_Init)
 <LI><a href="#[7f]">Vision_Sentry_Recv_Callback</a> from communication.o(i.Vision_Sentry_Recv_Callback) referenced from system_config.o(i.User_System_Init)
 <LI><a href="#[1a]">WWDG_IRQHandler</a> from startup_stm32f407xx.o(.text) referenced from startup_stm32f407xx.o(RESET)
 <LI><a href="#[8f]">MotorSpeed::~MotorSpeed__sub_object()</a> from system_datapool.o(i._ZN10MotorSpeedD2Ev) referenced from control_shoot.o(.constdata__ZTV10MotorSpeed)
 <LI><a href="#[92]">Motor_M2006::update(unsigned char*)</a> from task_can.o(i._ZN11Motor_M20066updateEPh) referenced from control_shoot.o(.constdata__ZTV11Motor_M2006)
 <LI><a href="#[8d]">Motor_M2006::~Motor_M2006()</a> from system_datapool.o(i._ZN11Motor_M2006D1Ev) referenced from control_shoot.o(.constdata__ZTV11Motor_M2006)
 <LI><a href="#[8d]">Motor_M2006::~Motor_M2006()</a> from system_datapool.o(i._ZN11Motor_M2006D1Ev) referenced from control_robot.o(t._Z12MotorMsgSendI11Motor_M2006EvP19__CAN_HandleTypeDefRT_)
 <LI><a href="#[96]">Motor_M3508::update(unsigned char*)</a> from task_can.o(i._ZN11Motor_M35086updateEPh) referenced from control_shoot.o(.constdata__ZTV11Motor_M3508)
 <LI><a href="#[84]">Motor_M3508::~Motor_M3508()</a> from system_datapool.o(i._ZN11Motor_M3508D1Ev) referenced from control_shoot.o(.constdata__ZTV11Motor_M3508)
 <LI><a href="#[84]">Motor_M3508::~Motor_M3508()</a> from system_datapool.o(i._ZN11Motor_M3508D1Ev) referenced from system_datapool.o(i._ZN14Shoot_classdefD1Ev)
 <LI><a href="#[84]">Motor_M3508::~Motor_M3508()</a> from system_datapool.o(i._ZN11Motor_M3508D1Ev) referenced from system_datapool.o(i._ZN15Gimbal_classdefD1Ev)
 <LI><a href="#[84]">Motor_M3508::~Motor_M3508()</a> from system_datapool.o(i._ZN11Motor_M3508D1Ev) referenced from system_datapool.o(i._ZN16Chassis_classdefD1Ev)
 <LI><a href="#[82]">PositionPID::PositionPID()</a> from control_shoot.o(i._ZN11PositionPIDC1Ev) referenced from control_shoot.o(i._ZN14Shoot_classdefC1Ev)
 <LI><a href="#[82]">PositionPID::PositionPID()</a> from control_shoot.o(i._ZN11PositionPIDC1Ev) referenced from control_gimbal.o(i._ZN15Gimbal_classdefC1Ev)
 <LI><a href="#[82]">PositionPID::PositionPID()</a> from control_shoot.o(i._ZN11PositionPIDC1Ev) referenced from control_chassis.o(i._ZN16Chassis_classdefC1Ev)
 <LI><a href="#[83]">IncrementPID::IncrementPID()</a> from control_shoot.o(i._ZN12IncrementPIDC1Ev) referenced from control_shoot.o(i._ZN14Shoot_classdefC1Ev)
 <LI><a href="#[83]">IncrementPID::IncrementPID()</a> from control_shoot.o(i._ZN12IncrementPIDC1Ev) referenced from control_chassis.o(i._ZN16Chassis_classdefC1Ev)
 <LI><a href="#[9b]">Motor_GM6020::Reset()</a> from control_robot.o(i._ZN12Motor_GM60205ResetEv) referenced from control_chassis.o(.constdata__ZTV12Motor_GM6020)
 <LI><a href="#[9a]">Motor_GM6020::update(unsigned char*)</a> from task_can.o(i._ZN12Motor_GM60206updateEPh) referenced from control_chassis.o(.constdata__ZTV12Motor_GM6020)
 <LI><a href="#[85]">Motor_GM6020::~Motor_GM6020()</a> from system_datapool.o(i._ZN12Motor_GM6020D1Ev) referenced from control_chassis.o(.constdata__ZTV12Motor_GM6020)
 <LI><a href="#[85]">Motor_GM6020::~Motor_GM6020()</a> from system_datapool.o(i._ZN12Motor_GM6020D1Ev) referenced from system_datapool.o(i._ZN15Gimbal_classdefD1Ev)
 <LI><a href="#[85]">Motor_GM6020::~Motor_GM6020()</a> from system_datapool.o(i._ZN12Motor_GM6020D1Ev) referenced from system_datapool.o(i._ZN16Chassis_classdefD1Ev)
 <LI><a href="#[89]">Shoot_classdef::~Shoot_classdef()</a> from system_datapool.o(i._ZN14Shoot_classdefD1Ev) referenced from system_datapool.o(i.__sti___19_System_DataPool_cpp_DR16)
 <LI><a href="#[88]">Gimbal_classdef::~Gimbal_classdef()</a> from system_datapool.o(i._ZN15Gimbal_classdefD1Ev) referenced from system_datapool.o(i.__sti___19_System_DataPool_cpp_DR16)
 <LI><a href="#[87]">Chassis_classdef::~Chassis_classdef()</a> from system_datapool.o(i._ZN16Chassis_classdefD1Ev) referenced from system_datapool.o(i.__sti___19_System_DataPool_cpp_DR16)
 <LI><a href="#[86]">CTRL_DR16_classdef::~CTRL_DR16_classdef()</a> from system_datapool.o(i._ZN18CTRL_DR16_classdefD1Ev) referenced from system_datapool.o(i.__sti___19_System_DataPool_cpp_DR16)
 <LI><a href="#[91]">MotorSpeed::getSpeed() const</a> from control_shoot.o(i._ZNK10MotorSpeed8getSpeedEv) referenced from control_shoot.o(.constdata__ZTV10MotorSpeed)
 <LI><a href="#[91]">MotorSpeed::getSpeed() const</a> from control_shoot.o(i._ZNK10MotorSpeed8getSpeedEv) referenced from control_shoot.o(.constdata__ZTV11Motor_M2006)
 <LI><a href="#[91]">MotorSpeed::getSpeed() const</a> from control_shoot.o(i._ZNK10MotorSpeed8getSpeedEv) referenced from control_shoot.o(.constdata__ZTV11Motor_M3508)
 <LI><a href="#[91]">MotorSpeed::getSpeed() const</a> from control_shoot.o(i._ZNK10MotorSpeed8getSpeedEv) referenced from control_chassis.o(.constdata__ZTV12Motor_GM6020)
 <LI><a href="#[93]">Motor_M2006::MAX_CURRENT() const</a> from control_shoot.o(i._ZNK11Motor_M200611MAX_CURRENTEv) referenced from control_shoot.o(.constdata__ZTV11Motor_M2006)
 <LI><a href="#[94]">Motor_M2006::SEND_ID_LOW() const</a> from control_shoot.o(i._ZNK11Motor_M200611SEND_ID_LOWEv) referenced from control_shoot.o(.constdata__ZTV11Motor_M2006)
 <LI><a href="#[95]">Motor_M2006::SEND_ID_HIGH() const</a> from control_shoot.o(i._ZNK11Motor_M200612SEND_ID_HIGHEv) referenced from control_shoot.o(.constdata__ZTV11Motor_M2006)
 <LI><a href="#[97]">Motor_M3508::MAX_CURRENT() const</a> from control_shoot.o(i._ZNK11Motor_M350811MAX_CURRENTEv) referenced from control_shoot.o(.constdata__ZTV11Motor_M3508)
 <LI><a href="#[98]">Motor_M3508::SEND_ID_LOW() const</a> from control_shoot.o(i._ZNK11Motor_M350811SEND_ID_LOWEv) referenced from control_shoot.o(.constdata__ZTV11Motor_M3508)
 <LI><a href="#[99]">Motor_M3508::SEND_ID_HIGH() const</a> from control_shoot.o(i._ZNK11Motor_M350812SEND_ID_HIGHEv) referenced from control_shoot.o(.constdata__ZTV11Motor_M3508)
 <LI><a href="#[90]">MotorBase::ENCODER_ANGLE_RATIO() const</a> from control_shoot.o(i._ZNK9MotorBase19ENCODER_ANGLE_RATIOEv) referenced from control_shoot.o(.constdata__ZTV10MotorSpeed)
 <LI><a href="#[90]">MotorBase::ENCODER_ANGLE_RATIO() const</a> from control_shoot.o(i._ZNK9MotorBase19ENCODER_ANGLE_RATIOEv) referenced from control_shoot.o(.constdata__ZTV11Motor_M2006)
 <LI><a href="#[90]">MotorBase::ENCODER_ANGLE_RATIO() const</a> from control_shoot.o(i._ZNK9MotorBase19ENCODER_ANGLE_RATIOEv) referenced from control_shoot.o(.constdata__ZTV11Motor_M3508)
 <LI><a href="#[90]">MotorBase::ENCODER_ANGLE_RATIO() const</a> from control_shoot.o(i._ZNK9MotorBase19ENCODER_ANGLE_RATIOEv) referenced from control_chassis.o(.constdata__ZTV12Motor_GM6020)
 <LI><a href="#[90]">MotorBase::ENCODER_ANGLE_RATIO() const</a> from control_shoot.o(i._ZNK9MotorBase19ENCODER_ANGLE_RATIOEv) referenced from control_shoot.o(.constdata__ZTV9MotorBase)
 <LI><a href="#[a0]">__main</a> from __main.o(!!!main) referenced from startup_stm32f407xx.o(.text)
 <LI><a href="#[9f]">__sti___14_Dev_Buzzer_cpp_Buzzer</a> from dev_buzzer.o(i.__sti___14_Dev_Buzzer_cpp_Buzzer) referenced from dev_buzzer.o(.init_array)
 <LI><a href="#[9e]">__sti___15_SerialDebug_cpp_955582f0</a> from serialdebug.o(i.__sti___15_SerialDebug_cpp_955582f0) referenced from serialdebug.o(.init_array)
 <LI><a href="#[9d]">__sti___18_Control_Vision_cpp_da60bcbb</a> from control_vision.o(i.__sti___18_Control_Vision_cpp_da60bcbb) referenced from control_vision.o(.init_array)
 <LI><a href="#[9c]">__sti___19_System_DataPool_cpp_DR16</a> from system_datapool.o(i.__sti___19_System_DataPool_cpp_DR16) referenced from system_datapool.o(.init_array)
 <LI><a href="#[8b]">prvIdleTask</a> from tasks.o(i.prvIdleTask) referenced from tasks.o(i.vTaskStartScheduler)
 <LI><a href="#[8a]">prvTaskExitError</a> from port.o(i.prvTaskExitError) referenced from port.o(i.pxPortInitialiseStack)
 <LI><a href="#[8c]">prvTimerTask</a> from timers.o(i.prvTimerTask) referenced from timers.o(i.xTimerCreateTimerTask)
</UL>
<P>
<H3>
Global Symbols
</H3>
<P><STRONG><a name="[a0]"></a>__main</STRONG> (Thumb, 8 bytes, Stack size 0 bytes, __main.o(!!!main))
<BR><BR>[Calls]<UL><LI><a href="#[a3]">&gt;&gt;</a>&nbsp;&nbsp;&nbsp;__rt_entry
<LI><a href="#[a2]">&gt;&gt;</a>&nbsp;&nbsp;&nbsp;__scatterload
</UL>

<P><STRONG><a name="[a2]"></a>__scatterload</STRONG> (Thumb, 0 bytes, Stack size unknown bytes, __scatter.o(!!!scatter))
<BR><BR>[Called By]<UL><LI><a href="#[a0]">&gt;&gt;</a>&nbsp;&nbsp;&nbsp;__main
</UL>

<P><STRONG><a name="[a4]"></a>__scatterload_rt2</STRONG> (Thumb, 44 bytes, Stack size unknown bytes, __scatter.o(!!!scatter), UNUSED)
<BR><BR>[Calls]<UL><LI><a href="#[a3]">&gt;&gt;</a>&nbsp;&nbsp;&nbsp;__rt_entry
</UL>

<P><STRONG><a name="[2c1]"></a>__scatterload_rt2_thumb_only</STRONG> (Thumb, 0 bytes, Stack size unknown bytes, __scatter.o(!!!scatter), UNUSED)

<P><STRONG><a name="[2c2]"></a>__scatterload_null</STRONG> (Thumb, 0 bytes, Stack size unknown bytes, __scatter.o(!!!scatter), UNUSED)

<P><STRONG><a name="[2c3]"></a>__decompress</STRONG> (Thumb, 90 bytes, Stack size unknown bytes, __dczerorl2.o(!!dczerorl2), UNUSED)

<P><STRONG><a name="[2c4]"></a>__decompress1</STRONG> (Thumb, 0 bytes, Stack size unknown bytes, __dczerorl2.o(!!dczerorl2), UNUSED)

<P><STRONG><a name="[2c5]"></a>__scatterload_zeroinit</STRONG> (Thumb, 28 bytes, Stack size unknown bytes, __scatter_zi.o(!!handler_zi), UNUSED)

<P><STRONG><a name="[af]"></a>__rt_lib_init</STRONG> (Thumb, 0 bytes, Stack size unknown bytes, libinit.o(.ARM.Collect$$libinit$$00000000))
<BR><BR>[Called By]<UL><LI><a href="#[ae]">&gt;&gt;</a>&nbsp;&nbsp;&nbsp;__rt_entry_li
</UL>

<P><STRONG><a name="[a5]"></a>__rt_lib_init_fp_1</STRONG> (Thumb, 0 bytes, Stack size unknown bytes, libinit2.o(.ARM.Collect$$libinit$$00000001))
<BR><BR>[Calls]<UL><LI><a href="#[a6]">&gt;&gt;</a>&nbsp;&nbsp;&nbsp;_fp_init
</UL>

<P><STRONG><a name="[a7]"></a>__rt_lib_init_heap_2</STRONG> (Thumb, 0 bytes, Stack size unknown bytes, libinit2.o(.ARM.Collect$$libinit$$00000005))
<BR><BR>[Stack]<UL><LI>Max Depth = 64 + Unknown Stack Size
<LI>Call Chain = __rt_lib_init_heap_2 &rArr; _init_alloc &rArr; __rt_SIGRTMEM &rArr; __rt_SIGRTMEM_inner &rArr; __default_signal_display &rArr; _ttywrch
</UL>
<BR>[Calls]<UL><LI><a href="#[a8]">&gt;&gt;</a>&nbsp;&nbsp;&nbsp;_init_alloc
</UL>

<P><STRONG><a name="[2c6]"></a>__rt_lib_init_preinit_1</STRONG> (Thumb, 0 bytes, Stack size unknown bytes, libinit2.o(.ARM.Collect$$libinit$$00000004))

<P><STRONG><a name="[2c7]"></a>__rt_lib_init_alloca_1</STRONG> (Thumb, 0 bytes, Stack size unknown bytes, libinit2.o(.ARM.Collect$$libinit$$0000002E))

<P><STRONG><a name="[2c8]"></a>__rt_lib_init_argv_1</STRONG> (Thumb, 0 bytes, Stack size unknown bytes, libinit2.o(.ARM.Collect$$libinit$$0000002C))

<P><STRONG><a name="[2c9]"></a>__rt_lib_init_atexit_1</STRONG> (Thumb, 0 bytes, Stack size unknown bytes, libinit2.o(.ARM.Collect$$libinit$$0000001B))

<P><STRONG><a name="[2ca]"></a>__rt_lib_init_clock_1</STRONG> (Thumb, 0 bytes, Stack size unknown bytes, libinit2.o(.ARM.Collect$$libinit$$00000021))

<P><STRONG><a name="[a9]"></a>__rt_lib_init_cpp_2</STRONG> (Thumb, 0 bytes, Stack size unknown bytes, libinit2.o(.ARM.Collect$$libinit$$00000031))
<BR><BR>[Stack]<UL><LI>Max Depth = 16 + Unknown Stack Size
<LI>Call Chain = __rt_lib_init_cpp_2 &rArr; __cpp_initialize__aeabi_
</UL>
<BR>[Calls]<UL><LI><a href="#[a1]">&gt;&gt;</a>&nbsp;&nbsp;&nbsp;__cpp_initialize__aeabi_
</UL>

<P><STRONG><a name="[2cb]"></a>__rt_lib_init_exceptions_1</STRONG> (Thumb, 0 bytes, Stack size unknown bytes, libinit2.o(.ARM.Collect$$libinit$$00000030))

<P><STRONG><a name="[2cc]"></a>__rt_lib_init_fp_trap_1</STRONG> (Thumb, 0 bytes, Stack size unknown bytes, libinit2.o(.ARM.Collect$$libinit$$0000001F))

<P><STRONG><a name="[2cd]"></a>__rt_lib_init_getenv_1</STRONG> (Thumb, 0 bytes, Stack size unknown bytes, libinit2.o(.ARM.Collect$$libinit$$00000023))

<P><STRONG><a name="[2ce]"></a>__rt_lib_init_heap_1</STRONG> (Thumb, 0 bytes, Stack size unknown bytes, libinit2.o(.ARM.Collect$$libinit$$0000000A))

<P><STRONG><a name="[2cf]"></a>__rt_lib_init_lc_collate_1</STRONG> (Thumb, 0 bytes, Stack size unknown bytes, libinit2.o(.ARM.Collect$$libinit$$00000011))

<P><STRONG><a name="[2d0]"></a>__rt_lib_init_lc_ctype_1</STRONG> (Thumb, 0 bytes, Stack size unknown bytes, libinit2.o(.ARM.Collect$$libinit$$00000013))

<P><STRONG><a name="[2d1]"></a>__rt_lib_init_lc_monetary_1</STRONG> (Thumb, 0 bytes, Stack size unknown bytes, libinit2.o(.ARM.Collect$$libinit$$00000015))

<P><STRONG><a name="[2d2]"></a>__rt_lib_init_lc_numeric_1</STRONG> (Thumb, 0 bytes, Stack size unknown bytes, libinit2.o(.ARM.Collect$$libinit$$00000017))

<P><STRONG><a name="[2d3]"></a>__rt_lib_init_lc_time_1</STRONG> (Thumb, 0 bytes, Stack size unknown bytes, libinit2.o(.ARM.Collect$$libinit$$00000019))

<P><STRONG><a name="[2d4]"></a>__rt_lib_init_rand_1</STRONG> (Thumb, 0 bytes, Stack size unknown bytes, libinit2.o(.ARM.Collect$$libinit$$0000000E))

<P><STRONG><a name="[2d5]"></a>__rt_lib_init_signal_1</STRONG> (Thumb, 0 bytes, Stack size unknown bytes, libinit2.o(.ARM.Collect$$libinit$$0000001D))

<P><STRONG><a name="[2d6]"></a>__rt_lib_init_stdio_1</STRONG> (Thumb, 0 bytes, Stack size unknown bytes, libinit2.o(.ARM.Collect$$libinit$$00000025))

<P><STRONG><a name="[2d7]"></a>__rt_lib_init_user_alloc_1</STRONG> (Thumb, 0 bytes, Stack size unknown bytes, libinit2.o(.ARM.Collect$$libinit$$0000000C))

<P><STRONG><a name="[2d8]"></a>__rt_lib_init_cpp_1</STRONG> (Thumb, 0 bytes, Stack size unknown bytes, libinit2.o(.ARM.Collect$$libinit$$00000032))

<P><STRONG><a name="[2d9]"></a>__rt_lib_init_return</STRONG> (Thumb, 0 bytes, Stack size unknown bytes, libinit2.o(.ARM.Collect$$libinit$$00000033))

<P><STRONG><a name="[b4]"></a>__rt_lib_shutdown</STRONG> (Thumb, 0 bytes, Stack size unknown bytes, libshutdown.o(.ARM.Collect$$libshutdown$$00000000))
<BR><BR>[Called By]<UL><LI><a href="#[b3]">&gt;&gt;</a>&nbsp;&nbsp;&nbsp;__rt_exit_ls
</UL>

<P><STRONG><a name="[aa]"></a>__rt_lib_shutdown_cpp_2</STRONG> (Thumb, 0 bytes, Stack size unknown bytes, libshutdown2.o(.ARM.Collect$$libshutdown$$00000003))
<BR><BR>[Stack]<UL><LI>Max Depth = 40 + Unknown Stack Size
<LI>Call Chain = __rt_lib_shutdown_cpp_2 &rArr; __cxa_finalize &rArr; free
</UL>
<BR>[Calls]<UL><LI><a href="#[ab]">&gt;&gt;</a>&nbsp;&nbsp;&nbsp;__cxa_finalize
</UL>

<P><STRONG><a name="[2da]"></a>__rt_lib_shutdown_fini_1</STRONG> (Thumb, 0 bytes, Stack size unknown bytes, libshutdown2.o(.ARM.Collect$$libshutdown$$00000002))

<P><STRONG><a name="[2db]"></a>__rt_lib_shutdown_cpp_1</STRONG> (Thumb, 0 bytes, Stack size unknown bytes, libshutdown2.o(.ARM.Collect$$libshutdown$$00000004))

<P><STRONG><a name="[2dc]"></a>__rt_lib_shutdown_fp_trap_1</STRONG> (Thumb, 0 bytes, Stack size unknown bytes, libshutdown2.o(.ARM.Collect$$libshutdown$$00000009))

<P><STRONG><a name="[2dd]"></a>__rt_lib_shutdown_heap_1</STRONG> (Thumb, 0 bytes, Stack size unknown bytes, libshutdown2.o(.ARM.Collect$$libshutdown$$00000011))

<P><STRONG><a name="[2de]"></a>__rt_lib_shutdown_return</STRONG> (Thumb, 0 bytes, Stack size unknown bytes, libshutdown2.o(.ARM.Collect$$libshutdown$$00000012))

<P><STRONG><a name="[2df]"></a>__rt_lib_shutdown_signal_1</STRONG> (Thumb, 0 bytes, Stack size unknown bytes, libshutdown2.o(.ARM.Collect$$libshutdown$$0000000C))

<P><STRONG><a name="[2e0]"></a>__rt_lib_shutdown_stdio_1</STRONG> (Thumb, 0 bytes, Stack size unknown bytes, libshutdown2.o(.ARM.Collect$$libshutdown$$00000006))

<P><STRONG><a name="[2e1]"></a>__rt_lib_shutdown_user_alloc_1</STRONG> (Thumb, 0 bytes, Stack size unknown bytes, libshutdown2.o(.ARM.Collect$$libshutdown$$0000000E))

<P><STRONG><a name="[a3]"></a>__rt_entry</STRONG> (Thumb, 0 bytes, Stack size unknown bytes, __rtentry.o(.ARM.Collect$$rtentry$$00000000))
<BR><BR>[Called By]<UL><LI><a href="#[a0]">&gt;&gt;</a>&nbsp;&nbsp;&nbsp;__main
<LI><a href="#[a4]">&gt;&gt;</a>&nbsp;&nbsp;&nbsp;__scatterload_rt2
</UL>

<P><STRONG><a name="[2e2]"></a>__rt_entry_presh_1</STRONG> (Thumb, 0 bytes, Stack size unknown bytes, __rtentry2.o(.ARM.Collect$$rtentry$$00000002))

<P><STRONG><a name="[ac]"></a>__rt_entry_sh</STRONG> (Thumb, 0 bytes, Stack size unknown bytes, __rtentry4.o(.ARM.Collect$$rtentry$$00000004))
<BR><BR>[Stack]<UL><LI>Max Depth = 8 + Unknown Stack Size
<LI>Call Chain = __rt_entry_sh &rArr; __user_setup_stackheap
</UL>
<BR>[Calls]<UL><LI><a href="#[ad]">&gt;&gt;</a>&nbsp;&nbsp;&nbsp;__user_setup_stackheap
</UL>

<P><STRONG><a name="[ae]"></a>__rt_entry_li</STRONG> (Thumb, 0 bytes, Stack size unknown bytes, __rtentry2.o(.ARM.Collect$$rtentry$$0000000A))
<BR><BR>[Calls]<UL><LI><a href="#[af]">&gt;&gt;</a>&nbsp;&nbsp;&nbsp;__rt_lib_init
</UL>

<P><STRONG><a name="[2e3]"></a>__rt_entry_postsh_1</STRONG> (Thumb, 0 bytes, Stack size unknown bytes, __rtentry2.o(.ARM.Collect$$rtentry$$00000009))

<P><STRONG><a name="[b0]"></a>__rt_entry_main</STRONG> (Thumb, 0 bytes, Stack size unknown bytes, __rtentry2.o(.ARM.Collect$$rtentry$$0000000D))
<BR><BR>[Stack]<UL><LI>Max Depth = 232 + Unknown Stack Size
<LI>Call Chain = __rt_entry_main &rArr; main &rArr; MX_FREERTOS_Init &rArr; osThreadCreate &rArr; xTaskCreate &rArr; pvPortMalloc &rArr; xTaskResumeAll &rArr; xTaskIncrementTick
</UL>
<BR>[Calls]<UL><LI><a href="#[b1]">&gt;&gt;</a>&nbsp;&nbsp;&nbsp;main
<LI><a href="#[b2]">&gt;&gt;</a>&nbsp;&nbsp;&nbsp;exit
</UL>

<P><STRONG><a name="[2e4]"></a>__rt_entry_postli_1</STRONG> (Thumb, 0 bytes, Stack size unknown bytes, __rtentry2.o(.ARM.Collect$$rtentry$$0000000C))

<P><STRONG><a name="[d1]"></a>__rt_exit</STRONG> (Thumb, 0 bytes, Stack size unknown bytes, rtexit.o(.ARM.Collect$$rtexit$$00000000))
<BR><BR>[Called By]<UL><LI><a href="#[b2]">&gt;&gt;</a>&nbsp;&nbsp;&nbsp;exit
</UL>

<P><STRONG><a name="[b3]"></a>__rt_exit_ls</STRONG> (Thumb, 0 bytes, Stack size unknown bytes, rtexit2.o(.ARM.Collect$$rtexit$$00000003))
<BR><BR>[Calls]<UL><LI><a href="#[b4]">&gt;&gt;</a>&nbsp;&nbsp;&nbsp;__rt_lib_shutdown
</UL>

<P><STRONG><a name="[2e5]"></a>__rt_exit_prels_1</STRONG> (Thumb, 0 bytes, Stack size unknown bytes, rtexit2.o(.ARM.Collect$$rtexit$$00000002))

<P><STRONG><a name="[b5]"></a>__rt_exit_exit</STRONG> (Thumb, 0 bytes, Stack size unknown bytes, rtexit2.o(.ARM.Collect$$rtexit$$00000004))
<BR><BR>[Calls]<UL><LI><a href="#[b6]">&gt;&gt;</a>&nbsp;&nbsp;&nbsp;_sys_exit
</UL>

<P><STRONG><a name="[16]"></a>SVC_Handler</STRONG> (Thumb, 28 bytes, Stack size 0 bytes, port.o(.emb_text))
<BR>[Address Reference Count : 1]<UL><LI> startup_stm32f407xx.o(RESET)
</UL>
<P><STRONG><a name="[29a]"></a>__asm___6_port_c_39a90d8d__prvStartFirstTask</STRONG> (Thumb, 36 bytes, Stack size 0 bytes, port.o(.emb_text))
<BR><BR>[Called By]<UL><LI><a href="#[297]">&gt;&gt;</a>&nbsp;&nbsp;&nbsp;xPortStartScheduler
</UL>

<P><STRONG><a name="[299]"></a>__asm___6_port_c_39a90d8d__prvEnableVFP</STRONG> (Thumb, 16 bytes, Stack size 0 bytes, port.o(.emb_text))
<BR><BR>[Called By]<UL><LI><a href="#[297]">&gt;&gt;</a>&nbsp;&nbsp;&nbsp;xPortStartScheduler
</UL>

<P><STRONG><a name="[18]"></a>PendSV_Handler</STRONG> (Thumb, 88 bytes, Stack size 0 bytes, port.o(.emb_text))
<BR><BR>[Calls]<UL><LI><a href="#[b7]">&gt;&gt;</a>&nbsp;&nbsp;&nbsp;vTaskSwitchContext
</UL>
<BR>[Address Reference Count : 1]<UL><LI> startup_stm32f407xx.o(RESET)
</UL>
<P><STRONG><a name="[291]"></a>vPortGetIPSR</STRONG> (Thumb, 6 bytes, Stack size 0 bytes, port.o(.emb_text))
<BR><BR>[Called By]<UL><LI><a href="#[290]">&gt;&gt;</a>&nbsp;&nbsp;&nbsp;vPortValidateInterruptPriority
</UL>

<P><STRONG><a name="[10]"></a>Reset_Handler</STRONG> (Thumb, 8 bytes, Stack size 0 bytes, startup_stm32f407xx.o(.text))
<BR>[Address Reference Count : 1]<UL><LI> startup_stm32f407xx.o(RESET)
</UL>
<P><STRONG><a name="[2e6]"></a>_maybe_terminate_alloc</STRONG> (Thumb, 0 bytes, Stack size 0 bytes, maybetermalloc1.o(.emb_text), UNUSED)

<P><STRONG><a name="[2c]"></a>ADC_IRQHandler</STRONG> (Thumb, 0 bytes, Stack size 0 bytes, startup_stm32f407xx.o(.text))
<BR><BR>[Calls]<UL><LI><a href="#[2c]">&gt;&gt;</a>&nbsp;&nbsp;&nbsp;ADC_IRQHandler
</UL>
<BR>[Called By]<UL><LI><a href="#[2c]">&gt;&gt;</a>&nbsp;&nbsp;&nbsp;ADC_IRQHandler
</UL>
<BR>[Address Reference Count : 1]<UL><LI> startup_stm32f407xx.o(RESET)
</UL>
<P><STRONG><a name="[2f]"></a>CAN1_RX1_IRQHandler</STRONG> (Thumb, 0 bytes, Stack size 0 bytes, startup_stm32f407xx.o(.text))
<BR>[Address Reference Count : 1]<UL><LI> startup_stm32f407xx.o(RESET)
</UL>
<P><STRONG><a name="[30]"></a>CAN1_SCE_IRQHandler</STRONG> (Thumb, 0 bytes, Stack size 0 bytes, startup_stm32f407xx.o(.text))
<BR>[Address Reference Count : 1]<UL><LI> startup_stm32f407xx.o(RESET)
</UL>
<P><STRONG><a name="[2d]"></a>CAN1_TX_IRQHandler</STRONG> (Thumb, 0 bytes, Stack size 0 bytes, startup_stm32f407xx.o(.text))
<BR>[Address Reference Count : 1]<UL><LI> startup_stm32f407xx.o(RESET)
</UL>
<P><STRONG><a name="[5b]"></a>CAN2_RX1_IRQHandler</STRONG> (Thumb, 0 bytes, Stack size 0 bytes, startup_stm32f407xx.o(.text))
<BR>[Address Reference Count : 1]<UL><LI> startup_stm32f407xx.o(RESET)
</UL>
<P><STRONG><a name="[5c]"></a>CAN2_SCE_IRQHandler</STRONG> (Thumb, 0 bytes, Stack size 0 bytes, startup_stm32f407xx.o(.text))
<BR>[Address Reference Count : 1]<UL><LI> startup_stm32f407xx.o(RESET)
</UL>
<P><STRONG><a name="[59]"></a>CAN2_TX_IRQHandler</STRONG> (Thumb, 0 bytes, Stack size 0 bytes, startup_stm32f407xx.o(.text))
<BR>[Address Reference Count : 1]<UL><LI> startup_stm32f407xx.o(RESET)
</UL>
<P><STRONG><a name="[68]"></a>DCMI_IRQHandler</STRONG> (Thumb, 0 bytes, Stack size 0 bytes, startup_stm32f407xx.o(.text))
<BR>[Address Reference Count : 1]<UL><LI> startup_stm32f407xx.o(RESET)
</UL>
<P><STRONG><a name="[25]"></a>DMA1_Stream0_IRQHandler</STRONG> (Thumb, 0 bytes, Stack size 0 bytes, startup_stm32f407xx.o(.text))
<BR>[Address Reference Count : 1]<UL><LI> startup_stm32f407xx.o(RESET)
</UL>
<P><STRONG><a name="[27]"></a>DMA1_Stream2_IRQHandler</STRONG> (Thumb, 0 bytes, Stack size 0 bytes, startup_stm32f407xx.o(.text))
<BR>[Address Reference Count : 1]<UL><LI> startup_stm32f407xx.o(RESET)
</UL>
<P><STRONG><a name="[28]"></a>DMA1_Stream3_IRQHandler</STRONG> (Thumb, 0 bytes, Stack size 0 bytes, startup_stm32f407xx.o(.text))
<BR>[Address Reference Count : 1]<UL><LI> startup_stm32f407xx.o(RESET)
</UL>
<P><STRONG><a name="[29]"></a>DMA1_Stream4_IRQHandler</STRONG> (Thumb, 0 bytes, Stack size 0 bytes, startup_stm32f407xx.o(.text))
<BR>[Address Reference Count : 1]<UL><LI> startup_stm32f407xx.o(RESET)
</UL>
<P><STRONG><a name="[2a]"></a>DMA1_Stream5_IRQHandler</STRONG> (Thumb, 0 bytes, Stack size 0 bytes, startup_stm32f407xx.o(.text))
<BR>[Address Reference Count : 1]<UL><LI> startup_stm32f407xx.o(RESET)
</UL>
<P><STRONG><a name="[2b]"></a>DMA1_Stream6_IRQHandler</STRONG> (Thumb, 0 bytes, Stack size 0 bytes, startup_stm32f407xx.o(.text))
<BR>[Address Reference Count : 1]<UL><LI> startup_stm32f407xx.o(RESET)
</UL>
<P><STRONG><a name="[49]"></a>DMA1_Stream7_IRQHandler</STRONG> (Thumb, 0 bytes, Stack size 0 bytes, startup_stm32f407xx.o(.text))
<BR>[Address Reference Count : 1]<UL><LI> startup_stm32f407xx.o(RESET)
</UL>
<P><STRONG><a name="[52]"></a>DMA2_Stream0_IRQHandler</STRONG> (Thumb, 0 bytes, Stack size 0 bytes, startup_stm32f407xx.o(.text))
<BR>[Address Reference Count : 1]<UL><LI> startup_stm32f407xx.o(RESET)
</UL>
<P><STRONG><a name="[55]"></a>DMA2_Stream3_IRQHandler</STRONG> (Thumb, 0 bytes, Stack size 0 bytes, startup_stm32f407xx.o(.text))
<BR>[Address Reference Count : 1]<UL><LI> startup_stm32f407xx.o(RESET)
</UL>
<P><STRONG><a name="[56]"></a>DMA2_Stream4_IRQHandler</STRONG> (Thumb, 0 bytes, Stack size 0 bytes, startup_stm32f407xx.o(.text))
<BR>[Address Reference Count : 1]<UL><LI> startup_stm32f407xx.o(RESET)
</UL>
<P><STRONG><a name="[5e]"></a>DMA2_Stream5_IRQHandler</STRONG> (Thumb, 0 bytes, Stack size 0 bytes, startup_stm32f407xx.o(.text))
<BR>[Address Reference Count : 1]<UL><LI> startup_stm32f407xx.o(RESET)
</UL>
<P><STRONG><a name="[57]"></a>ETH_IRQHandler</STRONG> (Thumb, 0 bytes, Stack size 0 bytes, startup_stm32f407xx.o(.text))
<BR>[Address Reference Count : 1]<UL><LI> startup_stm32f407xx.o(RESET)
</UL>
<P><STRONG><a name="[58]"></a>ETH_WKUP_IRQHandler</STRONG> (Thumb, 0 bytes, Stack size 0 bytes, startup_stm32f407xx.o(.text))
<BR>[Address Reference Count : 1]<UL><LI> startup_stm32f407xx.o(RESET)
</UL>
<P><STRONG><a name="[42]"></a>EXTI15_10_IRQHandler</STRONG> (Thumb, 0 bytes, Stack size 0 bytes, startup_stm32f407xx.o(.text))
<BR>[Address Reference Count : 1]<UL><LI> startup_stm32f407xx.o(RESET)
</UL>
<P><STRONG><a name="[21]"></a>EXTI1_IRQHandler</STRONG> (Thumb, 0 bytes, Stack size 0 bytes, startup_stm32f407xx.o(.text))
<BR>[Address Reference Count : 1]<UL><LI> startup_stm32f407xx.o(RESET)
</UL>
<P><STRONG><a name="[22]"></a>EXTI2_IRQHandler</STRONG> (Thumb, 0 bytes, Stack size 0 bytes, startup_stm32f407xx.o(.text))
<BR>[Address Reference Count : 1]<UL><LI> startup_stm32f407xx.o(RESET)
</UL>
<P><STRONG><a name="[1e]"></a>FLASH_IRQHandler</STRONG> (Thumb, 0 bytes, Stack size 0 bytes, startup_stm32f407xx.o(.text))
<BR>[Address Reference Count : 1]<UL><LI> startup_stm32f407xx.o(RESET)
</UL>
<P><STRONG><a name="[4a]"></a>FMC_IRQHandler</STRONG> (Thumb, 0 bytes, Stack size 0 bytes, startup_stm32f407xx.o(.text))
<BR>[Address Reference Count : 1]<UL><LI> startup_stm32f407xx.o(RESET)
</UL>
<P><STRONG><a name="[6a]"></a>FPU_IRQHandler</STRONG> (Thumb, 0 bytes, Stack size 0 bytes, startup_stm32f407xx.o(.text))
<BR>[Address Reference Count : 1]<UL><LI> startup_stm32f407xx.o(RESET)
</UL>
<P><STRONG><a name="[69]"></a>HASH_RNG_IRQHandler</STRONG> (Thumb, 0 bytes, Stack size 0 bytes, startup_stm32f407xx.o(.text))
<BR>[Address Reference Count : 1]<UL><LI> startup_stm32f407xx.o(RESET)
</UL>
<P><STRONG><a name="[3a]"></a>I2C1_ER_IRQHandler</STRONG> (Thumb, 0 bytes, Stack size 0 bytes, startup_stm32f407xx.o(.text))
<BR>[Address Reference Count : 1]<UL><LI> startup_stm32f407xx.o(RESET)
</UL>
<P><STRONG><a name="[39]"></a>I2C1_EV_IRQHandler</STRONG> (Thumb, 0 bytes, Stack size 0 bytes, startup_stm32f407xx.o(.text))
<BR>[Address Reference Count : 1]<UL><LI> startup_stm32f407xx.o(RESET)
</UL>
<P><STRONG><a name="[3c]"></a>I2C2_ER_IRQHandler</STRONG> (Thumb, 0 bytes, Stack size 0 bytes, startup_stm32f407xx.o(.text))
<BR>[Address Reference Count : 1]<UL><LI> startup_stm32f407xx.o(RESET)
</UL>
<P><STRONG><a name="[3b]"></a>I2C2_EV_IRQHandler</STRONG> (Thumb, 0 bytes, Stack size 0 bytes, startup_stm32f407xx.o(.text))
<BR>[Address Reference Count : 1]<UL><LI> startup_stm32f407xx.o(RESET)
</UL>
<P><STRONG><a name="[63]"></a>I2C3_ER_IRQHandler</STRONG> (Thumb, 0 bytes, Stack size 0 bytes, startup_stm32f407xx.o(.text))
<BR>[Address Reference Count : 1]<UL><LI> startup_stm32f407xx.o(RESET)
</UL>
<P><STRONG><a name="[62]"></a>I2C3_EV_IRQHandler</STRONG> (Thumb, 0 bytes, Stack size 0 bytes, startup_stm32f407xx.o(.text))
<BR>[Address Reference Count : 1]<UL><LI> startup_stm32f407xx.o(RESET)
</UL>
<P><STRONG><a name="[5d]"></a>OTG_FS_IRQHandler</STRONG> (Thumb, 0 bytes, Stack size 0 bytes, startup_stm32f407xx.o(.text))
<BR>[Address Reference Count : 1]<UL><LI> startup_stm32f407xx.o(RESET)
</UL>
<P><STRONG><a name="[44]"></a>OTG_FS_WKUP_IRQHandler</STRONG> (Thumb, 0 bytes, Stack size 0 bytes, startup_stm32f407xx.o(.text))
<BR>[Address Reference Count : 1]<UL><LI> startup_stm32f407xx.o(RESET)
</UL>
<P><STRONG><a name="[65]"></a>OTG_HS_EP1_IN_IRQHandler</STRONG> (Thumb, 0 bytes, Stack size 0 bytes, startup_stm32f407xx.o(.text))
<BR>[Address Reference Count : 1]<UL><LI> startup_stm32f407xx.o(RESET)
</UL>
<P><STRONG><a name="[64]"></a>OTG_HS_EP1_OUT_IRQHandler</STRONG> (Thumb, 0 bytes, Stack size 0 bytes, startup_stm32f407xx.o(.text))
<BR>[Address Reference Count : 1]<UL><LI> startup_stm32f407xx.o(RESET)
</UL>
<P><STRONG><a name="[67]"></a>OTG_HS_IRQHandler</STRONG> (Thumb, 0 bytes, Stack size 0 bytes, startup_stm32f407xx.o(.text))
<BR>[Address Reference Count : 1]<UL><LI> startup_stm32f407xx.o(RESET)
</UL>
<P><STRONG><a name="[66]"></a>OTG_HS_WKUP_IRQHandler</STRONG> (Thumb, 0 bytes, Stack size 0 bytes, startup_stm32f407xx.o(.text))
<BR>[Address Reference Count : 1]<UL><LI> startup_stm32f407xx.o(RESET)
</UL>
<P><STRONG><a name="[1f]"></a>RCC_IRQHandler</STRONG> (Thumb, 0 bytes, Stack size 0 bytes, startup_stm32f407xx.o(.text))
<BR>[Address Reference Count : 1]<UL><LI> startup_stm32f407xx.o(RESET)
</UL>
<P><STRONG><a name="[43]"></a>RTC_Alarm_IRQHandler</STRONG> (Thumb, 0 bytes, Stack size 0 bytes, startup_stm32f407xx.o(.text))
<BR>[Address Reference Count : 1]<UL><LI> startup_stm32f407xx.o(RESET)
</UL>
<P><STRONG><a name="[1d]"></a>RTC_WKUP_IRQHandler</STRONG> (Thumb, 0 bytes, Stack size 0 bytes, startup_stm32f407xx.o(.text))
<BR>[Address Reference Count : 1]<UL><LI> startup_stm32f407xx.o(RESET)
</UL>
<P><STRONG><a name="[4b]"></a>SDIO_IRQHandler</STRONG> (Thumb, 0 bytes, Stack size 0 bytes, startup_stm32f407xx.o(.text))
<BR>[Address Reference Count : 1]<UL><LI> startup_stm32f407xx.o(RESET)
</UL>
<P><STRONG><a name="[3d]"></a>SPI1_IRQHandler</STRONG> (Thumb, 0 bytes, Stack size 0 bytes, startup_stm32f407xx.o(.text))
<BR>[Address Reference Count : 1]<UL><LI> startup_stm32f407xx.o(RESET)
</UL>
<P><STRONG><a name="[3e]"></a>SPI2_IRQHandler</STRONG> (Thumb, 0 bytes, Stack size 0 bytes, startup_stm32f407xx.o(.text))
<BR>[Address Reference Count : 1]<UL><LI> startup_stm32f407xx.o(RESET)
</UL>
<P><STRONG><a name="[4d]"></a>SPI3_IRQHandler</STRONG> (Thumb, 0 bytes, Stack size 0 bytes, startup_stm32f407xx.o(.text))
<BR>[Address Reference Count : 1]<UL><LI> startup_stm32f407xx.o(RESET)
</UL>
<P><STRONG><a name="[1c]"></a>TAMP_STAMP_IRQHandler</STRONG> (Thumb, 0 bytes, Stack size 0 bytes, startup_stm32f407xx.o(.text))
<BR>[Address Reference Count : 1]<UL><LI> startup_stm32f407xx.o(RESET)
</UL>
<P><STRONG><a name="[32]"></a>TIM1_BRK_TIM9_IRQHandler</STRONG> (Thumb, 0 bytes, Stack size 0 bytes, startup_stm32f407xx.o(.text))
<BR>[Address Reference Count : 1]<UL><LI> startup_stm32f407xx.o(RESET)
</UL>
<P><STRONG><a name="[35]"></a>TIM1_CC_IRQHandler</STRONG> (Thumb, 0 bytes, Stack size 0 bytes, startup_stm32f407xx.o(.text))
<BR>[Address Reference Count : 1]<UL><LI> startup_stm32f407xx.o(RESET)
</UL>
<P><STRONG><a name="[34]"></a>TIM1_TRG_COM_TIM11_IRQHandler</STRONG> (Thumb, 0 bytes, Stack size 0 bytes, startup_stm32f407xx.o(.text))
<BR>[Address Reference Count : 1]<UL><LI> startup_stm32f407xx.o(RESET)
</UL>
<P><STRONG><a name="[33]"></a>TIM1_UP_TIM10_IRQHandler</STRONG> (Thumb, 0 bytes, Stack size 0 bytes, startup_stm32f407xx.o(.text))
<BR>[Address Reference Count : 1]<UL><LI> startup_stm32f407xx.o(RESET)
</UL>
<P><STRONG><a name="[36]"></a>TIM2_IRQHandler</STRONG> (Thumb, 0 bytes, Stack size 0 bytes, startup_stm32f407xx.o(.text))
<BR>[Address Reference Count : 1]<UL><LI> startup_stm32f407xx.o(RESET)
</UL>
<P><STRONG><a name="[37]"></a>TIM3_IRQHandler</STRONG> (Thumb, 0 bytes, Stack size 0 bytes, startup_stm32f407xx.o(.text))
<BR>[Address Reference Count : 1]<UL><LI> startup_stm32f407xx.o(RESET)
</UL>
<P><STRONG><a name="[38]"></a>TIM4_IRQHandler</STRONG> (Thumb, 0 bytes, Stack size 0 bytes, startup_stm32f407xx.o(.text))
<BR>[Address Reference Count : 1]<UL><LI> startup_stm32f407xx.o(RESET)
</UL>
<P><STRONG><a name="[4c]"></a>TIM5_IRQHandler</STRONG> (Thumb, 0 bytes, Stack size 0 bytes, startup_stm32f407xx.o(.text))
<BR>[Address Reference Count : 1]<UL><LI> startup_stm32f407xx.o(RESET)
</UL>
<P><STRONG><a name="[51]"></a>TIM7_IRQHandler</STRONG> (Thumb, 0 bytes, Stack size 0 bytes, startup_stm32f407xx.o(.text))
<BR>[Address Reference Count : 1]<UL><LI> startup_stm32f407xx.o(RESET)
</UL>
<P><STRONG><a name="[45]"></a>TIM8_BRK_TIM12_IRQHandler</STRONG> (Thumb, 0 bytes, Stack size 0 bytes, startup_stm32f407xx.o(.text))
<BR>[Address Reference Count : 1]<UL><LI> startup_stm32f407xx.o(RESET)
</UL>
<P><STRONG><a name="[48]"></a>TIM8_CC_IRQHandler</STRONG> (Thumb, 0 bytes, Stack size 0 bytes, startup_stm32f407xx.o(.text))
<BR>[Address Reference Count : 1]<UL><LI> startup_stm32f407xx.o(RESET)
</UL>
<P><STRONG><a name="[47]"></a>TIM8_TRG_COM_TIM14_IRQHandler</STRONG> (Thumb, 0 bytes, Stack size 0 bytes, startup_stm32f407xx.o(.text))
<BR>[Address Reference Count : 1]<UL><LI> startup_stm32f407xx.o(RESET)
</UL>
<P><STRONG><a name="[46]"></a>TIM8_UP_TIM13_IRQHandler</STRONG> (Thumb, 0 bytes, Stack size 0 bytes, startup_stm32f407xx.o(.text))
<BR>[Address Reference Count : 1]<UL><LI> startup_stm32f407xx.o(RESET)
</UL>
<P><STRONG><a name="[4e]"></a>UART4_IRQHandler</STRONG> (Thumb, 0 bytes, Stack size 0 bytes, startup_stm32f407xx.o(.text))
<BR>[Address Reference Count : 1]<UL><LI> startup_stm32f407xx.o(RESET)
</UL>
<P><STRONG><a name="[4f]"></a>UART5_IRQHandler</STRONG> (Thumb, 0 bytes, Stack size 0 bytes, startup_stm32f407xx.o(.text))
<BR>[Address Reference Count : 1]<UL><LI> startup_stm32f407xx.o(RESET)
</UL>
<P><STRONG><a name="[40]"></a>USART2_IRQHandler</STRONG> (Thumb, 0 bytes, Stack size 0 bytes, startup_stm32f407xx.o(.text))
<BR>[Address Reference Count : 1]<UL><LI> startup_stm32f407xx.o(RESET)
</UL>
<P><STRONG><a name="[1a]"></a>WWDG_IRQHandler</STRONG> (Thumb, 0 bytes, Stack size 0 bytes, startup_stm32f407xx.o(.text))
<BR>[Address Reference Count : 1]<UL><LI> startup_stm32f407xx.o(RESET)
</UL>
<P><STRONG><a name="[d0]"></a>__user_initial_stackheap</STRONG> (Thumb, 0 bytes, Stack size unknown bytes, startup_stm32f407xx.o(.text))
<BR><BR>[Called By]<UL><LI><a href="#[ad]">&gt;&gt;</a>&nbsp;&nbsp;&nbsp;__user_setup_stackheap
</UL>

<P><STRONG><a name="[165]"></a>arm_cos_f32</STRONG> (Thumb, 108 bytes, Stack size 0 bytes, arm_cos_f32.o(.text))
<BR><BR>[Called By]<UL><LI><a href="#[164]">&gt;&gt;</a>&nbsp;&nbsp;&nbsp;IMU_Param_Correction
<LI><a href="#[219]">&gt;&gt;</a>&nbsp;&nbsp;&nbsp;Chassis_classdef::Speed_Decompose(float, float*, float*)
</UL>

<P><STRONG><a name="[166]"></a>arm_sin_f32</STRONG> (Thumb, 130 bytes, Stack size 0 bytes, arm_sin_f32.o(.text))
<BR><BR>[Called By]<UL><LI><a href="#[164]">&gt;&gt;</a>&nbsp;&nbsp;&nbsp;IMU_Param_Correction
<LI><a href="#[219]">&gt;&gt;</a>&nbsp;&nbsp;&nbsp;Chassis_classdef::Speed_Decompose(float, float*, float*)
<LI><a href="#[215]">&gt;&gt;</a>&nbsp;&nbsp;&nbsp;Chassis_classdef::Swing_Ctrl(float*, float*, float*)
</UL>

<P><STRONG><a name="[170]"></a>arm_mat_add_f32</STRONG> (Thumb, 264 bytes, Stack size 12 bytes, arm_mat_add_f32.o(.text))
<BR><BR>[Stack]<UL><LI>Max Depth = 12<LI>Call Chain = arm_mat_add_f32
</UL>
<BR>[Called By]<UL><LI><a href="#[186]">&gt;&gt;</a>&nbsp;&nbsp;&nbsp;Kalman_Filter_xhatUpdate
<LI><a href="#[185]">&gt;&gt;</a>&nbsp;&nbsp;&nbsp;Kalman_Filter_xhatMinusUpdate
<LI><a href="#[184]">&gt;&gt;</a>&nbsp;&nbsp;&nbsp;Kalman_Filter_SetK
<LI><a href="#[183]">&gt;&gt;</a>&nbsp;&nbsp;&nbsp;Kalman_Filter_PminusUpdate
<LI><a href="#[76]">&gt;&gt;</a>&nbsp;&nbsp;&nbsp;IMU_QuaternionEKF_xhatUpdate
</UL>

<P><STRONG><a name="[180]"></a>arm_mat_init_f32</STRONG> (Thumb, 8 bytes, Stack size 0 bytes, arm_mat_init_f32.o(.text))
<BR><BR>[Called By]<UL><LI><a href="#[169]">&gt;&gt;</a>&nbsp;&nbsp;&nbsp;Kalman_Filter_Init
</UL>

<P><STRONG><a name="[171]"></a>arm_mat_inverse_f32</STRONG> (Thumb, 1328 bytes, Stack size 60 bytes, arm_mat_inverse_f32.o(.text))
<BR><BR>[Stack]<UL><LI>Max Depth = 60<LI>Call Chain = arm_mat_inverse_f32
</UL>
<BR>[Called By]<UL><LI><a href="#[184]">&gt;&gt;</a>&nbsp;&nbsp;&nbsp;Kalman_Filter_SetK
<LI><a href="#[76]">&gt;&gt;</a>&nbsp;&nbsp;&nbsp;IMU_QuaternionEKF_xhatUpdate
</UL>

<P><STRONG><a name="[16f]"></a>arm_mat_mult_f32</STRONG> (Thumb, 312 bytes, Stack size 44 bytes, arm_mat_mult_f32.o(.text))
<BR><BR>[Stack]<UL><LI>Max Depth = 44<LI>Call Chain = arm_mat_mult_f32
</UL>
<BR>[Called By]<UL><LI><a href="#[186]">&gt;&gt;</a>&nbsp;&nbsp;&nbsp;Kalman_Filter_xhatUpdate
<LI><a href="#[185]">&gt;&gt;</a>&nbsp;&nbsp;&nbsp;Kalman_Filter_xhatMinusUpdate
<LI><a href="#[184]">&gt;&gt;</a>&nbsp;&nbsp;&nbsp;Kalman_Filter_SetK
<LI><a href="#[183]">&gt;&gt;</a>&nbsp;&nbsp;&nbsp;Kalman_Filter_PminusUpdate
<LI><a href="#[182]">&gt;&gt;</a>&nbsp;&nbsp;&nbsp;Kalman_Filter_P_Update
<LI><a href="#[76]">&gt;&gt;</a>&nbsp;&nbsp;&nbsp;IMU_QuaternionEKF_xhatUpdate
</UL>

<P><STRONG><a name="[173]"></a>arm_mat_sub_f32</STRONG> (Thumb, 264 bytes, Stack size 12 bytes, arm_mat_sub_f32.o(.text))
<BR><BR>[Stack]<UL><LI>Max Depth = 12<LI>Call Chain = arm_mat_sub_f32
</UL>
<BR>[Called By]<UL><LI><a href="#[186]">&gt;&gt;</a>&nbsp;&nbsp;&nbsp;Kalman_Filter_xhatUpdate
<LI><a href="#[182]">&gt;&gt;</a>&nbsp;&nbsp;&nbsp;Kalman_Filter_P_Update
<LI><a href="#[76]">&gt;&gt;</a>&nbsp;&nbsp;&nbsp;IMU_QuaternionEKF_xhatUpdate
</UL>

<P><STRONG><a name="[16e]"></a>arm_mat_trans_f32</STRONG> (Thumb, 276 bytes, Stack size 44 bytes, arm_mat_trans_f32.o(.text))
<BR><BR>[Stack]<UL><LI>Max Depth = 44<LI>Call Chain = arm_mat_trans_f32
</UL>
<BR>[Called By]<UL><LI><a href="#[184]">&gt;&gt;</a>&nbsp;&nbsp;&nbsp;Kalman_Filter_SetK
<LI><a href="#[183]">&gt;&gt;</a>&nbsp;&nbsp;&nbsp;Kalman_Filter_PminusUpdate
<LI><a href="#[76]">&gt;&gt;</a>&nbsp;&nbsp;&nbsp;IMU_QuaternionEKF_xhatUpdate
</UL>

<P><STRONG><a name="[b8]"></a>malloc</STRONG> (Thumb, 94 bytes, Stack size 16 bytes, h1_alloc.o(.text))
<BR><BR>[Stack]<UL><LI>Max Depth = 48<LI>Call Chain = malloc &rArr; __Heap_Full &rArr; __Heap_ProvideMemory &rArr; free
</UL>
<BR>[Calls]<UL><LI><a href="#[ba]">&gt;&gt;</a>&nbsp;&nbsp;&nbsp;__Heap_Full
<LI><a href="#[b9]">&gt;&gt;</a>&nbsp;&nbsp;&nbsp;__rt_heap_descriptor
</UL>
<BR>[Called By]<UL><LI><a href="#[169]">&gt;&gt;</a>&nbsp;&nbsp;&nbsp;Kalman_Filter_Init
<LI><a href="#[bb]">&gt;&gt;</a>&nbsp;&nbsp;&nbsp;__aeabi_atexit
</UL>

<P><STRONG><a name="[f4]"></a>__aeabi_uldivmod</STRONG> (Thumb, 0 bytes, Stack size 48 bytes, lludivv7m.o(.text))
<BR><BR>[Stack]<UL><LI>Max Depth = 48<LI>Call Chain = __aeabi_uldivmod
</UL>
<BR>[Called By]<UL><LI><a href="#[133]">&gt;&gt;</a>&nbsp;&nbsp;&nbsp;HAL_RCC_GetSysClockFreq
<LI><a href="#[160]">&gt;&gt;</a>&nbsp;&nbsp;&nbsp;UART_SetConfig
<LI><a href="#[f3]">&gt;&gt;</a>&nbsp;&nbsp;&nbsp;DWT_SysTimeUpdate
</UL>

<P><STRONG><a name="[2e7]"></a>_ll_udiv</STRONG> (Thumb, 238 bytes, Stack size 48 bytes, lludivv7m.o(.text), UNUSED)

<P><STRONG><a name="[bb]"></a>__aeabi_atexit</STRONG> (Thumb, 46 bytes, Stack size 24 bytes, aeabi_atexit.o(.text))
<BR><BR>[Stack]<UL><LI>Max Depth = 72<LI>Call Chain = __aeabi_atexit &rArr; malloc &rArr; __Heap_Full &rArr; __Heap_ProvideMemory &rArr; free
</UL>
<BR>[Calls]<UL><LI><a href="#[b8]">&gt;&gt;</a>&nbsp;&nbsp;&nbsp;malloc
<LI><a href="#[bc]">&gt;&gt;</a>&nbsp;&nbsp;&nbsp;__rt_ddtor_pointer_addr
</UL>
<BR>[Called By]<UL><LI><a href="#[9c]">&gt;&gt;</a>&nbsp;&nbsp;&nbsp;__sti___19_System_DataPool_cpp_DR16
</UL>

<P><STRONG><a name="[1d9]"></a>__aeabi_memcpy</STRONG> (Thumb, 0 bytes, Stack size 0 bytes, rt_memcpy_v6.o(.text))
<BR><BR>[Called By]<UL><LI><a href="#[275]">&gt;&gt;</a>&nbsp;&nbsp;&nbsp;prvCopyDataToQueue
<LI><a href="#[274]">&gt;&gt;</a>&nbsp;&nbsp;&nbsp;prvCopyDataFromQueue
<LI><a href="#[1ae]">&gt;&gt;</a>&nbsp;&nbsp;&nbsp;DR16_Classdef::DataCapture(DR16_DataPack_Typedef*)
<LI><a href="#[25a]">&gt;&gt;</a>&nbsp;&nbsp;&nbsp;flash_read
<LI><a href="#[9c]">&gt;&gt;</a>&nbsp;&nbsp;&nbsp;__sti___19_System_DataPool_cpp_DR16
</UL>

<P><STRONG><a name="[bd]"></a>__rt_memcpy</STRONG> (Thumb, 138 bytes, Stack size 0 bytes, rt_memcpy_v6.o(.text), UNUSED)
<BR><BR>[Calls]<UL><LI><a href="#[be]">&gt;&gt;</a>&nbsp;&nbsp;&nbsp;__aeabi_memcpy4
</UL>

<P><STRONG><a name="[2e8]"></a>_memcpy_lastbytes</STRONG> (Thumb, 0 bytes, Stack size unknown bytes, rt_memcpy_v6.o(.text), UNUSED)

<P><STRONG><a name="[be]"></a>__aeabi_memcpy4</STRONG> (Thumb, 0 bytes, Stack size 8 bytes, rt_memcpy_w.o(.text))
<BR><BR>[Stack]<UL><LI>Max Depth = 8<LI>Call Chain = __aeabi_memcpy4
</UL>
<BR>[Called By]<UL><LI><a href="#[18d]">&gt;&gt;</a>&nbsp;&nbsp;&nbsp;MX_FREERTOS_Init
<LI><a href="#[1d6]">&gt;&gt;</a>&nbsp;&nbsp;&nbsp;LED_classdef::LED_classdef()
<LI><a href="#[181]">&gt;&gt;</a>&nbsp;&nbsp;&nbsp;Kalman_Filter_Measure
<LI><a href="#[163]">&gt;&gt;</a>&nbsp;&nbsp;&nbsp;H_K_R_Adjustment
<LI><a href="#[16b]">&gt;&gt;</a>&nbsp;&nbsp;&nbsp;Kalman_Filter_Update
<LI><a href="#[76]">&gt;&gt;</a>&nbsp;&nbsp;&nbsp;IMU_QuaternionEKF_xhatUpdate
<LI><a href="#[73]">&gt;&gt;</a>&nbsp;&nbsp;&nbsp;IMU_QuaternionEKF_Observe
<LI><a href="#[16a]">&gt;&gt;</a>&nbsp;&nbsp;&nbsp;IMU_QuaternionEKF_Update
<LI><a href="#[168]">&gt;&gt;</a>&nbsp;&nbsp;&nbsp;IMU_QuaternionEKF_Init
<LI><a href="#[240]">&gt;&gt;</a>&nbsp;&nbsp;&nbsp;SerialDebug_classdef::SerialDebug_classdef()
<LI><a href="#[bd]">&gt;&gt;</a>&nbsp;&nbsp;&nbsp;__rt_memcpy
</UL>

<P><STRONG><a name="[2e9]"></a>__aeabi_memcpy8</STRONG> (Thumb, 0 bytes, Stack size 8 bytes, rt_memcpy_w.o(.text), UNUSED)

<P><STRONG><a name="[2ea]"></a>__rt_memcpy_w</STRONG> (Thumb, 100 bytes, Stack size 8 bytes, rt_memcpy_w.o(.text), UNUSED)

<P><STRONG><a name="[2eb]"></a>_memcpy_lastbytes_aligned</STRONG> (Thumb, 0 bytes, Stack size unknown bytes, rt_memcpy_w.o(.text), UNUSED)

<P><STRONG><a name="[bf]"></a>__aeabi_memset</STRONG> (Thumb, 16 bytes, Stack size 0 bytes, aeabi_memset.o(.text))
<BR><BR>[Calls]<UL><LI><a href="#[c0]">&gt;&gt;</a>&nbsp;&nbsp;&nbsp;_memset
</UL>
<BR>[Called By]<UL><LI><a href="#[27a]">&gt;&gt;</a>&nbsp;&nbsp;&nbsp;prvInitialiseNewTask
</UL>

<P><STRONG><a name="[17f]"></a>__aeabi_memclr</STRONG> (Thumb, 0 bytes, Stack size 0 bytes, rt_memclr.o(.text))
<BR><BR>[Called By]<UL><LI><a href="#[169]">&gt;&gt;</a>&nbsp;&nbsp;&nbsp;Kalman_Filter_Init
</UL>

<P><STRONG><a name="[c1]"></a>__rt_memclr</STRONG> (Thumb, 68 bytes, Stack size 0 bytes, rt_memclr.o(.text), UNUSED)
<BR><BR>[Calls]<UL><LI><a href="#[c2]">&gt;&gt;</a>&nbsp;&nbsp;&nbsp;_memset_w
</UL>

<P><STRONG><a name="[c0]"></a>_memset</STRONG> (Thumb, 0 bytes, Stack size unknown bytes, rt_memclr.o(.text))
<BR><BR>[Called By]<UL><LI><a href="#[bf]">&gt;&gt;</a>&nbsp;&nbsp;&nbsp;__aeabi_memset
</UL>

<P><STRONG><a name="[fa]"></a>__aeabi_memclr4</STRONG> (Thumb, 0 bytes, Stack size 4 bytes, rt_memclr_w.o(.text))
<BR><BR>[Stack]<UL><LI>Max Depth = 4<LI>Call Chain = __aeabi_memclr4
</UL>
<BR>[Called By]<UL><LI><a href="#[138]">&gt;&gt;</a>&nbsp;&nbsp;&nbsp;HAL_SPI_MspInit
<LI><a href="#[14a]">&gt;&gt;</a>&nbsp;&nbsp;&nbsp;HAL_TIM_MspPostInit
<LI><a href="#[124]">&gt;&gt;</a>&nbsp;&nbsp;&nbsp;HAL_I2C_MspInit
<LI><a href="#[10e]">&gt;&gt;</a>&nbsp;&nbsp;&nbsp;HAL_CAN_MspInit
<LI><a href="#[fd]">&gt;&gt;</a>&nbsp;&nbsp;&nbsp;HAL_ADC_MspInit
<LI><a href="#[199]">&gt;&gt;</a>&nbsp;&nbsp;&nbsp;MX_TIM5_Init
<LI><a href="#[198]">&gt;&gt;</a>&nbsp;&nbsp;&nbsp;MX_TIM4_Init
<LI><a href="#[195]">&gt;&gt;</a>&nbsp;&nbsp;&nbsp;MX_TIM1_Init
<LI><a href="#[194]">&gt;&gt;</a>&nbsp;&nbsp;&nbsp;MX_TIM10_Init
<LI><a href="#[190]">&gt;&gt;</a>&nbsp;&nbsp;&nbsp;MX_GPIO_Init
<LI><a href="#[f9]">&gt;&gt;</a>&nbsp;&nbsp;&nbsp;GPIO_Init
<LI><a href="#[1a3]">&gt;&gt;</a>&nbsp;&nbsp;&nbsp;SystemClock_Config
<LI><a href="#[15f]">&gt;&gt;</a>&nbsp;&nbsp;&nbsp;HAL_UART_MspInit
<LI><a href="#[181]">&gt;&gt;</a>&nbsp;&nbsp;&nbsp;Kalman_Filter_Measure
<LI><a href="#[163]">&gt;&gt;</a>&nbsp;&nbsp;&nbsp;H_K_R_Adjustment
<LI><a href="#[169]">&gt;&gt;</a>&nbsp;&nbsp;&nbsp;Kalman_Filter_Init
<LI><a href="#[75]">&gt;&gt;</a>&nbsp;&nbsp;&nbsp;IMU_QuaternionEKF_SetH
</UL>

<P><STRONG><a name="[2ec]"></a>__aeabi_memclr8</STRONG> (Thumb, 0 bytes, Stack size 4 bytes, rt_memclr_w.o(.text), UNUSED)

<P><STRONG><a name="[2ed]"></a>__rt_memclr_w</STRONG> (Thumb, 78 bytes, Stack size 4 bytes, rt_memclr_w.o(.text), UNUSED)

<P><STRONG><a name="[c2]"></a>_memset_w</STRONG> (Thumb, 0 bytes, Stack size unknown bytes, rt_memclr_w.o(.text), UNUSED)
<BR><BR>[Called By]<UL><LI><a href="#[c1]">&gt;&gt;</a>&nbsp;&nbsp;&nbsp;__rt_memclr
</UL>

<P><STRONG><a name="[2ee]"></a>__use_two_region_memory</STRONG> (Thumb, 2 bytes, Stack size 0 bytes, heapauxi.o(.text), UNUSED)

<P><STRONG><a name="[5]"></a>__rt_heap_escrow</STRONG> (Thumb, 2 bytes, Stack size 0 bytes, heapauxi.o(.text), UNUSED)

<P><STRONG><a name="[4]"></a>__rt_heap_expand</STRONG> (Thumb, 2 bytes, Stack size 0 bytes, heapauxi.o(.text), UNUSED)

<P><STRONG><a name="[a1]"></a>__cpp_initialize__aeabi_</STRONG> (Thumb, 26 bytes, Stack size 16 bytes, init_aeabi.o(.text))
<BR><BR>[Stack]<UL><LI>Max Depth = 16<LI>Call Chain = __cpp_initialize__aeabi_
</UL>
<BR>[Called By]<UL><LI><a href="#[a9]">&gt;&gt;</a>&nbsp;&nbsp;&nbsp;__rt_lib_init_cpp_2
</UL>

<P><STRONG><a name="[1ff]"></a>__aeabi_vec_dtor</STRONG> (Thumb, 34 bytes, Stack size 24 bytes, aeabi_vec_dtor_noexceptions.o(.text))
<BR><BR>[Stack]<UL><LI>Max Depth = 24<LI>Call Chain = __aeabi_vec_dtor
</UL>
<BR>[Called By]<UL><LI><a href="#[1f4]">&gt;&gt;</a>&nbsp;&nbsp;&nbsp;void MotorMsgSend&lang;Motor_M2006&rang;(__CAN_HandleTypeDef*, T1&)
<LI><a href="#[87]">&gt;&gt;</a>&nbsp;&nbsp;&nbsp;Chassis_classdef::~Chassis_classdef()
<LI><a href="#[88]">&gt;&gt;</a>&nbsp;&nbsp;&nbsp;Gimbal_classdef::~Gimbal_classdef()
<LI><a href="#[89]">&gt;&gt;</a>&nbsp;&nbsp;&nbsp;Shoot_classdef::~Shoot_classdef()
</UL>

<P><STRONG><a name="[b9]"></a>__rt_heap_descriptor</STRONG> (Thumb, 8 bytes, Stack size 0 bytes, rt_heap_descriptor_intlibspace.o(.text))
<BR><BR>[Called By]<UL><LI><a href="#[b8]">&gt;&gt;</a>&nbsp;&nbsp;&nbsp;malloc
<LI><a href="#[c7]">&gt;&gt;</a>&nbsp;&nbsp;&nbsp;free
<LI><a href="#[a8]">&gt;&gt;</a>&nbsp;&nbsp;&nbsp;_init_alloc
</UL>

<P><STRONG><a name="[bc]"></a>__rt_ddtor_pointer_addr</STRONG> (Thumb, 8 bytes, Stack size 0 bytes, rt_ddtor_pointer_addr_intlibspace.o(.text))
<BR><BR>[Called By]<UL><LI><a href="#[bb]">&gt;&gt;</a>&nbsp;&nbsp;&nbsp;__aeabi_atexit
<LI><a href="#[ab]">&gt;&gt;</a>&nbsp;&nbsp;&nbsp;__cxa_finalize
</UL>

<P><STRONG><a name="[2ef]"></a>__use_no_heap</STRONG> (Thumb, 2 bytes, Stack size 0 bytes, hguard.o(.text), UNUSED)

<P><STRONG><a name="[2f0]"></a>__heap$guard</STRONG> (Thumb, 2 bytes, Stack size 0 bytes, hguard.o(.text), UNUSED)

<P><STRONG><a name="[a]"></a>_terminate_user_alloc</STRONG> (Thumb, 2 bytes, Stack size 0 bytes, init_alloc.o(.text), UNUSED)

<P><STRONG><a name="[7]"></a>_init_user_alloc</STRONG> (Thumb, 2 bytes, Stack size 0 bytes, init_alloc.o(.text), UNUSED)

<P><STRONG><a name="[ba]"></a>__Heap_Full</STRONG> (Thumb, 34 bytes, Stack size 16 bytes, init_alloc.o(.text))
<BR><BR>[Stack]<UL><LI>Max Depth = 32<LI>Call Chain = __Heap_Full &rArr; __Heap_ProvideMemory &rArr; free
</UL>
<BR>[Calls]<UL><LI><a href="#[c3]">&gt;&gt;</a>&nbsp;&nbsp;&nbsp;__Heap_ProvideMemory
</UL>
<BR>[Called By]<UL><LI><a href="#[b8]">&gt;&gt;</a>&nbsp;&nbsp;&nbsp;malloc
</UL>

<P><STRONG><a name="[c4]"></a>__Heap_Broken</STRONG> (Thumb, 6 bytes, Stack size 0 bytes, init_alloc.o(.text), UNUSED)
<BR><BR>[Calls]<UL><LI><a href="#[c5]">&gt;&gt;</a>&nbsp;&nbsp;&nbsp;__rt_SIGRTMEM
</UL>

<P><STRONG><a name="[a8]"></a>_init_alloc</STRONG> (Thumb, 94 bytes, Stack size 24 bytes, init_alloc.o(.text))
<BR><BR>[Stack]<UL><LI>Max Depth = 64<LI>Call Chain = _init_alloc &rArr; __rt_SIGRTMEM &rArr; __rt_SIGRTMEM_inner &rArr; __default_signal_display &rArr; _ttywrch
</UL>
<BR>[Calls]<UL><LI><a href="#[c5]">&gt;&gt;</a>&nbsp;&nbsp;&nbsp;__rt_SIGRTMEM
<LI><a href="#[c3]">&gt;&gt;</a>&nbsp;&nbsp;&nbsp;__Heap_ProvideMemory
<LI><a href="#[c6]">&gt;&gt;</a>&nbsp;&nbsp;&nbsp;__Heap_Initialize
<LI><a href="#[b9]">&gt;&gt;</a>&nbsp;&nbsp;&nbsp;__rt_heap_descriptor
</UL>
<BR>[Called By]<UL><LI><a href="#[a7]">&gt;&gt;</a>&nbsp;&nbsp;&nbsp;__rt_lib_init_heap_2
</UL>

<P><STRONG><a name="[c6]"></a>__Heap_Initialize</STRONG> (Thumb, 10 bytes, Stack size 0 bytes, h1_init.o(.text))
<BR><BR>[Called By]<UL><LI><a href="#[a8]">&gt;&gt;</a>&nbsp;&nbsp;&nbsp;_init_alloc
</UL>

<P><STRONG><a name="[6]"></a>__Heap_DescSize</STRONG> (Thumb, 4 bytes, Stack size 0 bytes, h1_init.o(.text), UNUSED)

<P><STRONG><a name="[c7]"></a>free</STRONG> (Thumb, 78 bytes, Stack size 16 bytes, h1_free.o(.text))
<BR><BR>[Stack]<UL><LI>Max Depth = 16<LI>Call Chain = free
</UL>
<BR>[Calls]<UL><LI><a href="#[b9]">&gt;&gt;</a>&nbsp;&nbsp;&nbsp;__rt_heap_descriptor
</UL>
<BR>[Called By]<UL><LI><a href="#[c3]">&gt;&gt;</a>&nbsp;&nbsp;&nbsp;__Heap_ProvideMemory
<LI><a href="#[ab]">&gt;&gt;</a>&nbsp;&nbsp;&nbsp;__cxa_finalize
</UL>

<P><STRONG><a name="[c8]"></a>__read_errno</STRONG> (Thumb, 10 bytes, Stack size 8 bytes, _rserrno.o(.text), UNUSED)
<BR><BR>[Calls]<UL><LI><a href="#[c9]">&gt;&gt;</a>&nbsp;&nbsp;&nbsp;__aeabi_errno_addr
</UL>

<P><STRONG><a name="[ca]"></a>__set_errno</STRONG> (Thumb, 12 bytes, Stack size 8 bytes, _rserrno.o(.text))
<BR><BR>[Stack]<UL><LI>Max Depth = 8<LI>Call Chain = __set_errno
</UL>
<BR>[Calls]<UL><LI><a href="#[c9]">&gt;&gt;</a>&nbsp;&nbsp;&nbsp;__aeabi_errno_addr
</UL>
<BR>[Called By]<UL><LI><a href="#[246]">&gt;&gt;</a>&nbsp;&nbsp;&nbsp;__hardfp_expf
<LI><a href="#[16c]">&gt;&gt;</a>&nbsp;&nbsp;&nbsp;__hardfp_atan2f
<LI><a href="#[16d]">&gt;&gt;</a>&nbsp;&nbsp;&nbsp;__hardfp_asinf
<LI><a href="#[172]">&gt;&gt;</a>&nbsp;&nbsp;&nbsp;__hardfp_acosf
<LI><a href="#[248]">&gt;&gt;</a>&nbsp;&nbsp;&nbsp;sqrtf
<LI><a href="#[eb]">&gt;&gt;</a>&nbsp;&nbsp;&nbsp;__hardfp_sqrtf
<LI><a href="#[247]">&gt;&gt;</a>&nbsp;&nbsp;&nbsp;__hardfp_powf
</UL>

<P><STRONG><a name="[ab]"></a>__cxa_finalize</STRONG> (Thumb, 66 bytes, Stack size 24 bytes, cxa_finalize.o(.text))
<BR><BR>[Stack]<UL><LI>Max Depth = 40<LI>Call Chain = __cxa_finalize &rArr; free
</UL>
<BR>[Calls]<UL><LI><a href="#[c7]">&gt;&gt;</a>&nbsp;&nbsp;&nbsp;free
<LI><a href="#[bc]">&gt;&gt;</a>&nbsp;&nbsp;&nbsp;__rt_ddtor_pointer_addr
</UL>
<BR>[Called By]<UL><LI><a href="#[aa]">&gt;&gt;</a>&nbsp;&nbsp;&nbsp;__rt_lib_shutdown_cpp_2
</UL>

<P><STRONG><a name="[2f1]"></a>__user_libspace</STRONG> (Thumb, 8 bytes, Stack size 0 bytes, libspace.o(.text), UNUSED)

<P><STRONG><a name="[cf]"></a>__user_perproc_libspace</STRONG> (Thumb, 0 bytes, Stack size 0 bytes, libspace.o(.text))
<BR><BR>[Called By]<UL><LI><a href="#[ad]">&gt;&gt;</a>&nbsp;&nbsp;&nbsp;__user_setup_stackheap
</UL>

<P><STRONG><a name="[2f2]"></a>__user_perthread_libspace</STRONG> (Thumb, 0 bytes, Stack size 0 bytes, libspace.o(.text), UNUSED)

<P><STRONG><a name="[c9]"></a>__aeabi_errno_addr</STRONG> (Thumb, 8 bytes, Stack size 0 bytes, rt_errno_addr_intlibspace.o(.text))
<BR><BR>[Called By]<UL><LI><a href="#[ca]">&gt;&gt;</a>&nbsp;&nbsp;&nbsp;__set_errno
<LI><a href="#[c8]">&gt;&gt;</a>&nbsp;&nbsp;&nbsp;__read_errno
</UL>

<P><STRONG><a name="[2f3]"></a>__errno$intlibspace</STRONG> (Thumb, 0 bytes, Stack size 0 bytes, rt_errno_addr_intlibspace.o(.text), UNUSED)

<P><STRONG><a name="[2f4]"></a>__rt_errno_addr$intlibspace</STRONG> (Thumb, 0 bytes, Stack size 0 bytes, rt_errno_addr_intlibspace.o(.text), UNUSED)

<P><STRONG><a name="[c3]"></a>__Heap_ProvideMemory</STRONG> (Thumb, 52 bytes, Stack size 0 bytes, h1_extend.o(.text))
<BR><BR>[Stack]<UL><LI>Max Depth = 16<LI>Call Chain = __Heap_ProvideMemory &rArr; free
</UL>
<BR>[Calls]<UL><LI><a href="#[c7]">&gt;&gt;</a>&nbsp;&nbsp;&nbsp;free
</UL>
<BR>[Called By]<UL><LI><a href="#[a8]">&gt;&gt;</a>&nbsp;&nbsp;&nbsp;_init_alloc
<LI><a href="#[ba]">&gt;&gt;</a>&nbsp;&nbsp;&nbsp;__Heap_Full
</UL>

<P><STRONG><a name="[cb]"></a>_fp_trap</STRONG> (Thumb, 44 bytes, Stack size 40 bytes, _fptrap.o(.text), UNUSED)
<BR><BR>[Calls]<UL><LI><a href="#[cc]">&gt;&gt;</a>&nbsp;&nbsp;&nbsp;__rt_SIGFPE
</UL>
<BR>[Called By]<UL><LI><a href="#[2a7]">&gt;&gt;</a>&nbsp;&nbsp;&nbsp;_fp_trapveneer
</UL>

<P><STRONG><a name="[cd]"></a>__sig_exit</STRONG> (Thumb, 10 bytes, Stack size 0 bytes, defsig_exit.o(.text))
<BR><BR>[Calls]<UL><LI><a href="#[b6]">&gt;&gt;</a>&nbsp;&nbsp;&nbsp;_sys_exit
</UL>
<BR>[Called By]<UL><LI><a href="#[c5]">&gt;&gt;</a>&nbsp;&nbsp;&nbsp;__rt_SIGRTMEM
<LI><a href="#[cc]">&gt;&gt;</a>&nbsp;&nbsp;&nbsp;__rt_SIGFPE
</UL>

<P><STRONG><a name="[c5]"></a>__rt_SIGRTMEM</STRONG> (Thumb, 14 bytes, Stack size 8 bytes, defsig_rtmem_outer.o(.text))
<BR><BR>[Stack]<UL><LI>Max Depth = 40<LI>Call Chain = __rt_SIGRTMEM &rArr; __rt_SIGRTMEM_inner &rArr; __default_signal_display &rArr; _ttywrch
</UL>
<BR>[Calls]<UL><LI><a href="#[cd]">&gt;&gt;</a>&nbsp;&nbsp;&nbsp;__sig_exit
<LI><a href="#[ce]">&gt;&gt;</a>&nbsp;&nbsp;&nbsp;__rt_SIGRTMEM_inner
</UL>
<BR>[Called By]<UL><LI><a href="#[a8]">&gt;&gt;</a>&nbsp;&nbsp;&nbsp;_init_alloc
<LI><a href="#[c4]">&gt;&gt;</a>&nbsp;&nbsp;&nbsp;__Heap_Broken
</UL>

<P><STRONG><a name="[b6]"></a>_sys_exit</STRONG> (Thumb, 8 bytes, Stack size 0 bytes, sys_exit.o(.text))
<BR><BR>[Called By]<UL><LI><a href="#[cd]">&gt;&gt;</a>&nbsp;&nbsp;&nbsp;__sig_exit
<LI><a href="#[b5]">&gt;&gt;</a>&nbsp;&nbsp;&nbsp;__rt_exit_exit
</UL>

<P><STRONG><a name="[2f5]"></a>__I$use$semihosting</STRONG> (Thumb, 0 bytes, Stack size 0 bytes, use_no_semi.o(.text), UNUSED)

<P><STRONG><a name="[2f6]"></a>__use_no_semihosting_swi</STRONG> (Thumb, 2 bytes, Stack size 0 bytes, use_no_semi.o(.text), UNUSED)

<P><STRONG><a name="[2f7]"></a>__semihosting_library_function</STRONG> (Thumb, 0 bytes, Stack size 8 bytes, indicate_semi.o(.text), UNUSED)

<P><STRONG><a name="[ad]"></a>__user_setup_stackheap</STRONG> (Thumb, 74 bytes, Stack size 8 bytes, sys_stackheap_outer.o(.text))
<BR><BR>[Stack]<UL><LI>Max Depth = 8 + Unknown Stack Size
<LI>Call Chain = __user_setup_stackheap
</UL>
<BR>[Calls]<UL><LI><a href="#[d0]">&gt;&gt;</a>&nbsp;&nbsp;&nbsp;__user_initial_stackheap
<LI><a href="#[cf]">&gt;&gt;</a>&nbsp;&nbsp;&nbsp;__user_perproc_libspace
</UL>
<BR>[Called By]<UL><LI><a href="#[ac]">&gt;&gt;</a>&nbsp;&nbsp;&nbsp;__rt_entry_sh
</UL>

<P><STRONG><a name="[b2]"></a>exit</STRONG> (Thumb, 18 bytes, Stack size 8 bytes, exit.o(.text))
<BR><BR>[Stack]<UL><LI>Max Depth = 8 + Unknown Stack Size
<LI>Call Chain = exit
</UL>
<BR>[Calls]<UL><LI><a href="#[d1]">&gt;&gt;</a>&nbsp;&nbsp;&nbsp;__rt_exit
</UL>
<BR>[Called By]<UL><LI><a href="#[b0]">&gt;&gt;</a>&nbsp;&nbsp;&nbsp;__rt_entry_main
</UL>

<P><STRONG><a name="[d2]"></a>__default_signal_display</STRONG> (Thumb, 50 bytes, Stack size 16 bytes, defsig_general.o(.text))
<BR><BR>[Stack]<UL><LI>Max Depth = 24<LI>Call Chain = __default_signal_display &rArr; _ttywrch
</UL>
<BR>[Calls]<UL><LI><a href="#[d3]">&gt;&gt;</a>&nbsp;&nbsp;&nbsp;_ttywrch
</UL>
<BR>[Called By]<UL><LI><a href="#[d4]">&gt;&gt;</a>&nbsp;&nbsp;&nbsp;__rt_SIGFPE_inner
<LI><a href="#[ce]">&gt;&gt;</a>&nbsp;&nbsp;&nbsp;__rt_SIGRTMEM_inner
</UL>

<P><STRONG><a name="[cc]"></a>__rt_SIGFPE</STRONG> (Thumb, 14 bytes, Stack size 8 bytes, defsig_fpe_outer.o(.text), UNUSED)
<BR><BR>[Calls]<UL><LI><a href="#[cd]">&gt;&gt;</a>&nbsp;&nbsp;&nbsp;__sig_exit
<LI><a href="#[d4]">&gt;&gt;</a>&nbsp;&nbsp;&nbsp;__rt_SIGFPE_inner
</UL>
<BR>[Called By]<UL><LI><a href="#[cb]">&gt;&gt;</a>&nbsp;&nbsp;&nbsp;_fp_trap
</UL>

<P><STRONG><a name="[ce]"></a>__rt_SIGRTMEM_inner</STRONG> (Thumb, 22 bytes, Stack size 8 bytes, defsig_rtmem_inner.o(.text))
<BR><BR>[Stack]<UL><LI>Max Depth = 32<LI>Call Chain = __rt_SIGRTMEM_inner &rArr; __default_signal_display &rArr; _ttywrch
</UL>
<BR>[Calls]<UL><LI><a href="#[d2]">&gt;&gt;</a>&nbsp;&nbsp;&nbsp;__default_signal_display
</UL>
<BR>[Called By]<UL><LI><a href="#[c5]">&gt;&gt;</a>&nbsp;&nbsp;&nbsp;__rt_SIGRTMEM
</UL>

<P><STRONG><a name="[d3]"></a>_ttywrch</STRONG> (Thumb, 14 bytes, Stack size 8 bytes, sys_wrch.o(.text))
<BR><BR>[Stack]<UL><LI>Max Depth = 8<LI>Call Chain = _ttywrch
</UL>
<BR>[Called By]<UL><LI><a href="#[d2]">&gt;&gt;</a>&nbsp;&nbsp;&nbsp;__default_signal_display
</UL>

<P><STRONG><a name="[d4]"></a>__rt_SIGFPE_inner</STRONG> (Thumb, 62 bytes, Stack size 8 bytes, defsig_fpe_inner.o(.text), UNUSED)
<BR><BR>[Calls]<UL><LI><a href="#[d2]">&gt;&gt;</a>&nbsp;&nbsp;&nbsp;__default_signal_display
</UL>
<BR>[Called By]<UL><LI><a href="#[cc]">&gt;&gt;</a>&nbsp;&nbsp;&nbsp;__rt_SIGFPE
</UL>

<P><STRONG><a name="[d5]"></a>BMI088_ACCEL_NS_H</STRONG> (Thumb, 14 bytes, Stack size 8 bytes, bmi088middleware.o(i.BMI088_ACCEL_NS_H))
<BR><BR>[Stack]<UL><LI>Max Depth = 8<LI>Call Chain = BMI088_ACCEL_NS_H
</UL>
<BR>[Calls]<UL><LI><a href="#[d6]">&gt;&gt;</a>&nbsp;&nbsp;&nbsp;HAL_GPIO_WritePin
</UL>
<BR>[Called By]<UL><LI><a href="#[257]">&gt;&gt;</a>&nbsp;&nbsp;&nbsp;bmi088_accel_init
<LI><a href="#[e8]">&gt;&gt;</a>&nbsp;&nbsp;&nbsp;Calibrate_MPU_Offset
<LI><a href="#[dc]">&gt;&gt;</a>&nbsp;&nbsp;&nbsp;BMI088_Read
</UL>

<P><STRONG><a name="[d7]"></a>BMI088_ACCEL_NS_L</STRONG> (Thumb, 14 bytes, Stack size 8 bytes, bmi088middleware.o(i.BMI088_ACCEL_NS_L))
<BR><BR>[Stack]<UL><LI>Max Depth = 8<LI>Call Chain = BMI088_ACCEL_NS_L
</UL>
<BR>[Calls]<UL><LI><a href="#[d6]">&gt;&gt;</a>&nbsp;&nbsp;&nbsp;HAL_GPIO_WritePin
</UL>
<BR>[Called By]<UL><LI><a href="#[257]">&gt;&gt;</a>&nbsp;&nbsp;&nbsp;bmi088_accel_init
<LI><a href="#[e8]">&gt;&gt;</a>&nbsp;&nbsp;&nbsp;Calibrate_MPU_Offset
<LI><a href="#[dc]">&gt;&gt;</a>&nbsp;&nbsp;&nbsp;BMI088_Read
</UL>

<P><STRONG><a name="[d8]"></a>BMI088_GYRO_NS_H</STRONG> (Thumb, 14 bytes, Stack size 8 bytes, bmi088middleware.o(i.BMI088_GYRO_NS_H))
<BR><BR>[Stack]<UL><LI>Max Depth = 8<LI>Call Chain = BMI088_GYRO_NS_H
</UL>
<BR>[Calls]<UL><LI><a href="#[d6]">&gt;&gt;</a>&nbsp;&nbsp;&nbsp;HAL_GPIO_WritePin
</UL>
<BR>[Called By]<UL><LI><a href="#[258]">&gt;&gt;</a>&nbsp;&nbsp;&nbsp;bmi088_gyro_init
<LI><a href="#[e8]">&gt;&gt;</a>&nbsp;&nbsp;&nbsp;Calibrate_MPU_Offset
<LI><a href="#[dc]">&gt;&gt;</a>&nbsp;&nbsp;&nbsp;BMI088_Read
</UL>

<P><STRONG><a name="[d9]"></a>BMI088_GYRO_NS_L</STRONG> (Thumb, 14 bytes, Stack size 8 bytes, bmi088middleware.o(i.BMI088_GYRO_NS_L))
<BR><BR>[Stack]<UL><LI>Max Depth = 8<LI>Call Chain = BMI088_GYRO_NS_L
</UL>
<BR>[Calls]<UL><LI><a href="#[d6]">&gt;&gt;</a>&nbsp;&nbsp;&nbsp;HAL_GPIO_WritePin
</UL>
<BR>[Called By]<UL><LI><a href="#[258]">&gt;&gt;</a>&nbsp;&nbsp;&nbsp;bmi088_gyro_init
<LI><a href="#[e8]">&gt;&gt;</a>&nbsp;&nbsp;&nbsp;Calibrate_MPU_Offset
<LI><a href="#[dc]">&gt;&gt;</a>&nbsp;&nbsp;&nbsp;BMI088_Read
</UL>

<P><STRONG><a name="[da]"></a>BMI088_Init</STRONG> (Thumb, 18 bytes, Stack size 8 bytes, bmi088driver.o(i.BMI088_Init))
<BR><BR>[Stack]<UL><LI>Max Depth = 216<LI>Call Chain = BMI088_Init &rArr; bmi088_init &rArr; Calibrate_MPU_Offset &rArr; BMI088_read_muli_reg &rArr; BMI088_read_write_byte &rArr; HAL_SPI_TransmitReceive &rArr; SPI_EndRxTxTransaction &rArr; SPI_WaitFlagStateUntilTimeout
</UL>
<BR>[Calls]<UL><LI><a href="#[db]">&gt;&gt;</a>&nbsp;&nbsp;&nbsp;bmi088_init
</UL>
<BR>[Called By]<UL><LI><a href="#[1bc]">&gt;&gt;</a>&nbsp;&nbsp;&nbsp;User_System_Init
</UL>

<P><STRONG><a name="[dc]"></a>BMI088_Read</STRONG> (Thumb, 614 bytes, Stack size 8 bytes, bmi088driver.o(i.BMI088_Read))
<BR><BR>[Stack]<UL><LI>Max Depth = 144<LI>Call Chain = BMI088_Read &rArr; BMI088_read_muli_reg &rArr; BMI088_read_write_byte &rArr; HAL_SPI_TransmitReceive &rArr; SPI_EndRxTxTransaction &rArr; SPI_WaitFlagStateUntilTimeout
</UL>
<BR>[Calls]<UL><LI><a href="#[dd]">&gt;&gt;</a>&nbsp;&nbsp;&nbsp;BMI088_read_write_byte
<LI><a href="#[d9]">&gt;&gt;</a>&nbsp;&nbsp;&nbsp;BMI088_GYRO_NS_L
<LI><a href="#[d8]">&gt;&gt;</a>&nbsp;&nbsp;&nbsp;BMI088_GYRO_NS_H
<LI><a href="#[d7]">&gt;&gt;</a>&nbsp;&nbsp;&nbsp;BMI088_ACCEL_NS_L
<LI><a href="#[d5]">&gt;&gt;</a>&nbsp;&nbsp;&nbsp;BMI088_ACCEL_NS_H
<LI><a href="#[de]">&gt;&gt;</a>&nbsp;&nbsp;&nbsp;BMI088_read_muli_reg
</UL>
<BR>[Called By]<UL><LI><a href="#[17a]">&gt;&gt;</a>&nbsp;&nbsp;&nbsp;INS_EKF_Task
</UL>

<P><STRONG><a name="[dd]"></a>BMI088_read_write_byte</STRONG> (Thumb, 30 bytes, Stack size 16 bytes, bmi088middleware.o(i.BMI088_read_write_byte))
<BR><BR>[Stack]<UL><LI>Max Depth = 120<LI>Call Chain = BMI088_read_write_byte &rArr; HAL_SPI_TransmitReceive &rArr; SPI_EndRxTxTransaction &rArr; SPI_WaitFlagStateUntilTimeout
</UL>
<BR>[Calls]<UL><LI><a href="#[e0]">&gt;&gt;</a>&nbsp;&nbsp;&nbsp;HAL_SPI_TransmitReceive
</UL>
<BR>[Called By]<UL><LI><a href="#[257]">&gt;&gt;</a>&nbsp;&nbsp;&nbsp;bmi088_accel_init
<LI><a href="#[e8]">&gt;&gt;</a>&nbsp;&nbsp;&nbsp;Calibrate_MPU_Offset
<LI><a href="#[e1]">&gt;&gt;</a>&nbsp;&nbsp;&nbsp;BMI088_write_single_reg
<LI><a href="#[df]">&gt;&gt;</a>&nbsp;&nbsp;&nbsp;BMI088_read_single_reg
<LI><a href="#[de]">&gt;&gt;</a>&nbsp;&nbsp;&nbsp;BMI088_read_muli_reg
<LI><a href="#[dc]">&gt;&gt;</a>&nbsp;&nbsp;&nbsp;BMI088_Read
</UL>

<P><STRONG><a name="[17d]"></a>BodyFrameToEarthFrame</STRONG> (Thumb, 346 bytes, Stack size 0 bytes, ins_ekf_task.o(i.BodyFrameToEarthFrame))
<BR><BR>[Called By]<UL><LI><a href="#[17a]">&gt;&gt;</a>&nbsp;&nbsp;&nbsp;INS_EKF_Task
</UL>

<P><STRONG><a name="[14]"></a>BusFault_Handler</STRONG> (Thumb, 4 bytes, Stack size 0 bytes, stm32f4xx_it.o(i.BusFault_Handler))
<BR>[Address Reference Count : 1]<UL><LI> startup_stm32f407xx.o(RESET)
</UL>
<P><STRONG><a name="[2e]"></a>CAN1_RX0_IRQHandler</STRONG> (Thumb, 10 bytes, Stack size 8 bytes, stm32f4xx_it.o(i.CAN1_RX0_IRQHandler))
<BR><BR>[Stack]<UL><LI>Max Depth = 72<LI>Call Chain = CAN1_RX0_IRQHandler &rArr; HAL_CAN_IRQHandler &rArr; HAL_CAN_RxFifo1MsgPendingCallback &rArr; HAL_CAN_GetRxMessage
</UL>
<BR>[Calls]<UL><LI><a href="#[e2]">&gt;&gt;</a>&nbsp;&nbsp;&nbsp;HAL_CAN_IRQHandler
</UL>
<BR>[Address Reference Count : 1]<UL><LI> startup_stm32f407xx.o(RESET)
</UL>
<P><STRONG><a name="[5a]"></a>CAN2_RX0_IRQHandler</STRONG> (Thumb, 10 bytes, Stack size 8 bytes, stm32f4xx_it.o(i.CAN2_RX0_IRQHandler))
<BR><BR>[Stack]<UL><LI>Max Depth = 72<LI>Call Chain = CAN2_RX0_IRQHandler &rArr; HAL_CAN_IRQHandler &rArr; HAL_CAN_RxFifo1MsgPendingCallback &rArr; HAL_CAN_GetRxMessage
</UL>
<BR>[Calls]<UL><LI><a href="#[e2]">&gt;&gt;</a>&nbsp;&nbsp;&nbsp;HAL_CAN_IRQHandler
</UL>
<BR>[Address Reference Count : 1]<UL><LI> startup_stm32f407xx.o(RESET)
</UL>
<P><STRONG><a name="[e3]"></a>CAN_Init</STRONG> (Thumb, 48 bytes, Stack size 16 bytes, bsp_can.o(i.CAN_Init))
<BR><BR>[Stack]<UL><LI>Max Depth = 32<LI>Call Chain = CAN_Init &rArr; HAL_CAN_Start
</UL>
<BR>[Calls]<UL><LI><a href="#[e4]">&gt;&gt;</a>&nbsp;&nbsp;&nbsp;HAL_CAN_Start
<LI><a href="#[e5]">&gt;&gt;</a>&nbsp;&nbsp;&nbsp;HAL_CAN_ActivateNotification
</UL>
<BR>[Called By]<UL><LI><a href="#[1bc]">&gt;&gt;</a>&nbsp;&nbsp;&nbsp;User_System_Init
</UL>

<P><STRONG><a name="[e6]"></a>CANx_SendData</STRONG> (Thumb, 48 bytes, Stack size 24 bytes, bsp_can.o(i.CANx_SendData))
<BR><BR>[Stack]<UL><LI>Max Depth = 44<LI>Call Chain = CANx_SendData &rArr; HAL_CAN_AddTxMessage
</UL>
<BR>[Calls]<UL><LI><a href="#[e7]">&gt;&gt;</a>&nbsp;&nbsp;&nbsp;HAL_CAN_AddTxMessage
</UL>
<BR>[Called By]<UL><LI><a href="#[1f3]">&gt;&gt;</a>&nbsp;&nbsp;&nbsp;void MotorMsgSend&lang;Motor_M3508, (int)4&rang;(__CAN_HandleTypeDef*, T1(&)[T2])
<LI><a href="#[2a1]">&gt;&gt;</a>&nbsp;&nbsp;&nbsp;void MotorMsgSend&lang;Motor_M2006, (int)1&rang;(__CAN_HandleTypeDef*, T1(&)[T2])
<LI><a href="#[1e0]">&gt;&gt;</a>&nbsp;&nbsp;&nbsp;Robot_classdef::SendMsgtoCHAS()
</UL>

<P><STRONG><a name="[ec]"></a>CanFilter_Init</STRONG> (Thumb, 72 bytes, Stack size 48 bytes, bsp_can.o(i.CanFilter_Init))
<BR><BR>[Stack]<UL><LI>Max Depth = 68<LI>Call Chain = CanFilter_Init &rArr; HAL_CAN_ConfigFilter
</UL>
<BR>[Calls]<UL><LI><a href="#[ed]">&gt;&gt;</a>&nbsp;&nbsp;&nbsp;HAL_CAN_ConfigFilter
</UL>
<BR>[Called By]<UL><LI><a href="#[1bc]">&gt;&gt;</a>&nbsp;&nbsp;&nbsp;User_System_Init
</UL>

<P><STRONG><a name="[26]"></a>DMA1_Stream1_IRQHandler</STRONG> (Thumb, 10 bytes, Stack size 8 bytes, stm32f4xx_it.o(i.DMA1_Stream1_IRQHandler))
<BR><BR>[Stack]<UL><LI>Max Depth = 32<LI>Call Chain = DMA1_Stream1_IRQHandler &rArr; HAL_DMA_IRQHandler
</UL>
<BR>[Calls]<UL><LI><a href="#[ee]">&gt;&gt;</a>&nbsp;&nbsp;&nbsp;HAL_DMA_IRQHandler
</UL>
<BR>[Address Reference Count : 1]<UL><LI> startup_stm32f407xx.o(RESET)
</UL>
<P><STRONG><a name="[53]"></a>DMA2_Stream1_IRQHandler</STRONG> (Thumb, 10 bytes, Stack size 8 bytes, stm32f4xx_it.o(i.DMA2_Stream1_IRQHandler))
<BR><BR>[Stack]<UL><LI>Max Depth = 32<LI>Call Chain = DMA2_Stream1_IRQHandler &rArr; HAL_DMA_IRQHandler
</UL>
<BR>[Calls]<UL><LI><a href="#[ee]">&gt;&gt;</a>&nbsp;&nbsp;&nbsp;HAL_DMA_IRQHandler
</UL>
<BR>[Address Reference Count : 1]<UL><LI> startup_stm32f407xx.o(RESET)
</UL>
<P><STRONG><a name="[54]"></a>DMA2_Stream2_IRQHandler</STRONG> (Thumb, 10 bytes, Stack size 8 bytes, stm32f4xx_it.o(i.DMA2_Stream2_IRQHandler))
<BR><BR>[Stack]<UL><LI>Max Depth = 32<LI>Call Chain = DMA2_Stream2_IRQHandler &rArr; HAL_DMA_IRQHandler
</UL>
<BR>[Calls]<UL><LI><a href="#[ee]">&gt;&gt;</a>&nbsp;&nbsp;&nbsp;HAL_DMA_IRQHandler
</UL>
<BR>[Address Reference Count : 1]<UL><LI> startup_stm32f407xx.o(RESET)
</UL>
[...]
<LI><a href="#[26c]">&gt;&gt;</a>&nbsp;&nbsp;&nbsp;vPortEnterCritical
<LI><a href="#[270]">&gt;&gt;</a>&nbsp;&nbsp;&nbsp;vListInitialise
</UL>
<BR>[Called By]<UL><LI><a href="#[296]">&gt;&gt;</a>&nbsp;&nbsp;&nbsp;xTimerCreateTimerTask
</UL>

<P><STRONG><a name="[289]"></a>prvGetNextExpireTime</STRONG> (Thumb, 36 bytes, Stack size 0 bytes, timers.o(i.prvGetNextExpireTime))
<BR><BR>[Called By]<UL><LI><a href="#[8c]">&gt;&gt;</a>&nbsp;&nbsp;&nbsp;prvTimerTask
</UL>

<P><STRONG><a name="[27d]"></a>prvInsertTimerInActiveList</STRONG> (Thumb, 80 bytes, Stack size 24 bytes, timers.o(i.prvInsertTimerInActiveList))
<BR><BR>[Stack]<UL><LI>Max Depth = 32<LI>Call Chain = prvInsertTimerInActiveList &rArr; vListInsert
</UL>
<BR>[Calls]<UL><LI><a href="#[26a]">&gt;&gt;</a>&nbsp;&nbsp;&nbsp;vListInsert
</UL>
<BR>[Called By]<UL><LI><a href="#[282]">&gt;&gt;</a>&nbsp;&nbsp;&nbsp;prvProcessReceivedCommands
<LI><a href="#[280]">&gt;&gt;</a>&nbsp;&nbsp;&nbsp;prvProcessExpiredTimer
</UL>

<P><STRONG><a name="[280]"></a>prvProcessExpiredTimer</STRONG> (Thumb, 110 bytes, Stack size 24 bytes, timers.o(i.prvProcessExpiredTimer))
<BR><BR>[Stack]<UL><LI>Max Depth = 168<LI>Call Chain = prvProcessExpiredTimer &rArr; xTimerGenericCommand &rArr; xQueueGenericSend &rArr; vTaskPlaceOnEventList &rArr; prvAddCurrentTaskToDelayedList &rArr; vListInsert
</UL>
<BR>[Calls]<UL><LI><a href="#[268]">&gt;&gt;</a>&nbsp;&nbsp;&nbsp;uxListRemove
<LI><a href="#[281]">&gt;&gt;</a>&nbsp;&nbsp;&nbsp;xTimerGenericCommand
<LI><a href="#[27d]">&gt;&gt;</a>&nbsp;&nbsp;&nbsp;prvInsertTimerInActiveList
</UL>
<BR>[Called By]<UL><LI><a href="#[284]">&gt;&gt;</a>&nbsp;&nbsp;&nbsp;prvProcessTimerOrBlockTask
</UL>

<P><STRONG><a name="[282]"></a>prvProcessReceivedCommands</STRONG> (Thumb, 308 bytes, Stack size 40 bytes, timers.o(i.prvProcessReceivedCommands))
<BR><BR>[Stack]<UL><LI>Max Depth = 232<LI>Call Chain = prvProcessReceivedCommands &rArr; prvSampleTimeNow &rArr; prvSwitchTimerLists &rArr; xTimerGenericCommand &rArr; xQueueGenericSend &rArr; vTaskPlaceOnEventList &rArr; prvAddCurrentTaskToDelayedList &rArr; vListInsert
</UL>
<BR>[Calls]<UL><LI><a href="#[1a6]">&gt;&gt;</a>&nbsp;&nbsp;&nbsp;xQueueReceive
<LI><a href="#[268]">&gt;&gt;</a>&nbsp;&nbsp;&nbsp;uxListRemove
<LI><a href="#[277]">&gt;&gt;</a>&nbsp;&nbsp;&nbsp;vPortFree
<LI><a href="#[281]">&gt;&gt;</a>&nbsp;&nbsp;&nbsp;xTimerGenericCommand
<LI><a href="#[283]">&gt;&gt;</a>&nbsp;&nbsp;&nbsp;prvSampleTimeNow
<LI><a href="#[27d]">&gt;&gt;</a>&nbsp;&nbsp;&nbsp;prvInsertTimerInActiveList
</UL>
<BR>[Called By]<UL><LI><a href="#[8c]">&gt;&gt;</a>&nbsp;&nbsp;&nbsp;prvTimerTask
</UL>

<P><STRONG><a name="[284]"></a>prvProcessTimerOrBlockTask</STRONG> (Thumb, 102 bytes, Stack size 24 bytes, timers.o(i.prvProcessTimerOrBlockTask))
<BR><BR>[Stack]<UL><LI>Max Depth = 216<LI>Call Chain = prvProcessTimerOrBlockTask &rArr; prvSampleTimeNow &rArr; prvSwitchTimerLists &rArr; xTimerGenericCommand &rArr; xQueueGenericSend &rArr; vTaskPlaceOnEventList &rArr; prvAddCurrentTaskToDelayedList &rArr; vListInsert
</UL>
<BR>[Calls]<UL><LI><a href="#[287]">&gt;&gt;</a>&nbsp;&nbsp;&nbsp;vQueueWaitForMessageRestricted
<LI><a href="#[286]">&gt;&gt;</a>&nbsp;&nbsp;&nbsp;xTaskResumeAll
<LI><a href="#[285]">&gt;&gt;</a>&nbsp;&nbsp;&nbsp;vTaskSuspendAll
<LI><a href="#[283]">&gt;&gt;</a>&nbsp;&nbsp;&nbsp;prvSampleTimeNow
<LI><a href="#[280]">&gt;&gt;</a>&nbsp;&nbsp;&nbsp;prvProcessExpiredTimer
</UL>
<BR>[Called By]<UL><LI><a href="#[8c]">&gt;&gt;</a>&nbsp;&nbsp;&nbsp;prvTimerTask
</UL>

<P><STRONG><a name="[283]"></a>prvSampleTimeNow</STRONG> (Thumb, 40 bytes, Stack size 16 bytes, timers.o(i.prvSampleTimeNow))
<BR><BR>[Stack]<UL><LI>Max Depth = 192<LI>Call Chain = prvSampleTimeNow &rArr; prvSwitchTimerLists &rArr; xTimerGenericCommand &rArr; xQueueGenericSend &rArr; vTaskPlaceOnEventList &rArr; prvAddCurrentTaskToDelayedList &rArr; vListInsert
</UL>
<BR>[Calls]<UL><LI><a href="#[288]">&gt;&gt;</a>&nbsp;&nbsp;&nbsp;prvSwitchTimerLists
<LI><a href="#[1a8]">&gt;&gt;</a>&nbsp;&nbsp;&nbsp;xTaskGetTickCount
</UL>
<BR>[Called By]<UL><LI><a href="#[284]">&gt;&gt;</a>&nbsp;&nbsp;&nbsp;prvProcessTimerOrBlockTask
<LI><a href="#[282]">&gt;&gt;</a>&nbsp;&nbsp;&nbsp;prvProcessReceivedCommands
</UL>

<P><STRONG><a name="[288]"></a>prvSwitchTimerLists</STRONG> (Thumb, 154 bytes, Stack size 32 bytes, timers.o(i.prvSwitchTimerLists))
<BR><BR>[Stack]<UL><LI>Max Depth = 176<LI>Call Chain = prvSwitchTimerLists &rArr; xTimerGenericCommand &rArr; xQueueGenericSend &rArr; vTaskPlaceOnEventList &rArr; prvAddCurrentTaskToDelayedList &rArr; vListInsert
</UL>
<BR>[Calls]<UL><LI><a href="#[26a]">&gt;&gt;</a>&nbsp;&nbsp;&nbsp;vListInsert
<LI><a href="#[268]">&gt;&gt;</a>&nbsp;&nbsp;&nbsp;uxListRemove
<LI><a href="#[281]">&gt;&gt;</a>&nbsp;&nbsp;&nbsp;xTimerGenericCommand
</UL>
<BR>[Called By]<UL><LI><a href="#[283]">&gt;&gt;</a>&nbsp;&nbsp;&nbsp;prvSampleTimeNow
</UL>

<P><STRONG><a name="[8c]"></a>prvTimerTask</STRONG> (Thumb, 26 bytes, Stack size 8 bytes, timers.o(i.prvTimerTask))
<BR><BR>[Stack]<UL><LI>Max Depth = 240<LI>Call Chain = prvTimerTask &rArr; prvProcessReceivedCommands &rArr; prvSampleTimeNow &rArr; prvSwitchTimerLists &rArr; xTimerGenericCommand &rArr; xQueueGenericSend &rArr; vTaskPlaceOnEventList &rArr; prvAddCurrentTaskToDelayedList &rArr; vListInsert
</UL>
<BR>[Calls]<UL><LI><a href="#[284]">&gt;&gt;</a>&nbsp;&nbsp;&nbsp;prvProcessTimerOrBlockTask
<LI><a href="#[282]">&gt;&gt;</a>&nbsp;&nbsp;&nbsp;prvProcessReceivedCommands
<LI><a href="#[289]">&gt;&gt;</a>&nbsp;&nbsp;&nbsp;prvGetNextExpireTime
</UL>
<BR>[Address Reference Count : 1]<UL><LI> timers.o(i.xTimerCreateTimerTask)
</UL>
<P><STRONG><a name="[264]"></a>makeFreeRtosPriority</STRONG> (Thumb, 14 bytes, Stack size 0 bytes, cmsis_os.o(i.makeFreeRtosPriority))
<BR><BR>[Called By]<UL><LI><a href="#[18f]">&gt;&gt;</a>&nbsp;&nbsp;&nbsp;osThreadCreate
</UL>

<P><STRONG><a name="[28e]"></a>prvHeapInit</STRONG> (Thumb, 98 bytes, Stack size 12 bytes, heap_4.o(i.prvHeapInit))
<BR><BR>[Stack]<UL><LI>Max Depth = 12<LI>Call Chain = prvHeapInit
</UL>
<BR>[Called By]<UL><LI><a href="#[28d]">&gt;&gt;</a>&nbsp;&nbsp;&nbsp;pvPortMalloc
</UL>

<P><STRONG><a name="[28f]"></a>prvInsertBlockIntoFreeList</STRONG> (Thumb, 96 bytes, Stack size 8 bytes, heap_4.o(i.prvInsertBlockIntoFreeList))
<BR><BR>[Stack]<UL><LI>Max Depth = 8<LI>Call Chain = prvInsertBlockIntoFreeList
</UL>
<BR>[Called By]<UL><LI><a href="#[277]">&gt;&gt;</a>&nbsp;&nbsp;&nbsp;vPortFree
<LI><a href="#[28d]">&gt;&gt;</a>&nbsp;&nbsp;&nbsp;pvPortMalloc
</UL>

<P><STRONG><a name="[8a]"></a>prvTaskExitError</STRONG> (Thumb, 60 bytes, Stack size 0 bytes, port.o(i.prvTaskExitError))
<BR>[Address Reference Count : 1]<UL><LI> port.o(i.pxPortInitialiseStack)
</UL>
<P><STRONG><a name="[25d]"></a>get_sector</STRONG> (Thumb, 198 bytes, Stack size 0 bytes, bsp_flash.o(i.get_sector))
<BR><BR>[Called By]<UL><LI><a href="#[25b]">&gt;&gt;</a>&nbsp;&nbsp;&nbsp;flash_erase_address
</UL>

<P><STRONG><a name="[9c]"></a>__sti___19_System_DataPool_cpp_DR16</STRONG> (Thumb, 110 bytes, Stack size 8 bytes, system_datapool.o(i.__sti___19_System_DataPool_cpp_DR16))
<BR><BR>[Stack]<UL><LI>Max Depth = 80<LI>Call Chain = __sti___19_System_DataPool_cpp_DR16 &rArr; __aeabi_atexit &rArr; malloc &rArr; __Heap_Full &rArr; __Heap_ProvideMemory &rArr; free
</UL>
<BR>[Calls]<UL><LI><a href="#[253]">&gt;&gt;</a>&nbsp;&nbsp;&nbsp;DR16_Classdef::DR16_Classdef()
<LI><a href="#[23f]">&gt;&gt;</a>&nbsp;&nbsp;&nbsp;CTRL_DR16_classdef::CTRL_DR16_classdef()
<LI><a href="#[22e]">&gt;&gt;</a>&nbsp;&nbsp;&nbsp;Chassis_classdef::Chassis_classdef()
<LI><a href="#[255]">&gt;&gt;</a>&nbsp;&nbsp;&nbsp;Vision_classdef::Vision_classdef()
<LI><a href="#[212]">&gt;&gt;</a>&nbsp;&nbsp;&nbsp;Gimbal_classdef::Gimbal_classdef()
<LI><a href="#[1fb]">&gt;&gt;</a>&nbsp;&nbsp;&nbsp;Shoot_classdef::Shoot_classdef()
<LI><a href="#[254]">&gt;&gt;</a>&nbsp;&nbsp;&nbsp;Robot_classdef::Robot_classdef()
<LI><a href="#[1d6]">&gt;&gt;</a>&nbsp;&nbsp;&nbsp;LED_classdef::LED_classdef()
<LI><a href="#[256]">&gt;&gt;</a>&nbsp;&nbsp;&nbsp;IMU_classdef::IMU_classdef()
<LI><a href="#[1d9]">&gt;&gt;</a>&nbsp;&nbsp;&nbsp;__aeabi_memcpy
<LI><a href="#[bb]">&gt;&gt;</a>&nbsp;&nbsp;&nbsp;__aeabi_atexit
</UL>
<BR>[Address Reference Count : 1]<UL><LI> system_datapool.o(.init_array)
</UL>
<P><STRONG><a name="[9d]"></a>__sti___18_Control_Vision_cpp_da60bcbb</STRONG> (Thumb, 16 bytes, Stack size 8 bytes, control_vision.o(i.__sti___18_Control_Vision_cpp_da60bcbb))
<BR><BR>[Stack]<UL><LI>Max Depth = 20<LI>Call Chain = __sti___18_Control_Vision_cpp_da60bcbb &rArr; kalmanfilter_Init_t::kalmanfilter_Init_t()
</UL>
<BR>[Calls]<UL><LI><a href="#[252]">&gt;&gt;</a>&nbsp;&nbsp;&nbsp;kalmanfilter_Init_t::kalmanfilter_Init_t()
</UL>
<BR>[Address Reference Count : 1]<UL><LI> control_vision.o(.init_array)
</UL>
<P><STRONG><a name="[9e]"></a>__sti___15_SerialDebug_cpp_955582f0</STRONG> (Thumb, 10 bytes, Stack size 8 bytes, serialdebug.o(i.__sti___15_SerialDebug_cpp_955582f0))
<BR><BR>[Stack]<UL><LI>Max Depth = 24<LI>Call Chain = __sti___15_SerialDebug_cpp_955582f0 &rArr; SerialDebug_classdef::SerialDebug_classdef() &rArr; __aeabi_memcpy4
</UL>
<BR>[Calls]<UL><LI><a href="#[240]">&gt;&gt;</a>&nbsp;&nbsp;&nbsp;SerialDebug_classdef::SerialDebug_classdef()
</UL>
<BR>[Address Reference Count : 1]<UL><LI> serialdebug.o(.init_array)
</UL>
<P><STRONG><a name="[9f]"></a>__sti___14_Dev_Buzzer_cpp_Buzzer</STRONG> (Thumb, 10 bytes, Stack size 4 bytes, dev_buzzer.o(i.__sti___14_Dev_Buzzer_cpp_Buzzer))
<BR><BR>[Stack]<UL><LI>Max Depth = 4<LI>Call Chain = __sti___14_Dev_Buzzer_cpp_Buzzer
</UL>
<BR>[Calls]<UL><LI><a href="#[251]">&gt;&gt;</a>&nbsp;&nbsp;&nbsp;Buzzer_classdef::Buzzer_classdef()
</UL>
<BR>[Address Reference Count : 1]<UL><LI> dev_buzzer.o(.init_array)
</UL>
<P><STRONG><a name="[164]"></a>IMU_Param_Correction</STRONG> (Thumb, 826 bytes, Stack size 72 bytes, ins_ekf_task.o(i.IMU_Param_Correction))
<BR><BR>[Stack]<UL><LI>Max Depth = 72<LI>Call Chain = IMU_Param_Correction
</UL>
<BR>[Calls]<UL><LI><a href="#[166]">&gt;&gt;</a>&nbsp;&nbsp;&nbsp;arm_sin_f32
<LI><a href="#[165]">&gt;&gt;</a>&nbsp;&nbsp;&nbsp;arm_cos_f32
</UL>
<BR>[Called By]<UL><LI><a href="#[17a]">&gt;&gt;</a>&nbsp;&nbsp;&nbsp;INS_EKF_Task
</UL>

<P><STRONG><a name="[177]"></a>float_constrain</STRONG> (Thumb, 42 bytes, Stack size 0 bytes, ins_ekf_task.o(i.float_constrain))
<BR><BR>[Called By]<UL><LI><a href="#[174]">&gt;&gt;</a>&nbsp;&nbsp;&nbsp;IMU_Temperature_Ctrl
</UL>

<P><STRONG><a name="[176]"></a>float_rounding</STRONG> (Thumb, 62 bytes, Stack size 0 bytes, ins_ekf_task.o(i.float_rounding))
<BR><BR>[Called By]<UL><LI><a href="#[174]">&gt;&gt;</a>&nbsp;&nbsp;&nbsp;IMU_Temperature_Ctrl
</UL>

<P><STRONG><a name="[de]"></a>BMI088_read_muli_reg</STRONG> (Thumb, 38 bytes, Stack size 16 bytes, bmi088driver.o(i.BMI088_read_muli_reg))
<BR><BR>[Stack]<UL><LI>Max Depth = 136<LI>Call Chain = BMI088_read_muli_reg &rArr; BMI088_read_write_byte &rArr; HAL_SPI_TransmitReceive &rArr; SPI_EndRxTxTransaction &rArr; SPI_WaitFlagStateUntilTimeout
</UL>
<BR>[Calls]<UL><LI><a href="#[dd]">&gt;&gt;</a>&nbsp;&nbsp;&nbsp;BMI088_read_write_byte
</UL>
<BR>[Called By]<UL><LI><a href="#[e8]">&gt;&gt;</a>&nbsp;&nbsp;&nbsp;Calibrate_MPU_Offset
<LI><a href="#[dc]">&gt;&gt;</a>&nbsp;&nbsp;&nbsp;BMI088_Read
</UL>

<P><STRONG><a name="[df]"></a>BMI088_read_single_reg</STRONG> (Thumb, 24 bytes, Stack size 16 bytes, bmi088driver.o(i.BMI088_read_single_reg))
<BR><BR>[Stack]<UL><LI>Max Depth = 136<LI>Call Chain = BMI088_read_single_reg &rArr; BMI088_read_write_byte &rArr; HAL_SPI_TransmitReceive &rArr; SPI_EndRxTxTransaction &rArr; SPI_WaitFlagStateUntilTimeout
</UL>
<BR>[Calls]<UL><LI><a href="#[dd]">&gt;&gt;</a>&nbsp;&nbsp;&nbsp;BMI088_read_write_byte
</UL>
<BR>[Called By]<UL><LI><a href="#[258]">&gt;&gt;</a>&nbsp;&nbsp;&nbsp;bmi088_gyro_init
</UL>

<P><STRONG><a name="[e1]"></a>BMI088_write_single_reg</STRONG> (Thumb, 20 bytes, Stack size 16 bytes, bmi088driver.o(i.BMI088_write_single_reg))
<BR><BR>[Stack]<UL><LI>Max Depth = 136<LI>Call Chain = BMI088_write_single_reg &rArr; BMI088_read_write_byte &rArr; HAL_SPI_TransmitReceive &rArr; SPI_EndRxTxTransaction &rArr; SPI_WaitFlagStateUntilTimeout
</UL>
<BR>[Calls]<UL><LI><a href="#[dd]">&gt;&gt;</a>&nbsp;&nbsp;&nbsp;BMI088_read_write_byte
</UL>
<BR>[Called By]<UL><LI><a href="#[258]">&gt;&gt;</a>&nbsp;&nbsp;&nbsp;bmi088_gyro_init
<LI><a href="#[257]">&gt;&gt;</a>&nbsp;&nbsp;&nbsp;bmi088_accel_init
</UL>

<P><STRONG><a name="[e8]"></a>Calibrate_MPU_Offset</STRONG> (Thumb, 1366 bytes, Stack size 64 bytes, bmi088driver.o(i.Calibrate_MPU_Offset))
<BR><BR>[Stack]<UL><LI>Max Depth = 200<LI>Call Chain = Calibrate_MPU_Offset &rArr; BMI088_read_muli_reg &rArr; BMI088_read_write_byte &rArr; HAL_SPI_TransmitReceive &rArr; SPI_EndRxTxTransaction &rArr; SPI_WaitFlagStateUntilTimeout
</UL>
<BR>[Calls]<UL><LI><a href="#[e9]">&gt;&gt;</a>&nbsp;&nbsp;&nbsp;DWT_GetTimeline_s
<LI><a href="#[ea]">&gt;&gt;</a>&nbsp;&nbsp;&nbsp;DWT_Delay
<LI><a href="#[dd]">&gt;&gt;</a>&nbsp;&nbsp;&nbsp;BMI088_read_write_byte
<LI><a href="#[d9]">&gt;&gt;</a>&nbsp;&nbsp;&nbsp;BMI088_GYRO_NS_L
<LI><a href="#[d8]">&gt;&gt;</a>&nbsp;&nbsp;&nbsp;BMI088_GYRO_NS_H
<LI><a href="#[d7]">&gt;&gt;</a>&nbsp;&nbsp;&nbsp;BMI088_ACCEL_NS_L
<LI><a href="#[d5]">&gt;&gt;</a>&nbsp;&nbsp;&nbsp;BMI088_ACCEL_NS_H
<LI><a href="#[de]">&gt;&gt;</a>&nbsp;&nbsp;&nbsp;BMI088_read_muli_reg
<LI><a href="#[eb]">&gt;&gt;</a>&nbsp;&nbsp;&nbsp;__hardfp_sqrtf
</UL>
<BR>[Called By]<UL><LI><a href="#[db]">&gt;&gt;</a>&nbsp;&nbsp;&nbsp;bmi088_init
<LI><a href="#[17c]">&gt;&gt;</a>&nbsp;&nbsp;&nbsp;Offset_reset
</UL>

<P><STRONG><a name="[259]"></a>cail_data_read</STRONG> (Thumb, 16 bytes, Stack size 8 bytes, bmi088driver.o(i.cail_data_read))
<BR><BR>[Stack]<UL><LI>Max Depth = 24<LI>Call Chain = cail_data_read &rArr; flash_read
</UL>
<BR>[Calls]<UL><LI><a href="#[25a]">&gt;&gt;</a>&nbsp;&nbsp;&nbsp;flash_read
</UL>
<BR>[Called By]<UL><LI><a href="#[db]">&gt;&gt;</a>&nbsp;&nbsp;&nbsp;bmi088_init
</UL>

<P><STRONG><a name="[19d]"></a>cali_data_write</STRONG> (Thumb, 24 bytes, Stack size 8 bytes, bmi088driver.o(i.cali_data_write))
<BR><BR>[Stack]<UL><LI>Max Depth = 88<LI>Call Chain = cali_data_write &rArr; flash_erase_address &rArr; HAL_FLASHEx_Erase &rArr; FLASH_WaitForLastOperation
</UL>
<BR>[Calls]<UL><LI><a href="#[25c]">&gt;&gt;</a>&nbsp;&nbsp;&nbsp;flash_write_single_address
<LI><a href="#[25b]">&gt;&gt;</a>&nbsp;&nbsp;&nbsp;flash_erase_address
</UL>
<BR>[Called By]<UL><LI><a href="#[db]">&gt;&gt;</a>&nbsp;&nbsp;&nbsp;bmi088_init
<LI><a href="#[17c]">&gt;&gt;</a>&nbsp;&nbsp;&nbsp;Offset_reset
</UL>

<P><STRONG><a name="[74]"></a>IMU_QuaternionEKF_F_Linearization_P_Fading</STRONG> (Thumb, 540 bytes, Stack size 8 bytes, quaternionekf.o(i.IMU_QuaternionEKF_F_Linearization_P_Fading))
<BR><BR>[Stack]<UL><LI>Max Depth = 8<LI>Call Chain = IMU_QuaternionEKF_F_Linearization_P_Fading
</UL>
<BR>[Calls]<UL><LI><a href="#[167]">&gt;&gt;</a>&nbsp;&nbsp;&nbsp;invSqrt
</UL>
<BR>[Address Reference Count : 1]<UL><LI> quaternionekf.o(i.IMU_QuaternionEKF_Init)
</UL>
<P><STRONG><a name="[73]"></a>IMU_QuaternionEKF_Observe</STRONG> (Thumb, 40 bytes, Stack size 8 bytes, quaternionekf.o(i.IMU_QuaternionEKF_Observe))
<BR><BR>[Stack]<UL><LI>Max Depth = 16<LI>Call Chain = IMU_QuaternionEKF_Observe &rArr; __aeabi_memcpy4
</UL>
<BR>[Calls]<UL><LI><a href="#[be]">&gt;&gt;</a>&nbsp;&nbsp;&nbsp;__aeabi_memcpy4
</UL>
<BR>[Address Reference Count : 1]<UL><LI> quaternionekf.o(i.IMU_QuaternionEKF_Init)
</UL>
<P><STRONG><a name="[75]"></a>IMU_QuaternionEKF_SetH</STRONG> (Thumb, 274 bytes, Stack size 8 bytes, quaternionekf.o(i.IMU_QuaternionEKF_SetH))
<BR><BR>[Stack]<UL><LI>Max Depth = 12<LI>Call Chain = IMU_QuaternionEKF_SetH &rArr; __aeabi_memclr4
</UL>
<BR>[Calls]<UL><LI><a href="#[fa]">&gt;&gt;</a>&nbsp;&nbsp;&nbsp;__aeabi_memclr4
</UL>
<BR>[Address Reference Count : 1]<UL><LI> quaternionekf.o(i.IMU_QuaternionEKF_Init)
</UL>
<P><STRONG><a name="[76]"></a>IMU_QuaternionEKF_xhatUpdate</STRONG> (Thumb, 1302 bytes, Stack size 24 bytes, quaternionekf.o(i.IMU_QuaternionEKF_xhatUpdate))
<BR><BR>[Stack]<UL><LI>Max Depth = 84<LI>Call Chain = IMU_QuaternionEKF_xhatUpdate &rArr; arm_mat_inverse_f32
</UL>
<BR>[Calls]<UL><LI><a href="#[16e]">&gt;&gt;</a>&nbsp;&nbsp;&nbsp;arm_mat_trans_f32
<LI><a href="#[173]">&gt;&gt;</a>&nbsp;&nbsp;&nbsp;arm_mat_sub_f32
<LI><a href="#[16f]">&gt;&gt;</a>&nbsp;&nbsp;&nbsp;arm_mat_mult_f32
<LI><a href="#[171]">&gt;&gt;</a>&nbsp;&nbsp;&nbsp;arm_mat_inverse_f32
<LI><a href="#[170]">&gt;&gt;</a>&nbsp;&nbsp;&nbsp;arm_mat_add_f32
<LI><a href="#[172]">&gt;&gt;</a>&nbsp;&nbsp;&nbsp;__hardfp_acosf
<LI><a href="#[be]">&gt;&gt;</a>&nbsp;&nbsp;&nbsp;__aeabi_memcpy4
</UL>
<BR>[Address Reference Count : 1]<UL><LI> quaternionekf.o(i.IMU_QuaternionEKF_Init)
</UL>
<P><STRONG><a name="[167]"></a>invSqrt</STRONG> (Thumb, 56 bytes, Stack size 0 bytes, quaternionekf.o(i.invSqrt))
<BR><BR>[Called By]<UL><LI><a href="#[74]">&gt;&gt;</a>&nbsp;&nbsp;&nbsp;IMU_QuaternionEKF_F_Linearization_P_Fading
<LI><a href="#[16a]">&gt;&gt;</a>&nbsp;&nbsp;&nbsp;IMU_QuaternionEKF_Update
</UL>

<P><STRONG><a name="[163]"></a>H_K_R_Adjustment</STRONG> (Thumb, 300 bytes, Stack size 16 bytes, kalman_filter_imu.o(i.H_K_R_Adjustment))
<BR><BR>[Stack]<UL><LI>Max Depth = 24<LI>Call Chain = H_K_R_Adjustment &rArr; __aeabi_memcpy4
</UL>
<BR>[Calls]<UL><LI><a href="#[fa]">&gt;&gt;</a>&nbsp;&nbsp;&nbsp;__aeabi_memclr4
<LI><a href="#[be]">&gt;&gt;</a>&nbsp;&nbsp;&nbsp;__aeabi_memcpy4
</UL>
<BR>[Called By]<UL><LI><a href="#[181]">&gt;&gt;</a>&nbsp;&nbsp;&nbsp;Kalman_Filter_Measure
</UL>

<P><STRONG><a name="[f2]"></a>DWT_CNT_Update</STRONG> (Thumb, 36 bytes, Stack size 8 bytes, bsp_dwt.o(i.DWT_CNT_Update))
<BR><BR>[Stack]<UL><LI>Max Depth = 8<LI>Call Chain = DWT_CNT_Update
</UL>
<BR>[Called By]<UL><LI><a href="#[f3]">&gt;&gt;</a>&nbsp;&nbsp;&nbsp;DWT_SysTimeUpdate
<LI><a href="#[f1]">&gt;&gt;</a>&nbsp;&nbsp;&nbsp;DWT_GetDeltaT
</UL>

<P><STRONG><a name="[1c7]"></a>[local to BSP_ADC_c]::adcx_get_chx_value(ADC_HandleTypeDef*, unsigned)</STRONG> (Thumb, 56 bytes, Stack size 16 bytes, bsp_adc.o(i._ZN30_INTERNAL_9_BSP_ADC_c_a9b4e7c218adcx_get_chx_valueEP17ADC_HandleTypeDefj))
<BR><BR>[Stack]<UL><LI>Max Depth = 32<LI>Call Chain = [local to BSP_ADC_c]::adcx_get_chx_value(ADC_HandleTypeDef*, unsigned) &rArr; HAL_ADC_ConfigChannel
</UL>
<BR>[Calls]<UL><LI><a href="#[188]">&gt;&gt;</a>&nbsp;&nbsp;&nbsp;HAL_ADC_ConfigChannel
<LI><a href="#[139]">&gt;&gt;</a>&nbsp;&nbsp;&nbsp;Error_Handler
<LI><a href="#[244]">&gt;&gt;</a>&nbsp;&nbsp;&nbsp;HAL_ADC_Start
<LI><a href="#[ff]">&gt;&gt;</a>&nbsp;&nbsp;&nbsp;HAL_ADC_PollForConversion
<LI><a href="#[245]">&gt;&gt;</a>&nbsp;&nbsp;&nbsp;HAL_ADC_GetValue
</UL>
<BR>[Called By]<UL><LI><a href="#[1bf]">&gt;&gt;</a>&nbsp;&nbsp;&nbsp;init_vrefint_reciprocal()
</UL>

<P><STRONG><a name="[2b7]"></a>_dadd1</STRONG> (Thumb, 0 bytes, Stack size unknown bytes, daddsub_clz.o(x$fpl$dadd), UNUSED)
<BR><BR>[Called By]<UL><LI><a href="#[2b6]">&gt;&gt;</a>&nbsp;&nbsp;&nbsp;_dsub
</UL>

<P><STRONG><a name="[2b8]"></a>dadd_zerodenorm</STRONG> (Thumb, 0 bytes, Stack size unknown bytes, daddsub_clz.o(x$fpl$dadd), UNUSED)
<BR><BR>[Called By]<UL><LI><a href="#[2b6]">&gt;&gt;</a>&nbsp;&nbsp;&nbsp;_dsub
</UL>

<P><STRONG><a name="[2aa]"></a>_dsub1</STRONG> (Thumb, 0 bytes, Stack size unknown bytes, daddsub_clz.o(x$fpl$dsub), UNUSED)
<BR><BR>[Called By]<UL><LI><a href="#[2a9]">&gt;&gt;</a>&nbsp;&nbsp;&nbsp;_dadd
</UL>

<P><STRONG><a name="[2ac]"></a>daddsub_denorm</STRONG> (Thumb, 0 bytes, Stack size unknown bytes, daddsub_clz.o(x$fpl$dsub), UNUSED)
<BR><BR>[Called By]<UL><LI><a href="#[2a9]">&gt;&gt;</a>&nbsp;&nbsp;&nbsp;_dadd
</UL>

<P><STRONG><a name="[2ab]"></a>dsub_zerodenorm</STRONG> (Thumb, 0 bytes, Stack size unknown bytes, daddsub_clz.o(x$fpl$dsub), UNUSED)
<BR><BR>[Called By]<UL><LI><a href="#[2a9]">&gt;&gt;</a>&nbsp;&nbsp;&nbsp;_dadd
</UL>
<P>
<H3>
Undefined Global Symbols
</H3><HR></body></html>
