Component: ARM Compiler 5.06 update 7 (build 960) Tool: armlink [4d3601]

==============================================================================

Section Cross References

    startup_stm32f427xx.o(STACK) refers (Special) to heapauxi.o(.text) for __use_two_region_memory
    startup_stm32f427xx.o(HEAP) refers (Special) to heapauxi.o(.text) for __use_two_region_memory
    startup_stm32f427xx.o(RESET) refers (Special) to heapauxi.o(.text) for __use_two_region_memory
    startup_stm32f427xx.o(RESET) refers to startup_stm32f427xx.o(STACK) for __initial_sp
    startup_stm32f427xx.o(RESET) refers to startup_stm32f427xx.o(.text) for Reset_Handler
    startup_stm32f427xx.o(RESET) refers to stm32f4xx_it.o(i.NMI_Handler) for NMI_Handler
    startup_stm32f427xx.o(RESET) refers to stm32f4xx_it.o(i.HardFault_Handler) for HardFault_Handler
    startup_stm32f427xx.o(RESET) refers to stm32f4xx_it.o(i.MemManage_Handler) for MemManage_Handler
    startup_stm32f427xx.o(RESET) refers to stm32f4xx_it.o(i.BusFault_Handler) for BusFault_Handler
    startup_stm32f427xx.o(RESET) refers to stm32f4xx_it.o(i.UsageFault_Handler) for UsageFault_Handler
    startup_stm32f427xx.o(RESET) refers to port.o(.emb_text) for SVC_Handler
    startup_stm32f427xx.o(RESET) refers to stm32f4xx_it.o(i.DebugMon_Handler) for DebugMon_Handler
    startup_stm32f427xx.o(RESET) refers to port.o(i.SysTick_Handler) for SysTick_Handler
    startup_stm32f427xx.o(RESET) refers to stm32f4xx_it.o(i.PVD_IRQHandler) for PVD_IRQHandler
    startup_stm32f427xx.o(RESET) refers to stm32f4xx_it.o(i.DMA1_Stream1_IRQHandler) for DMA1_Stream1_IRQHandler
    startup_stm32f427xx.o(RESET) refers to stm32f4xx_it.o(i.DMA1_Stream3_IRQHandler) for DMA1_Stream3_IRQHandler
    startup_stm32f427xx.o(RESET) refers to stm32f4xx_it.o(i.CAN1_RX0_IRQHandler) for CAN1_RX0_IRQHandler
    startup_stm32f427xx.o(RESET) refers to stm32f4xx_it.o(i.USART1_IRQHandler) for USART1_IRQHandler
    startup_stm32f427xx.o(RESET) refers to stm32f4xx_it.o(i.USART3_IRQHandler) for USART3_IRQHandler
    startup_stm32f427xx.o(RESET) refers to stm32f4xx_it.o(i.TIM6_DAC_IRQHandler) for TIM6_DAC_IRQHandler
    startup_stm32f427xx.o(RESET) refers to stm32f4xx_it.o(i.DMA2_Stream2_IRQHandler) for DMA2_Stream2_IRQHandler
    startup_stm32f427xx.o(RESET) refers to stm32f4xx_it.o(i.CAN2_RX0_IRQHandler) for CAN2_RX0_IRQHandler
    startup_stm32f427xx.o(RESET) refers to stm32f4xx_it.o(i.DMA2_Stream6_IRQHandler) for DMA2_Stream6_IRQHandler
    startup_stm32f427xx.o(RESET) refers to stm32f4xx_it.o(i.USART6_IRQHandler) for USART6_IRQHandler
    startup_stm32f427xx.o(.text) refers (Special) to heapauxi.o(.text) for __use_two_region_memory
    startup_stm32f427xx.o(.text) refers to system_stm32f4xx.o(i.SystemInit) for SystemInit
    startup_stm32f427xx.o(.text) refers to __main.o(!!!main) for __main
    startup_stm32f427xx.o(.text) refers to startup_stm32f427xx.o(HEAP) for Heap_Mem
    startup_stm32f427xx.o(.text) refers to startup_stm32f427xx.o(STACK) for Stack_Mem
    main.o(i.HAL_TIM_PeriodElapsedCallback) refers to stm32f4xx_hal.o(i.HAL_IncTick) for HAL_IncTick
    main.o(i.SystemClock_Config) refers to rt_memclr_w.o(.text) for __aeabi_memclr4
    main.o(i.SystemClock_Config) refers to stm32f4xx_hal_rcc.o(i.HAL_RCC_OscConfig) for HAL_RCC_OscConfig
    main.o(i.SystemClock_Config) refers to main.o(i.Error_Handler) for Error_Handler
    main.o(i.SystemClock_Config) refers to stm32f4xx_hal_rcc.o(i.HAL_RCC_ClockConfig) for HAL_RCC_ClockConfig
    main.o(i.main) refers to stm32f4xx_hal.o(i.HAL_Init) for HAL_Init
    main.o(i.main) refers to main.o(i.SystemClock_Config) for SystemClock_Config
    main.o(i.main) refers to gpio.o(i.MX_GPIO_Init) for MX_GPIO_Init
    main.o(i.main) refers to dma.o(i.MX_DMA_Init) for MX_DMA_Init
    main.o(i.main) refers to can.o(i.MX_CAN1_Init) for MX_CAN1_Init
    main.o(i.main) refers to can.o(i.MX_CAN2_Init) for MX_CAN2_Init
    main.o(i.main) refers to usart.o(i.MX_USART1_UART_Init) for MX_USART1_UART_Init
    main.o(i.main) refers to usart.o(i.MX_USART6_UART_Init) for MX_USART6_UART_Init
    main.o(i.main) refers to spi.o(i.MX_SPI5_Init) for MX_SPI5_Init
    main.o(i.main) refers to tim.o(i.MX_TIM3_Init) for MX_TIM3_Init
    main.o(i.main) refers to usart.o(i.MX_USART3_UART_Init) for MX_USART3_UART_Init
    main.o(i.main) refers to adc.o(i.MX_ADC1_Init) for MX_ADC1_Init
    main.o(i.main) refers to spi.o(i.MX_SPI1_Init) for MX_SPI1_Init
    main.o(i.main) refers to tim.o(i.MX_TIM12_Init) for MX_TIM12_Init
    main.o(i.main) refers to system_config.o(i.User_System_Init) for User_System_Init
    main.o(i.main) refers to freertos.o(i.MX_FREERTOS_Init) for MX_FREERTOS_Init
    main.o(i.main) refers to cmsis_os.o(i.osKernelStart) for osKernelStart
    main.o(i.main) refers to bsp_flash.o(i.flash_write_single_address) for flash_write_single_address
    main.o(i.main) refers to dji_aimu.o(.bss) for IMUwriteFlashData
[...]
    __fplib_config_pureend_doubles           0x0800deaf   Thumb Code     0  fpinit.o(x$fpl$fpinit)
    __fpl_fretinf                            0x0800deb1   Thumb Code    10  fretinf.o(x$fpl$fretinf)
    __funder                                 0x0800debb   Thumb Code   254  funder_clz.o(x$fpl$funder)
    __funder_d                               0x0800dfb9   Thumb Code    62  funder_clz.o(x$fpl$funder)
    __fpl_return_NaN                         0x0800dff7   Thumb Code   178  retnan.o(x$fpl$retnan)
    _fp_trapveneer                           0x0800e0a9   Thumb Code    36  trapv.o(x$fpl$trapveneer)
    __fpl_cmpreturn                          0x0800e0cd   Thumb Code    90  trapv.o(x$fpl$trapveneer)
    __I$use$fp                               0x0800e126   Number         0  usenofp.o(x$fpl$usenofp)
    AHBPrescTable                            0x0800e14c   Data          16  system_stm32f4xx.o(.constdata)
    APBPrescTable                            0x0800e15c   Data           8  system_stm32f4xx.o(.constdata)
    __mathlib_zero                           0x0800e358   Data           8  qnan.o(.constdata)
    vtable for MotorSpeed                    0x0800e360   Data          44  control_chassis.o(.constdata__ZTV10MotorSpeed)
    vtable for Motor_M3508                   0x0800e38c   Data          52  control_chassis.o(.constdata__ZTV11Motor_M3508)
    vtable for Motor_GM6020                  0x0800e3c0   Data          56  control_chassis.o(.constdata__ZTV12Motor_GM6020)
    vtable for MotorBase                     0x0800e3f8   Data          40  control_chassis.o(.constdata__ZTV9MotorBase)
    Region$$Table$$Base                      0x0800e430   Number         0  anon$$obj.o(Region$$Table)
    Region$$Table$$Limit                     0x0800e450   Number         0  anon$$obj.o(Region$$Table)
    SHT$$INIT_ARRAY$$Base                    0x0800e450   Number         0  system_datapool.o(.init_array)
    SHT$$INIT_ARRAY$$Limit                   0x0800e460   Number         0  init_aeabi.o(.init_array)
    Activate_TaskHandle                      0x20000000   Data           4  freertos.o(.data)
    uwTick                                   0x20000008   Data           4  stm32f4xx_hal.o(.data)
    uwTickPrio                               0x2000000c   Data           4  stm32f4xx_hal.o(.data)
    uwTickFreq                               0x20000010   Data           1  stm32f4xx_hal.o(.data)
    SystemCoreClock                          0x20000014   Data           4  system_stm32f4xx.o(.data)
    pxCurrentTCB                             0x20000018   Data           4  tasks.o(.data)
    Can1Recv_QueueHandle                     0x20000094   Data           4  system_datapool.o(.data)
    Can2Recv_QueueHandle                     0x20000098   Data           4  system_datapool.o(.data)
    Can1Send_QueueHandle                     0x2000009c   Data           4  system_datapool.o(.data)
    xQueueDR16Receive_Handle                 0x200000a0   Data           4  system_datapool.o(.data)
    Referee_QueueHandle                      0x200000a4   Data           4  system_datapool.o(.data)
    RefereeRecv_TaskHandle                   0x200000a8   Data           4  system_datapool.o(.data)
    DevicesMonitor_classdef::Critical_Val    0x200000bc   Data          30  devices_monitor.o(.data)
    DevicesMonitor_classdef::Devices_Frame   0x200000dc   Data           4  devices_monitor.o(.data)
    Reflag                                   0x200000e0   Data           1  control_dr16.o(.data)
    Shoot_Flag                               0x200000e1   Data           1  control_dr16.o(.data)
    test_rxadd                               0x200000e2   Data           1  control_dr16.o(.data)
    M_Vw_Factor                              0x200000e4   Data           4  control_dr16.o(.data)
    Radius                                   0x200000f0   Data           4  control_chassis.o(.data)
    drv_tempcurrent                          0x200000f4   Data           8  control_chassis.o(.data)
    rud_tempcurrent                          0x200000fc   Data           8  control_chassis.o(.data)
    Move_flag                                0x20000104   Data           1  control_chassis.o(.data)
    ssssspeed                                0x20000106   Data           6  control_chassis.o(.data)
    Ramp_Vy                                  0x2000010c   Data           4  control_chassis.o(.data)
    Ramp_Vx                                  0x20000110   Data           4  control_chassis.o(.data)
    Ramp_Vw                                  0x20000114   Data           4  control_chassis.o(.data)
    ACCCCC_VAL                               0x20000118   Data           4  control_chassis.o(.data)
    DECCCCC_VAL                              0x2000011c   Data           4  control_chassis.o(.data)
    No_move_flag                             0x20000120   Data           1  control_chassis.o(.data)
    spin_flag                                0x20000121   Data           1  control_chassis.o(.data)
    Brake_cnt                                0x20000122   Data           2  control_chassis.o(.data)
    error                                    0x20000124   Data           4  control_chassis.o(.data)
    Error                                    0x20000128   Data           4  control_chassis.o(.data)
    temp_spin                                0x2000012c   Data           4  control_chassis.o(.data)
    ramp_count                               0x20000130   Data           2  control_chassis.o(.data)
    test_Vz                                  0x20000134   Data           4  control_chassis.o(.data)
    Natural_num                              0x20000138   Data           4  control_chassis.o(.data)
    xxxx                                     0x20000184   Data           4  control_gimbal.o(.data)
    aaaa                                     0x20000188   Data           4  control_gimbal.o(.data)
    bbbb                                     0x2000018c   Data           4  control_gimbal.o(.data)
    LED_Cycle                                0x200001a0   Data           1  dev_led.o(.data)
    Dir                                      0x200001a1   Data           1  dev_led.o(.data)
    Buzzer                                   0x200001a4   Data           1  dev_buzzer.o(.data)
    SuperMario                               0x200001a6   Data          68  dev_buzzer.o(.data)
    TheWindRises                             0x200001ea   Data         908  dev_buzzer.o(.data)
    DJI_IMUFUN                               0x2000057c   Data          28  dji_aimu.o(.data)
    q0                                       0x20000598   Data           4  dji_aimu.o(.data)
    q1                                       0x2000059c   Data           4  dji_aimu.o(.data)
    q2                                       0x200005a0   Data           4  dji_aimu.o(.data)
    q3                                       0x200005a4   Data           4  dji_aimu.o(.data)
    exInt                                    0x200005a8   Data           4  dji_aimu.o(.data)
    eyInt                                    0x200005ac   Data           4  dji_aimu.o(.data)
    ezInt                                    0x200005b0   Data           4  dji_aimu.o(.data)
    last_update                              0x200005d8   Data           4  dji_aimu.o(.data)
    now_update                               0x200005dc   Data           4  dji_aimu.o(.data)
    ist_buff                                 0x2000065c   Data           6  dji_aimu.o(.data)
    IMU_Init_Condition                       0x20000662   Data           1  dji_aimu.o(.data)
    id                                       0x20000663   Data           1  dji_aimu.o(.data)
    totalYaw_LpfAttFactor                    0x20000664   Data           4  dji_aimu.o(.data)
    gz_LpfAttFactor                          0x20000668   Data           4  dji_aimu.o(.data)
    Calibrate_Temperate                      0x2000066c   Data           1  imu_compensate.o(.data)
    imuTempPid                               0x20000670   Data          64  imu_compensate.o(.data)
    IMU_CompensateFUN                        0x200006b0   Data           8  imu_compensate.o(.data)
    first_temperate                          0x200006b8   Data           1  imu_compensate.o(.data)
    IMU_LpfAttFactor                         0x200006bc   Data           4  imu_compensate.o(.data)
    Data_Buff                                0x200006c4   Data          32  ano.o(.data)
    Data_Sent                                0x200006e4   Data          32  ano.o(.data)
    Data_Check                               0x20000704   Data          12  ano.o(.data)
    pvd_config                               0x20000714   Data           8  bsp_pvd.o(.data)
    hadc1                                    0x20000970   Data          72  adc.o(.bss)
    hcan1                                    0x200009b8   Data          40  can.o(.bss)
    hcan2                                    0x200009e0   Data          40  can.o(.bss)
    hspi1                                    0x20000a08   Data          88  spi.o(.bss)
    hspi5                                    0x20000a60   Data          88  spi.o(.bss)
    htim3                                    0x20000ab8   Data          64  tim.o(.bss)
    htim12                                   0x20000af8   Data          64  tim.o(.bss)
    huart1                                   0x20000b38   Data          64  usart.o(.bss)
    huart3                                   0x20000b78   Data          64  usart.o(.bss)
    huart6                                   0x20000bb8   Data          64  usart.o(.bss)
    hdma_usart1_rx                           0x20000bf8   Data          96  usart.o(.bss)
    hdma_usart3_rx                           0x20000c58   Data          96  usart.o(.bss)
    hdma_usart3_tx                           0x20000cb8   Data          96  usart.o(.bss)
    hdma_usart6_tx                           0x20000d18   Data          96  usart.o(.bss)
    htim6                                    0x20000d78   Data          64  stm32f4xx_hal_timebase_tim.o(.bss)
    pFlash                                   0x20000db8   Data          32  stm32f4xx_hal_flash.o(.bss)
    usart4_manage                            0x20004b30   Data          16  bsp_uart.o(.bss)
    usart5_manage                            0x20004b40   Data          16  bsp_uart.o(.bss)
    usart1_manage                            0x20004b50   Data          16  bsp_uart.o(.bss)
    usart2_manage                            0x20004b60   Data          16  bsp_uart.o(.bss)
    usart3_manage                            0x20004b70   Data          16  bsp_uart.o(.bss)
    usart6_manage                            0x20004b80   Data          16  bsp_uart.o(.bss)
    Uart1_Rx_Buff                            0x20004b90   Data          32  system_datapool.o(.bss)
    Uart3_Rx_Buff                            0x20004bb0   Data         256  system_datapool.o(.bss)
    DR16                                     0x20004cb0   Data          84  system_datapool.o(.bss)
    CTRL_DR16                                0x20004d04   Data          72  system_datapool.o(.bss)
    DevicesMonitor                           0x20004d4c   Data          30  system_datapool.o(.bss)
    Infantry                                 0x20004d6c   Data          52  system_datapool.o(.bss)
    Chassis                                  0x20004da0   Data        2064  system_datapool.o(.bss)
    Gimbal                                   0x200055b0   Data        2160  system_datapool.o(.bss)
    Referee                                  0x20005e20   Data         604  system_datapool.o(.bss)
    SupCap                                   0x2000607c   Data          32  system_datapool.o(.bss)
    PowerMeter                               0x2000609c   Data          28  system_datapool.o(.bss)
    Auto                                     0x200060b8   Data          52  system_datapool.o(.bss)
    CHAS_Power                               0x20006140   Data          88  control_chassis.o(.bss)
    RUD_InitAngle                            0x20006198   Data          16  control_chassis.o(.bss)
    Kalman_CHASFollow_Speed                  0x200061a8   Data          48  control_chassis.o(.bss)
    infantry_null                            0x20006208   Data          16  dev_oled.o(.bss)
    hero_null                                0x20006218   Data          16  dev_oled.o(.bss)
    engineer_null                            0x20006228   Data          16  dev_oled.o(.bss)
    sentry_null                              0x20006238   Data          16  dev_oled.o(.bss)
    darts_null                               0x20006248   Data          16  dev_oled.o(.bss)
    ADCDualConvertedValue                    0x20006258   Data          10  dev_oled.o(.bss)
    ADC_Value                                0x20006264   Data         200  dev_oled.o(.bss)
    mpu_buff                                 0x20006744   Data          15  dji_aimu.o(.bss)
    mpu_data                                 0x20006754   Data          34  dji_aimu.o(.bss)
    imu                                      0x20006778   Data          76  dji_aimu.o(.bss)
    imu_Export                               0x200067c4   Data          24  dji_aimu.o(.bss)
    IMU_Offset                               0x200067dc   Data          24  dji_aimu.o(.bss)
    IMUwriteFlashData                        0x200067f4   Data          24  dji_aimu.o(.bss)
    SerialDebug                              0x2000680c   Data         116  serialdebug.o(.bss)
    __libspace_start                         0x20006880   Data          96  libspace.o(.bss)
    __temporary_stack_top$libspace           0x200068e0   Data           0  libspace.o(.bss)



==============================================================================

Memory Map of the image

  Image Entry point : 0x080001ad

  Load Region LR_IROM1 (Base: 0x08000000, Size: 0x0000eb7c, Max: 0x00200000, ABSOLUTE, COMPRESSED[0x0000e638])

    Execution Region ER_IROM1 (Exec base: 0x08000000, Load base: 0x08000000, Size: 0x0000e460, Max: 0x00200000, ABSOLUTE)

    Exec Addr    Load Addr    Size         Type   Attr      Idx    E Section Name        Object

    0x08000000   0x08000000   0x000001ac   Data   RO            3    RESET               startup_stm32f427xx.o
    0x080001ac   0x080001ac   0x00000008   Code   RO        11249  * !!!main             c_w.l(__main.o)
    0x080001b4   0x080001b4   0x00000034   Code   RO        12111    !!!scatter          c_w.l(__scatter.o)
    0x080001e8   0x080001e8   0x0000005a   Code   RO        12109    !!dczerorl2         c_w.l(__dczerorl2.o)
    0x08000242   0x08000242   0x00000002   PAD
    0x08000244   0x08000244   0x0000001c   Code   RO        12113    !!handler_zi        c_w.l(__scatter_zi.o)
    0x08000260   0x08000260   0x00000002   Code   RO        12046    .ARM.Collect$$libinit$$00000000  c_w.l(libinit.o)
    0x08000262   0x08000262   0x00000004   Code   RO        11716    .ARM.Collect$$libinit$$00000001  c_w.l(libinit2.o)
    0x08000266   0x08000266   0x00000000   Code   RO        11719    .ARM.Collect$$libinit$$00000004  c_w.l(libinit2.o)
    0x08000266   0x08000266   0x00000008   Code   RO        11720    .ARM.Collect$$libinit$$00000005  c_w.l(libinit2.o)
    0x0800026e   0x0800026e   0x00000000   Code   RO        11722    .ARM.Collect$$libinit$$0000000A  c_w.l(libinit2.o)
    0x0800026e   0x0800026e   0x00000000   Code   RO        11724    .ARM.Collect$$libinit$$0000000C  c_w.l(libinit2.o)
    0x0800026e   0x0800026e   0x00000000   Code   RO        11726    .ARM.Collect$$libinit$$0000000E  c_w.l(libinit2.o)
    0x0800026e   0x0800026e   0x00000000   Code   RO        11729    .ARM.Collect$$libinit$$00000011  c_w.l(libinit2.o)
    0x0800026e   0x0800026e   0x00000000   Code   RO        11731    .ARM.Collect$$libinit$$00000013  c_w.l(libinit2.o)
    0x0800026e   0x0800026e   0x00000000   Code   RO        11733    .ARM.Collect$$libinit$$00000015  c_w.l(libinit2.o)
    0x0800026e   0x0800026e   0x00000000   Code   RO        11735    .ARM.Collect$$libinit$$00000017  c_w.l(libinit2.o)
    0x0800026e   0x0800026e   0x00000000   Code   RO        11737    .ARM.Collect$$libinit$$00000019  c_w.l(libinit2.o)
    0x0800026e   0x0800026e   0x00000000   Code   RO        11739    .ARM.Collect$$libinit$$0000001B  c_w.l(libinit2.o)
    0x0800026e   0x0800026e   0x00000000   Code   RO        11741    .ARM.Collect$$libinit$$0000001D  c_w.l(libinit2.o)
    0x0800026e   0x0800026e   0x00000000   Code   RO        11743    .ARM.Collect$$libinit$$0000001F  c_w.l(libinit2.o)
    0x0800026e   0x0800026e   0x00000000   Code   RO        11745    .ARM.Collect$$libinit$$00000021  c_w.l(libinit2.o)
    0x0800026e   0x0800026e   0x00000000   Code   RO        11747    .ARM.Collect$$libinit$$00000023  c_w.l(libinit2.o)
    0x0800026e   0x0800026e   0x00000000   Code   RO        11749    .ARM.Collect$$libinit$$00000025  c_w.l(libinit2.o)
    0x0800026e   0x0800026e   0x00000000   Code   RO        11753    .ARM.Collect$$libinit$$0000002C  c_w.l(libinit2.o)
    0x0800026e   0x0800026e   0x00000000   Code   RO        11755    .ARM.Collect$$libinit$$0000002E  c_w.l(libinit2.o)
    0x0800026e   0x0800026e   0x00000000   Code   RO        11757    .ARM.Collect$$libinit$$00000030  c_w.l(libinit2.o)
    0x0800026e   0x0800026e   0x00000004   Code   RO        11758    .ARM.Collect$$libinit$$00000031  c_w.l(libinit2.o)
    0x08000272   0x08000272   0x00000000   Code   RO        11759    .ARM.Collect$$libinit$$00000032  c_w.l(libinit2.o)
    0x08000272   0x08000272   0x00000002   Code   RO        11760    .ARM.Collect$$libinit$$00000033  c_w.l(libinit2.o)
    0x08000274   0x08000274   0x00000002   Code   RO        12106    .ARM.Collect$$libshutdown$$00000000  c_w.l(libshutdown.o)
    0x08000276   0x08000276   0x00000000   Code   RO        11956    .ARM.Collect$$libshutdown$$00000002  c_w.l(libshutdown2.o)
    0x08000276   0x08000276   0x00000006   Code   RO        11957    .ARM.Collect$$libshutdown$$00000003  c_w.l(libshutdown2.o)
    0x0800027c   0x0800027c   0x00000000   Code   RO        11958    .ARM.Collect$$libshutdown$$00000004  c_w.l(libshutdown2.o)
    0x0800027c   0x0800027c   0x00000000   Code   RO        11960    .ARM.Collect$$libshutdown$$00000006  c_w.l(libshutdown2.o)
    0x0800027c   0x0800027c   0x00000000   Code   RO        11963    .ARM.Collect$$libshutdown$$00000009  c_w.l(libshutdown2.o)
    0x0800027c   0x0800027c   0x00000000   Code   RO        11966    .ARM.Collect$$libshutdown$$0000000C  c_w.l(libshutdown2.o)
    0x0800027c   0x0800027c   0x00000000   Code   RO        11968    .ARM.Collect$$libshutdown$$0000000E  c_w.l(libshutdown2.o)
    0x0800027c   0x0800027c   0x00000000   Code   RO        11971    .ARM.Collect$$libshutdown$$00000011  c_w.l(libshutdown2.o)
    0x0800027c   0x0800027c   0x00000002   Code   RO        11972    .ARM.Collect$$libshutdown$$00000012  c_w.l(libshutdown2.o)
    0x0800027e   0x0800027e   0x00000000   Code   RO        11563    .ARM.Collect$$rtentry$$00000000  c_w.l(__rtentry.o)
    0x0800027e   0x0800027e   0x00000000   Code   RO        11850    .ARM.Collect$$rtentry$$00000002  c_w.l(__rtentry2.o)
    0x0800027e   0x0800027e   0x00000006   Code   RO        11862    .ARM.Collect$$rtentry$$00000004  c_w.l(__rtentry4.o)
    0x08000284   0x08000284   0x00000000   Code   RO        11852    .ARM.Collect$$rtentry$$00000009  c_w.l(__rtentry2.o)
    0x08000284   0x08000284   0x00000004   Code   RO        11853    .ARM.Collect$$rtentry$$0000000A  c_w.l(__rtentry2.o)
    0x08000288   0x08000288   0x00000000   Code   RO        11855    .ARM.Collect$$rtentry$$0000000C  c_w.l(__rtentry2.o)
    0x08000288   0x08000288   0x00000008   Code   RO        11856    .ARM.Collect$$rtentry$$0000000D  c_w.l(__rtentry2.o)
    0x08000290   0x08000290   0x00000002   Code   RO        12062    .ARM.Collect$$rtexit$$00000000  c_w.l(rtexit.o)
    0x08000292   0x08000292   0x00000000   Code   RO        12082    .ARM.Collect$$rtexit$$00000002  c_w.l(rtexit2.o)
    0x08000292   0x08000292   0x00000004   Code   RO        12083    .ARM.Collect$$rtexit$$00000003  c_w.l(rtexit2.o)
    0x08000296   0x08000296   0x00000006   Code   RO        12084    .ARM.Collect$$rtexit$$00000004  c_w.l(rtexit2.o)
    0x0800029c   0x0800029c   0x000000be   Code   RO         5547    .emb_text           port.o
    0x0800035a   0x0800035a   0x00000002   PAD
    0x0800035c   0x0800035c   0x00000000   Code   RO        12010    .emb_text           c_w.l(maybetermalloc1.o)
    0x0800035c   0x0800035c   0x00000040   Code   RO            4    .text               startup_stm32f427xx.o
    0x0800039c   0x0800039c   0x000000ee   Code   RO        11199    .text               c_w.l(lludivv7m.o)
    0x0800048a   0x0800048a   0x0000002e   Code   RO        11234    .text               c_w.l(aeabi_atexit.o)
    0x080004b8   0x080004b8   0x0000008a   Code   RO        11239    .text               c_w.l(rt_memcpy_v6.o)
    0x08000542   0x08000542   0x00000064   Code   RO        11241    .text               c_w.l(rt_memcpy_w.o)
    0x080005a6   0x080005a6   0x0000004e   Code   RO        11245    .text               c_w.l(rt_memclr_w.o)
    0x080005f4   0x080005f4   0x00000006   Code   RO        11247    .text               c_w.l(heapauxi.o)
    0x080005fa   0x080005fa   0x00000002   PAD
    0x080005fc   0x080005fc   0x00000024   Code   RO        11254    .text               c_w.l(init_aeabi.o)
    0x08000620   0x08000620   0x00000022   Code   RO        11378    .text               cpprt_w.l(aeabi_vec_dtor_noexceptions.o)
    0x08000642   0x08000642   0x00000002   PAD
    0x08000644   0x08000644   0x00000008   Code   RO        11571    .text               c_w.l(rt_ddtor_pointer_addr_intlibspace.o)
    0x0800064c   0x0800064c   0x0000005e   Code   RO        11577    .text               c_w.l(h1_alloc.o)
    0x080006aa   0x080006aa   0x0000004e   Code   RO        11579    .text               c_w.l(h1_free.o)
    0x080006f8   0x080006f8   0x00000016   Code   RO        11635    .text               c_w.l(_rserrno.o)
    0x0800070e   0x0800070e   0x00000042   Code   RO        11707    .text               c_w.l(cxa_finalize.o)
    0x08000750   0x08000750   0x00000008   Code   RO        11844    .text               c_w.l(libspace.o)
    0x08000758   0x08000758   0x00000008   Code   RO        11871    .text               c_w.l(rt_heap_descriptor_intlibspace.o)
    0x08000760   0x08000760   0x00000008   Code   RO        11881    .text               c_w.l(rt_errno_addr_intlibspace.o)
    0x08000768   0x08000768   0x00000004   Code   RO        11883    .text               c_w.l(hguard.o)
    0x0800076c   0x0800076c   0x0000008a   Code   RO        11885    .text               c_w.l(init_alloc.o)
    0x080007f6   0x080007f6   0x0000000e   Code   RO        11889    .text               c_w.l(h1_init.o)
    0x08000804   0x08000804   0x00000030   Code   RO        11905    .text               c_w.l(_fptrap.o)
    0x08000834   0x08000834   0x0000000a   Code   RO        11947    .text               c_w.l(defsig_exit.o)
    0x0800083e   0x0800083e   0x00000002   PAD
    0x08000840   0x08000840   0x0000000c   Code   RO        11997    .text               c_w.l(sys_exit.o)
    0x0800084c   0x0800084c   0x0000004a   Code   RO        11999    .text               c_w.l(sys_stackheap_outer.o)
    0x08000896   0x08000896   0x00000034   Code   RO        12012    .text               c_w.l(h1_extend.o)
    0x080008ca   0x080008ca   0x00000012   Code   RO        12016    .text               c_w.l(exit.o)
    0x080008dc   0x080008dc   0x00000032   Code   RO        12022    .text               c_w.l(defsig_general.o)
    0x0800090e   0x0800090e   0x0000000e   Code   RO        12024    .text               c_w.l(defsig_fpe_outer.o)
    0x0800091c   0x0800091c   0x0000000e   Code   RO        12028    .text               c_w.l(defsig_rtmem_outer.o)
    0x0800092a   0x0800092a   0x0000000e   Code   RO        12057    .text               c_w.l(sys_wrch.o)
    0x08000938   0x08000938   0x00000002   Code   RO        12059    .text               c_w.l(use_no_semi.o)
    0x0800093a   0x0800093a   0x00000000   Code   RO        12061    .text               c_w.l(indicate_semi.o)
    0x0800093a   0x0800093a   0x00000002   PAD
    0x0800093c   0x0800093c   0x000000ac   Code   RO        12075    .text               c_w.l(defsig_fpe_inner.o)
    0x080009e8   0x080009e8   0x00000050   Code   RO        12077    .text               c_w.l(defsig_rtmem_inner.o)
    0x08000a38   0x08000a38   0x00000160   Code   RO          813    i.ADC_Init          stm32f4xx_hal_adc.o
    0x08000b98   0x08000b98   0x00000004   Code   RO          619    i.BusFault_Handler  stm32f4xx_it.o
    0x08000b9c   0x08000b9c   0x00000010   Code   RO          620    i.CAN1_RX0_IRQHandler  stm32f4xx_it.o
    0x08000bac   0x08000bac   0x00000010   Code   RO          621    i.CAN2_RX0_IRQHandler  stm32f4xx_it.o
    0x08000bbc   0x08000bbc   0x00000040   Code   RO         5856    i.CAN_Init          bsp_can.o
    0x08000bfc   0x08000bfc   0x00000034   Code   RO         5857    i.CANx_SendData     bsp_can.o
    0x08000c30   0x08000c30   0x00000050   Code   RO         5858    i.CanFilter_Init    bsp_can.o
    0x08000c80   0x08000c80   0x0000000c   Code   RO         9466    i.DJI_IMU_Init      dji_aimu.o
    0x08000c8c   0x08000c8c   0x00000010   Code   RO          622    i.DMA1_Stream1_IRQHandler  stm32f4xx_it.o
    0x08000c9c   0x08000c9c   0x00000010   Code   RO          623    i.DMA1_Stream3_IRQHandler  stm32f4xx_it.o
    0x08000cac   0x08000cac   0x00000010   Code   RO          624    i.DMA2_Stream2_IRQHandler  stm32f4xx_it.o
    0x08000cbc   0x08000cbc   0x00000010   Code   RO          625    i.DMA2_Stream6_IRQHandler  stm32f4xx_it.o
    0x08000ccc   0x08000ccc   0x00000034   Code   RO         1646    i.DMA_CalcBaseAndBitshift  stm32f4xx_hal_dma.o
    0x08000d00   0x08000d00   0x000000aa   Code   RO         1647    i.DMA_CheckFifoParam  stm32f4xx_hal_dma.o
    0x08000daa   0x08000daa   0x0000002c   Code   RO         1648    i.DMA_SetConfig     stm32f4xx_hal_dma.o
    0x08000dd6   0x08000dd6   0x00000002   PAD
    0x08000dd8   0x08000dd8   0x00000034   Code   RO         7110    i.DR16_Recv_Callback  communication.o
    0x08000e0c   0x08000e0c   0x00000002   Code   RO          626    i.DebugMon_Handler  stm32f4xx_it.o
    0x08000e0e   0x08000e0e   0x00000002   Code   RO           13    i.Error_Handler     main.o
    0x08000e10   0x08000e10   0x00000024   Code   RO         1253    i.FLASH_Program_Byte  stm32f4xx_hal_flash.o
    0x08000e34   0x08000e34   0x0000003c   Code   RO         1254    i.FLASH_Program_DoubleWord  stm32f4xx_hal_flash.o
    0x08000e70   0x08000e70   0x00000028   Code   RO         1255    i.FLASH_Program_HalfWord  stm32f4xx_hal_flash.o
    0x08000e98   0x08000e98   0x00000028   Code   RO         1256    i.FLASH_Program_Word  stm32f4xx_hal_flash.o
    0x08000ec0   0x08000ec0   0x000000b4   Code   RO         1257    i.FLASH_SetErrorCode  stm32f4xx_hal_flash.o
    0x08000f74   0x08000f74   0x00000064   Code   RO         1258    i.FLASH_WaitForLastOperation  stm32f4xx_hal_flash.o
    0x08000fd8   0x08000fd8   0x000001a4   Code   RO          815    i.HAL_ADC_ConfigChannel  stm32f4xx_hal_adc.o
    0x0800117c   0x0800117c   0x00000068   Code   RO          824    i.HAL_ADC_Init      stm32f4xx_hal_adc.o
    0x080011e4   0x080011e4   0x00000080   Code   RO          337    i.HAL_ADC_MspInit   adc.o
    0x08001264   0x08001264   0x0000002a   Code   RO         2355    i.HAL_CAN_ActivateNotification  stm32f4xx_hal_can.o
    0x0800128e   0x0800128e   0x00000156   Code   RO         2356    i.HAL_CAN_AddTxMessage  stm32f4xx_hal_can.o
    0x080013e4   0x080013e4   0x00000124   Code   RO         2357    i.HAL_CAN_ConfigFilter  stm32f4xx_hal_can.o
    0x08001508   0x08001508   0x00000002   Code   RO         2360    i.HAL_CAN_ErrorCallback  stm32f4xx_hal_can.o
    0x0800150a   0x0800150a   0x0000017a   Code   RO         2363    i.HAL_CAN_GetRxMessage  stm32f4xx_hal_can.o
    0x08001684   0x08001684   0x0000024e   Code   RO         2367    i.HAL_CAN_IRQHandler  stm32f4xx_hal_can.o
    0x080018d2   0x080018d2   0x00000174   Code   RO         2368    i.HAL_CAN_Init      stm32f4xx_hal_can.o
    0x08001a46   0x08001a46   0x00000002   PAD
    0x08001a48   0x08001a48   0x00000164   Code   RO          379    i.HAL_CAN_MspInit   can.o
    0x08001bac   0x08001bac   0x00000002   Code   RO         2375    i.HAL_CAN_RxFifo0FullCallback  stm32f4xx_hal_can.o
    0x08001bae   0x08001bae   0x00000002   PAD
    0x08001bb0   0x08001bb0   0x00000058   Code   RO         5859    i.HAL_CAN_RxFifo0MsgPendingCallback  bsp_can.o
    0x08001c08   0x08001c08   0x00000002   Code   RO         2377    i.HAL_CAN_RxFifo1FullCallback  stm32f4xx_hal_can.o
    0x08001c0a   0x08001c0a   0x00000002   PAD
    0x08001c0c   0x08001c0c   0x00000058   Code   RO         5860    i.HAL_CAN_RxFifo1MsgPendingCallback  bsp_can.o
    0x08001c64   0x08001c64   0x00000002   Code   RO         2379    i.HAL_CAN_SleepCallback  stm32f4xx_hal_can.o
    0x08001c66   0x08001c66   0x0000005e   Code   RO         2380    i.HAL_CAN_Start     stm32f4xx_hal_can.o
    0x08001cc4   0x08001cc4   0x00000002   Code   RO         2382    i.HAL_CAN_TxMailbox0AbortCallback  stm32f4xx_hal_can.o
    0x08001cc6   0x08001cc6   0x00000002   Code   RO         2383    i.HAL_CAN_TxMailbox0CompleteCallback  stm32f4xx_hal_can.o
    0x08001cc8   0x08001cc8   0x00000002   Code   RO         2384    i.HAL_CAN_TxMailbox1AbortCallback  stm32f4xx_hal_can.o
    0x08001cca   0x08001cca   0x00000002   Code   RO         2385    i.HAL_CAN_TxMailbox1CompleteCallback  stm32f4xx_hal_can.o
    0x08001ccc   0x08001ccc   0x00000002   Code   RO         2386    i.HAL_CAN_TxMailbox2AbortCallback  stm32f4xx_hal_can.o
    0x08001cce   0x08001cce   0x00000002   Code   RO         2387    i.HAL_CAN_TxMailbox2CompleteCallback  stm32f4xx_hal_can.o
    0x08001cd0   0x08001cd0   0x00000002   Code   RO         2389    i.HAL_CAN_WakeUpFromRxMsgCallback  stm32f4xx_hal_can.o
    0x08001cd2   0x08001cd2   0x000000aa   Code   RO         1649    i.HAL_DMA_Abort     stm32f4xx_hal_dma.o
    0x08001d7c   0x08001d7c   0x00000028   Code   RO         1650    i.HAL_DMA_Abort_IT  stm32f4xx_hal_dma.o
    0x08001da4   0x08001da4   0x00000240   Code   RO         1654    i.HAL_DMA_IRQHandler  stm32f4xx_hal_dma.o
    0x08001fe4   0x08001fe4   0x000000ec   Code   RO         1655    i.HAL_DMA_Init      stm32f4xx_hal_dma.o
    0x080020d0   0x080020d0   0x00000092   Code   RO         1659    i.HAL_DMA_Start_IT  stm32f4xx_hal_dma.o
    0x08002162   0x08002162   0x00000002   PAD
    0x08002164   0x08002164   0x00000028   Code   RO         2091    i.HAL_Delay         stm32f4xx_hal.o
    0x0800218c   0x0800218c   0x00000014   Code   RO         1262    i.HAL_FLASH_Lock    stm32f4xx_hal_flash.o
    0x080021a0   0x080021a0   0x00000098   Code   RO         1267    i.HAL_FLASH_Program  stm32f4xx_hal_flash.o
    0x08002238   0x08002238   0x00000034   Code   RO         1269    i.HAL_FLASH_Unlock  stm32f4xx_hal_flash.o
    0x0800226c   0x0800226c   0x0000021c   Code   RO         1542    i.HAL_GPIO_Init     stm32f4xx_hal_gpio.o
    0x08002488   0x08002488   0x00000012   Code   RO         1545    i.HAL_GPIO_TogglePin  stm32f4xx_hal_gpio.o
    0x0800249a   0x0800249a   0x0000000c   Code   RO         1546    i.HAL_GPIO_WritePin  stm32f4xx_hal_gpio.o
    0x080024a6   0x080024a6   0x00000002   PAD
    0x080024a8   0x080024a8   0x0000000c   Code   RO         2099    i.HAL_GetTick       stm32f4xx_hal.o
    0x080024b4   0x080024b4   0x00000018   Code   RO         2105    i.HAL_IncTick       stm32f4xx_hal.o
    0x080024cc   0x080024cc   0x0000003c   Code   RO         2106    i.HAL_Init          stm32f4xx_hal.o
    0x08002508   0x08002508   0x0000008c   Code   RO          771    i.HAL_InitTick      stm32f4xx_hal_timebase_tim.o
    0x08002594   0x08002594   0x00000048   Code   RO          747    i.HAL_MspInit       stm32f4xx_hal_msp.o
    0x080025dc   0x080025dc   0x00000020   Code   RO         1949    i.HAL_NVIC_EnableIRQ  stm32f4xx_hal_cortex.o
    0x080025fc   0x080025fc   0x0000007c   Code   RO         1955    i.HAL_NVIC_SetPriority  stm32f4xx_hal_cortex.o
    0x08002678   0x08002678   0x00000028   Code   RO         1956    i.HAL_NVIC_SetPriorityGrouping  stm32f4xx_hal_cortex.o
    0x080026a0   0x080026a0   0x00000044   Code   RO         1957    i.HAL_NVIC_SystemReset  stm32f4xx_hal_cortex.o
    0x080026e4   0x080026e4   0x000000b4   Code   RO         1752    i.HAL_PWR_ConfigPVD  stm32f4xx_hal_pwr.o
    0x08002798   0x08002798   0x0000000c   Code   RO         1760    i.HAL_PWR_EnablePVD  stm32f4xx_hal_pwr.o
    0x080027a4   0x080027a4   0x00000010   Code   RO        10722    i.HAL_PWR_PVDCallback  bsp_pvd.o
    0x080027b4   0x080027b4   0x00000020   Code   RO         1768    i.HAL_PWR_PVD_IRQHandler  stm32f4xx_hal_pwr.o
    0x080027d4   0x080027d4   0x00000184   Code   RO         1086    i.HAL_RCC_ClockConfig  stm32f4xx_hal_rcc.o
    0x08002958   0x08002958   0x00000044   Code   RO         1090    i.HAL_RCC_GetClockConfig  stm32f4xx_hal_rcc.o
    0x0800299c   0x0800299c   0x0000000c   Code   RO         1091    i.HAL_RCC_GetHCLKFreq  stm32f4xx_hal_rcc.o
    0x080029a8   0x080029a8   0x00000020   Code   RO         1093    i.HAL_RCC_GetPCLK1Freq  stm32f4xx_hal_rcc.o
    0x080029c8   0x080029c8   0x00000020   Code   RO         1094    i.HAL_RCC_GetPCLK2Freq  stm32f4xx_hal_rcc.o
    0x080029e8   0x080029e8   0x000000b0   Code   RO         1095    i.HAL_RCC_GetSysClockFreq  stm32f4xx_hal_rcc.o
    0x08002a98   0x08002a98   0x00000488   Code   RO         1098    i.HAL_RCC_OscConfig  stm32f4xx_hal_rcc.o
    0x08002f20   0x08002f20   0x0000008c   Code   RO         2599    i.HAL_SPI_Init      stm32f4xx_hal_spi.o
    0x08002fac   0x08002fac   0x00000138   Code   RO          452    i.HAL_SPI_MspInit   spi.o
    0x080030e4   0x080030e4   0x000001a2   Code   RO         2607    i.HAL_SPI_Transmit  stm32f4xx_hal_spi.o
    0x08003286   0x08003286   0x0000022a   Code   RO         2608    i.HAL_SPI_TransmitReceive  stm32f4xx_hal_spi.o
    0x080034b0   0x080034b0   0x00000002   Code   RO         3598    i.HAL_TIMEx_BreakCallback  stm32f4xx_hal_tim_ex.o
    0x080034b2   0x080034b2   0x00000002   Code   RO         3599    i.HAL_TIMEx_CommutCallback  stm32f4xx_hal_tim_ex.o
    0x080034b4   0x080034b4   0x000000b4   Code   RO         3616    i.HAL_TIMEx_MasterConfigSynchronization  stm32f4xx_hal_tim_ex.o
    0x08003568   0x08003568   0x00000034   Code   RO         2912    i.HAL_TIM_Base_Init  stm32f4xx_hal_tim.o
    0x0800359c   0x0800359c   0x00000034   Code   RO          500    i.HAL_TIM_Base_MspInit  tim.o
    0x080035d0   0x080035d0   0x0000002a   Code   RO         2917    i.HAL_TIM_Base_Start_IT  stm32f4xx_hal_tim.o
    0x080035fa   0x080035fa   0x00000108   Code   RO         2921    i.HAL_TIM_ConfigClockSource  stm32f4xx_hal_tim.o
    0x08003702   0x08003702   0x00000002   Code   RO         2941    i.HAL_TIM_IC_CaptureCallback  stm32f4xx_hal_tim.o
    0x08003704   0x08003704   0x00000196   Code   RO         2955    i.HAL_TIM_IRQHandler  stm32f4xx_hal_tim.o
    0x0800389a   0x0800389a   0x00000002   PAD
    0x0800389c   0x0800389c   0x000000ac   Code   RO          501    i.HAL_TIM_MspPostInit  tim.o
    0x08003948   0x08003948   0x00000002   Code   RO         2958    i.HAL_TIM_OC_DelayElapsedCallback  stm32f4xx_hal_tim.o
    0x0800394a   0x0800394a   0x00000108   Code   RO         2979    i.HAL_TIM_PWM_ConfigChannel  stm32f4xx_hal_tim.o
    0x08003a52   0x08003a52   0x00000034   Code   RO         2982    i.HAL_TIM_PWM_Init  stm32f4xx_hal_tim.o
    0x08003a86   0x08003a86   0x00000002   PAD
    0x08003a88   0x08003a88   0x00000034   Code   RO          503    i.HAL_TIM_PWM_MspInit  tim.o
    0x08003abc   0x08003abc   0x00000002   Code   RO         2985    i.HAL_TIM_PWM_PulseFinishedCallback  stm32f4xx_hal_tim.o
    0x08003abe   0x08003abe   0x00000002   PAD
    0x08003ac0   0x08003ac0   0x00000058   Code   RO         2987    i.HAL_TIM_PWM_Start  stm32f4xx_hal_tim.o
    0x08003b18   0x08003b18   0x00000018   Code   RO           14    i.HAL_TIM_PeriodElapsedCallback  main.o
    0x08003b30   0x08003b30   0x00000002   Code   RO         2998    i.HAL_TIM_TriggerCallback  stm32f4xx_hal_tim.o
    0x08003b32   0x08003b32   0x00000066   Code   RO         3868    i.HAL_UART_DMAStop  stm32f4xx_hal_uart.o
    0x08003b98   0x08003b98   0x00000002   Code   RO         3870    i.HAL_UART_ErrorCallback  stm32f4xx_hal_uart.o
    0x08003b9a   0x08003b9a   0x00000002   PAD
    0x08003b9c   0x08003b9c   0x00000154   Code   RO         3873    i.HAL_UART_IRQHandler  stm32f4xx_hal_uart.o
    0x08003cf0   0x08003cf0   0x00000072   Code   RO         3874    i.HAL_UART_Init     stm32f4xx_hal_uart.o
    0x08003d62   0x08003d62   0x00000002   PAD
    0x08003d64   0x08003d64   0x000002fc   Code   RO          566    i.HAL_UART_MspInit  usart.o
    0x08004060   0x08004060   0x000000c4   Code   RO         3878    i.HAL_UART_Receive_DMA  stm32f4xx_hal_uart.o
    0x08004124   0x08004124   0x00000002   Code   RO         3880    i.HAL_UART_RxCpltCallback  stm32f4xx_hal_uart.o
    0x08004126   0x08004126   0x00000002   Code   RO         3881    i.HAL_UART_RxHalfCpltCallback  stm32f4xx_hal_uart.o
    0x08004128   0x08004128   0x00000002   Code   RO         3885    i.HAL_UART_TxCpltCallback  stm32f4xx_hal_uart.o
    0x0800412a   0x0800412a   0x00000002   PAD
    0x0800412c   0x0800412c   0x0000001c   Code   RO         9637    i.HAL_Update_IMU_Data  imu_compensate.o
    0x08004148   0x08004148   0x0000076c   Code   RO         9467    i.HAL_imu_ahrs_update  dji_aimu.o
    0x080048b4   0x080048b4   0x0000038c   Code   RO         9468    i.HAL_imu_attitude_update  dji_aimu.o
    0x08004c40   0x08004c40   0x00000170   Code   RO         9469    i.HAL_mpu_get_data  dji_aimu.o
    0x08004db0   0x08004db0   0x00000004   Code   RO          627    i.HardFault_Handler  stm32f4xx_it.o
    0x08004db4   0x08004db4   0x0000010a   Code   RO         9638    i.IMUTemp_Position_PID  imu_compensate.o
    0x08004ebe   0x08004ebe   0x00000002   PAD
    0x08004ec0   0x08004ec0   0x00000118   Code   RO         9470    i.IMU_Cali_Slove    dji_aimu.o
    0x08004fd8   0x08004fd8   0x00000020   Code   RO         9639    i.IMU_GetData_Compensate  imu_compensate.o
    0x08004ff8   0x08004ff8   0x00000164   Code   RO         9471    i.IMU_data_read_over  dji_aimu.o
    0x0800515c   0x0800515c   0x000000c0   Code   RO         9640    i.IMU_temp_Control  imu_compensate.o
    0x0800521c   0x0800521c   0x00000040   Code   RO        10761    i.KalmanCreate      kalman_filter.o
    0x0800525c   0x0800525c   0x00000086   Code   RO        10762    i.KalmanFilter      kalman_filter.o
    0x080052e2   0x080052e2   0x00000002   PAD
    0x080052e4   0x080052e4   0x00000070   Code   RO          338    i.MX_ADC1_Init      adc.o
    0x08005354   0x08005354   0x00000048   Code   RO          380    i.MX_CAN1_Init      can.o
    0x0800539c   0x0800539c   0x00000048   Code   RO          381    i.MX_CAN2_Init      can.o
    0x080053e4   0x080053e4   0x00000088   Code   RO          427    i.MX_DMA_Init       dma.o
    0x0800546c   0x0800546c   0x00000028   Code   RO          283    i.MX_FREERTOS_Init  freertos.o
    0x08005494   0x08005494   0x00000140   Code   RO          259    i.MX_GPIO_Init      gpio.o
    0x080055d4   0x080055d4   0x00000044   Code   RO          453    i.MX_SPI1_Init      spi.o
    0x08005618   0x08005618   0x00000044   Code   RO          454    i.MX_SPI5_Init      spi.o
    0x0800565c   0x0800565c   0x00000090   Code   RO          504    i.MX_TIM12_Init     tim.o
    0x080056ec   0x080056ec   0x0000007c   Code   RO          505    i.MX_TIM3_Init      tim.o
    0x08005768   0x08005768   0x00000040   Code   RO          567    i.MX_USART1_UART_Init  usart.o
    0x080057a8   0x080057a8   0x00000038   Code   RO          568    i.MX_USART3_UART_Init  usart.o
    0x080057e0   0x080057e0   0x00000038   Code   RO          569    i.MX_USART6_UART_Init  usart.o
    0x08005818   0x08005818   0x00000004   Code   RO          628    i.MemManage_Handler  stm32f4xx_it.o
    0x0800581c   0x0800581c   0x00000002   Code   RO          629    i.NMI_Handler       stm32f4xx_it.o
    0x0800581e   0x0800581e   0x00000002   PAD
    0x08005820   0x08005820   0x00000054   Code   RO        10723    i.PVD_Config        bsp_pvd.o
    0x08005874   0x08005874   0x00000008   Code   RO          630    i.PVD_IRQHandler    stm32f4xx_it.o
    0x0800587c   0x0800587c   0x00000024   Code   RO         9641    i.Preserve_temp     imu_compensate.o
    0x080058a0   0x080058a0   0x0000006c   Code   RO         5779    i.RAMP_Output       ramp.o
    0x0800590c   0x0800590c   0x00000048   Code   RO         7111    i.Referee_Recv_Callback  communication.o
    0x08005954   0x08005954   0x0000006c   Code   RO         2637    i.SPI_EndRxTxTransaction  stm32f4xx_hal_spi.o
    0x080059c0   0x080059c0   0x000000a8   Code   RO         2642    i.SPI_WaitFlagStateUntilTimeout  stm32f4xx_hal_spi.o
    0x08005a68   0x08005a68   0x00000034   Code   RO         5548    i.SysTick_Handler   port.o
    0x08005a9c   0x08005a9c   0x000000b4   Code   RO           15    i.SystemClock_Config  main.o
    0x08005b50   0x08005b50   0x0000001c   Code   RO         4181    i.SystemInit        system_stm32f4xx.o
    0x08005b6c   0x08005b6c   0x000000f4   Code   RO         6620    i.System_Tasks_Init  task_init.o
    0x08005c60   0x08005c60   0x00000010   Code   RO          631    i.TIM6_DAC_IRQHandler  stm32f4xx_it.o
    0x08005c70   0x08005c70   0x000000d8   Code   RO         3000    i.TIM_Base_SetConfig  stm32f4xx_hal_tim.o
    0x08005d48   0x08005d48   0x00000022   Code   RO         3001    i.TIM_CCxChannelCmd  stm32f4xx_hal_tim.o
    0x08005d6a   0x08005d6a   0x00000016   Code   RO         3011    i.TIM_ETR_SetConfig  stm32f4xx_hal_tim.o
    0x08005d80   0x08005d80   0x00000012   Code   RO         3012    i.TIM_ITRx_SetConfig  stm32f4xx_hal_tim.o
    0x08005d92   0x08005d92   0x00000002   PAD
    0x08005d94   0x08005d94   0x00000070   Code   RO         3013    i.TIM_OC1_SetConfig  stm32f4xx_hal_tim.o
    0x08005e04   0x08005e04   0x0000007c   Code   RO         3014    i.TIM_OC2_SetConfig  stm32f4xx_hal_tim.o
    0x08005e80   0x08005e80   0x00000078   Code   RO         3015    i.TIM_OC3_SetConfig  stm32f4xx_hal_tim.o
    0x08005ef8   0x08005ef8   0x00000054   Code   RO         3016    i.TIM_OC4_SetConfig  stm32f4xx_hal_tim.o
    0x08005f4c   0x08005f4c   0x00000026   Code   RO         3018    i.TIM_TI1_ConfigInputStage  stm32f4xx_hal_tim.o
    0x08005f72   0x08005f72   0x00000028   Code   RO         3020    i.TIM_TI2_ConfigInputStage  stm32f4xx_hal_tim.o
    0x08005f9a   0x08005f9a   0x00000002   PAD
    0x08005f9c   0x08005f9c   0x000000e4   Code   RO         6655    i.Task_CAN1_Recv    task_can.o
    0x08006080   0x08006080   0x00000110   Code   RO         6656    i.Task_CAN2_Recv    task_can.o
    0x08006190   0x08006190   0x00000048   Code   RO         6735    i.Task_Control      task_control.o
    0x080061d8   0x080061d8   0x0000002c   Code   RO         6902    i.Task_DataSampling  task_imu.o
    0x08006204   0x08006204   0x00000050   Code   RO         6805    i.Task_Debug        task_debug.o
    0x08006254   0x08006254   0x00000044   Code   RO         6873    i.Task_DevicesMonitor  task_monitor.o
    0x08006298   0x08006298   0x00000014   Code   RO         3887    i.UART_DMAAbortOnError  stm32f4xx_hal_uart.o
    0x080062ac   0x080062ac   0x00000050   Code   RO         3888    i.UART_DMAError     stm32f4xx_hal_uart.o
    0x080062fc   0x080062fc   0x00000046   Code   RO         3889    i.UART_DMAReceiveCplt  stm32f4xx_hal_uart.o
    0x08006342   0x08006342   0x0000000e   Code   RO         3891    i.UART_DMARxHalfCplt  stm32f4xx_hal_uart.o
    0x08006350   0x08006350   0x00000020   Code   RO         3897    i.UART_EndRxTransfer  stm32f4xx_hal_uart.o
    0x08006370   0x08006370   0x00000020   Code   RO         3898    i.UART_EndTransmit_IT  stm32f4xx_hal_uart.o
    0x08006390   0x08006390   0x00000014   Code   RO         3899    i.UART_EndTxTransfer  stm32f4xx_hal_uart.o
    0x080063a4   0x080063a4   0x000000a6   Code   RO         3900    i.UART_Receive_IT   stm32f4xx_hal_uart.o
    0x0800644a   0x0800644a   0x00000002   PAD
    0x0800644c   0x0800644c   0x000003e8   Code   RO         3901    i.UART_SetConfig    stm32f4xx_hal_uart.o
    0x08006834   0x08006834   0x00000068   Code   RO         3902    i.UART_Transmit_IT  stm32f4xx_hal_uart.o
    0x0800689c   0x0800689c   0x00000018   Code   RO          632    i.USART1_IRQHandler  stm32f4xx_it.o
    0x080068b4   0x080068b4   0x00000018   Code   RO          633    i.USART3_IRQHandler  stm32f4xx_it.o
    0x080068cc   0x080068cc   0x00000010   Code   RO          634    i.USART6_IRQHandler  stm32f4xx_it.o
    0x080068dc   0x080068dc   0x000001c8   Code   RO         5916    i.Uart_Init         bsp_uart.o
    0x08006aa4   0x08006aa4   0x0000005c   Code   RO         5917    i.Uart_Receive_Handler  bsp_uart.o
    0x08006b00   0x08006b00   0x00000004   Code   RO          635    i.UsageFault_Handler  stm32f4xx_it.o
    0x08006b04   0x08006b04   0x00000030   Code   RO         7112    i.User_CAN1_RxCpltCallback  communication.o
    0x08006b34   0x08006b34   0x00000030   Code   RO         7113    i.User_CAN2_RxCpltCallback  communication.o
    0x08006b64   0x08006b64   0x00000014   Code   RO          284    i.User_SystemInit_Task  freertos.o
    0x08006b78   0x08006b78   0x000000ec   Code   RO         6212    i.User_System_Init  system_config.o
    0x08006c64   0x08006c64   0x0000005c   Code   RO         8874    i.Waterfall_LED     dev_led.o
    0x08006cc0   0x08006cc0   0x0000000e   Code   RO         7528    i._Z15Get_RefereeTimev  control_robot.o
    0x08006cce   0x08006cce   0x00000024   Code   RO         6034    i._Z16DeadZone_Processffff  dr16.o
    0x08006cf2   0x08006cf2   0x00000002   PAD
    0x08006cf4   0x08006cf4   0x00000134   Code   RO        10487    i._Z9Data_sendiiii  ano.o
    0x08006e28   0x08006e28   0x0000000e   Code   RO         6701    i._ZN10MotorSpeed12update_speedEPh  task_can.o
    0x08006e36   0x08006e36   0x00000002   PAD
    0x08006e38   0x08006e38   0x0000004c   Code   RO         7996    i._ZN10MotorSpeedC2Eh  control_chassis.o
    0x08006e84   0x08006e84   0x00000008   Code   RO         6555    i._ZN10MotorSpeedD2Ev  system_datapool.o
    0x08006e8c   0x08006e8c   0x0000002a   Code   RO         6689    i._ZN11Motor_M35086updateEPh  task_can.o
    0x08006eb6   0x08006eb6   0x00000002   PAD
    0x08006eb8   0x08006eb8   0x00000024   Code   RO         8002    i._ZN11Motor_M3508C1Eh  control_chassis.o
    0x08006edc   0x08006edc   0x0000000e   Code   RO         6549    i._ZN11Motor_M3508D1Ev  system_datapool.o
    0x08006eea   0x08006eea   0x0000001a   Code   RO         8014    i._ZN11PositionPID11SetPIDParamEffffff  control_chassis.o
    0x08006f04   0x08006f04   0x0000023c   Code   RO         5624    i._ZN11PositionPID3CalEv  pid.o
    0x08007140   0x08007140   0x00000048   Code   RO         5625    i._ZN11PositionPID5ResetEv  pid.o
    0x08007188   0x08007188   0x000000b4   Code   RO         8026    i._ZN11PositionPIDC1Ev  control_chassis.o
    0x0800723c   0x0800723c   0x0000024c   Code   RO         5626    i._ZN12IncrementPID3CalEv  pid.o
    0x08007488   0x08007488   0x00000050   Code   RO         5627    i._ZN12IncrementPID5ResetEv  pid.o
    0x080074d8   0x080074d8   0x000000bc   Code   RO         8032    i._ZN12IncrementPIDC1Ev  control_chassis.o
    0x08007594   0x08007594   0x0000002a   Code   RO         6695    i._ZN12Motor_GM60206updateEPh  task_can.o
    0x080075be   0x080075be   0x00000002   PAD
    0x080075c0   0x080075c0   0x00000024   Code   RO         8008    i._ZN12Motor_GM6020C1Eh  control_chassis.o
    0x080075e4   0x080075e4   0x0000000e   Code   RO         6552    i._ZN12Motor_GM6020D1Ev  system_datapool.o
    0x080075f2   0x080075f2   0x00000002   Code   RO         8680    i._ZN13Auto_classdefC1Ev  control_auto.o
    0x080075f4   0x080075f4   0x00000040   Code   RO         6038    i._ZN13DR16_Classdef10IsKeyPressE9KeyList_e15KeyPress_Type_e  dr16.o
    0x08007634   0x08007634   0x00000130   Code   RO         6039    i._ZN13DR16_Classdef11DataCaptureEP21DR16_DataPack_Typedef  dr16.o
    0x08007764   0x08007764   0x00000006   Code   RO         6040    i._ZN13DR16_Classdef11Get_DW_NormEv  dr16.o
    0x0800776a   0x0800776a   0x00000006   Code   RO         6041    i._ZN13DR16_Classdef11Get_LX_NormEv  dr16.o
    0x08007770   0x08007770   0x00000006   Code   RO         6042    i._ZN13DR16_Classdef11Get_LY_NormEv  dr16.o
    0x08007776   0x08007776   0x00000006   Code   RO         6043    i._ZN13DR16_Classdef11Get_RX_NormEv  dr16.o
    0x0800777c   0x0800777c   0x00000006   Code   RO         6044    i._ZN13DR16_Classdef11Get_RY_NormEv  dr16.o
    0x08007782   0x08007782   0x000000a4   Code   RO         6045    i._ZN13DR16_Classdef11Key_ProcessEv  dr16.o
    0x08007826   0x08007826   0x00000006   Code   RO         6048    i._ZN13DR16_Classdef15Get_MouseX_NormEv  dr16.o
    0x0800782c   0x0800782c   0x0000000c   Code   RO         6057    i._ZN13DR16_Classdef8Get_S1_LEv  dr16.o
    0x08007838   0x08007838   0x0000000c   Code   RO         6058    i._ZN13DR16_Classdef8Get_S2_REv  dr16.o
    0x08007844   0x08007844   0x0000004e   Code   RO         6060    i._ZN13DR16_ClassdefC1Ev  dr16.o
    0x08007892   0x08007892   0x0000001a   Code   RO         5677    i._ZN13LowPassFilter1fEf  filter.o
    0x080078ac   0x080078ac   0x0000000e   Code   RO         5678    i._ZN13LowPassFilter2inEf  filter.o
    0x080078ba   0x080078ba   0x00000022   Code   RO         5679    i._ZN13LowPassFilter3outEv  filter.o
    0x080078dc   0x080078dc   0x00000018   Code   RO         7485    i._ZN13LowPassFilterC1Ef  control_dr16.o
    0x080078f4   0x080078f4   0x00000006   Code   RO         7529    i._ZN14Robot_classdef14Get_CtrlSourceEv  control_robot.o
    0x080078fa   0x080078fa   0x00000004   Code   RO         7533    i._ZN14Robot_classdef14Set_GimbalModeE17Gimbal_CtrlMode_e  control_robot.o
    0x080078fe   0x080078fe   0x00000006   Code   RO         7535    i._ZN14Robot_classdef15Get_ChassisModeEv  control_robot.o
    0x08007904   0x08007904   0x00000024   Code   RO         7536    i._ZN14Robot_classdef15Set_ChassisModeE15CHAS_CtrlMode_e  control_robot.o
    0x08007928   0x08007928   0x00000010   Code   RO         7538    i._ZN14Robot_classdef17CtrlSource_SwitchE18DR16Status_Typedef  control_robot.o
    0x08007938   0x08007938   0x0000007c   Code   RO         7543    i._ZN14Robot_classdef18WriteMsgFromGimbalEPh  control_robot.o
    0x080079b4   0x080079b4   0x00000014   Code   RO         7548    i._ZN14Robot_classdef6EnableEv  control_robot.o
    0x080079c8   0x080079c8   0x00000058   Code   RO         7550    i._ZN14Robot_classdef7ControlEv  control_robot.o
    0x08007a20   0x08007a20   0x00000024   Code   RO         7551    i._ZN14Robot_classdef7DisableEv  control_robot.o
    0x08007a44   0x08007a44   0x00000006   Code   RO         7552    i._ZN14Robot_classdef9Get_StateEv  control_robot.o
    0x08007a4a   0x08007a4a   0x00000008   Code   RO         7553    i._ZN14Robot_classdefC1Ev  control_robot.o
    0x08007a52   0x08007a52   0x00000002   Code   RO         9127    i._ZN15Buzzer_classdefC1Ev  dev_buzzer.o
    0x08007a54   0x08007a54   0x00000078   Code   RO         8278    i._ZN15Gimbal_classdef15Get_TargetAngleE18GimbalMotor_type_e  control_gimbal.o
    0x08007acc   0x08007acc   0x0000006c   Code   RO         8280    i._ZN15Gimbal_classdef15Set_PitCtrlModeE18GimbalMotor_Ctrl_e  control_gimbal.o
    0x08007b38   0x08007b38   0x00000078   Code   RO         8281    i._ZN15Gimbal_classdef15Set_YawCtrlModeE18GimbalMotor_Ctrl_e  control_gimbal.o
    0x08007bb0   0x08007bb0   0x000001c0   Code   RO         8287    i._ZN15Gimbal_classdefC1Ev  control_gimbal.o
    0x08007d70   0x08007d70   0x00000018   Code   RO         6546    i._ZN15Gimbal_classdefD1Ev  system_datapool.o
    0x08007d88   0x08007d88   0x0000000a   Code   RO         9290    i._ZN15SupCap_classdef6UpdateEPh  dev_supcap.o
    0x08007d92   0x08007d92   0x00000002   Code   RO         9296    i._ZN15SupCap_classdefC1Ev  dev_supcap.o
    0x08007d94   0x08007d94   0x000002c8   Code   RO         7736    i._ZN16Chassis_classdef10Omni_SolveEsssPs  control_chassis.o
    0x0800805c   0x0800805c   0x000000c0   Code   RO         7738    i._ZN16Chassis_classdef11DRV_PIDCalcEhff  control_chassis.o
    0x0800811c   0x0800811c   0x000000d8   Code   RO         7740    i._ZN16Chassis_classdef11RUD_PIDCalcEhff  control_chassis.o
    0x080081f4   0x080081f4   0x000000a4   Code   RO         7742    i._ZN16Chassis_classdef12Set_MaxSpeedEv  control_chassis.o
    0x08008298   0x08008298   0x00000010   Code   RO         7750    i._ZN16Chassis_classdef14Get_PowerLimitEv  control_chassis.o
    0x080082a8   0x080082a8   0x000000e0   Code   RO         7756    i._ZN16Chassis_classdef16OverHeat_ProtectEh  control_chassis.o
    0x08008388   0x08008388   0x0000006c   Code   RO         7762    i._ZN16Chassis_classdef7ControlEv  control_chassis.o
    0x080083f4   0x080083f4   0x00000224   Code   RO         7763    i._ZN16Chassis_classdef7ProcessEfff  control_chassis.o
    0x08008618   0x08008618   0x000000ea   Code   RO         7764    i._ZN16Chassis_classdef8Drv_SlowEPfffff  control_chassis.o
    0x08008702   0x08008702   0x00000002   PAD
    0x08008704   0x08008704   0x000001ec   Code   RO         7767    i._ZN16Chassis_classdefC1Ev  control_chassis.o
    0x080088f0   0x080088f0   0x0000004c   Code   RO         6543    i._ZN16Chassis_classdefD1Ev  system_datapool.o
    0x0800893c   0x0800893c   0x0000000c   Code   RO         9926    i._ZN16referee_Classdef4InitEP20__UART_HandleTypeDefPFjvE  referee_system.o
    0x08008948   0x08008948   0x000002e4   Code   RO         7404    i._ZN18CTRL_DR16_classdef13PCCtrl_UpdateEv  control_dr16.o
    0x08008c2c   0x08008c2c   0x000001b0   Code   RO         7405    i._ZN18CTRL_DR16_classdef13RCCtrl_UpdateEv  control_dr16.o
    0x08008ddc   0x08008ddc   0x00000100   Code   RO         7407    i._ZN18CTRL_DR16_classdef16LeverMode_UpdateEv  control_dr16.o
    0x08008edc   0x08008edc   0x0000005c   Code   RO         7408    i._ZN18CTRL_DR16_classdef17CTRLSource_UpdateEv  control_dr16.o
    0x08008f38   0x08008f38   0x0000007c   Code   RO         7409    i._ZN18CTRL_DR16_classdefC1Ev  control_dr16.o
    0x08008fb4   0x08008fb4   0x00000014   Code   RO         6540    i._ZN18CTRL_DR16_classdefD1Ev  system_datapool.o
    0x08008fc8   0x08008fc8   0x00000044   Code   RO         8457    i._ZN19CHAS_Power_classdefC1Ev  chassis_power.o
    0x0800900c   0x0800900c   0x0000000a   Code   RO        10610    i._ZN19PowerMeter_classdef6UpdateEPh  power_meter.o
    0x08009016   0x08009016   0x00000002   Code   RO        10611    i._ZN19PowerMeter_classdefC1Ev  power_meter.o
    0x08009018   0x08009018   0x00000004   Code   RO         9726    i._ZN20SerialDebug_classdef9Uart_InitEP20__UART_HandleTypeDef  serialdebug.o
    0x0800901c   0x0800901c   0x00000038   Code   RO         9727    i._ZN20SerialDebug_classdefC1Ev  serialdebug.o
    0x08009054   0x08009054   0x0000000e   Code   RO         7321    i._ZN23DevicesMonitor_classdef11Frame_DetecEtt  devices_monitor.o
    0x08009062   0x08009062   0x00000002   PAD
    0x08009064   0x08009064   0x00000050   Code   RO         7322    i._ZN23DevicesMonitor_classdef13Devices_DetecEv  devices_monitor.o
    0x080090b4   0x080090b4   0x0000000c   Code   RO         7323    i._ZN23DevicesMonitor_classdef6UpdateE11FrameType_e  devices_monitor.o
    0x080090c0   0x080090c0   0x00000070   Code   RO         7324    i._ZN23DevicesMonitor_classdef7Get_FPSEP11WorldTime_tPt  devices_monitor.o
    0x08009130   0x08009130   0x00000030   Code   RO         7325    i._ZN23DevicesMonitor_classdef9Get_StateEj  devices_monitor.o
    0x08009160   0x08009160   0x0000002e   Code   RO         8924    i._ZN34_INTERNAL_12_Dev_OLED_cpp_a9dba1db12oled_set_posEhh  dev_oled.o
    0x0800918e   0x0800918e   0x00000002   PAD
    0x08009190   0x08009190   0x000000cc   Code   RO         6682    i._ZN9MotorBase12update_angleEPh  task_can.o
    0x0800925c   0x0800925c   0x0000000e   Code   RO         6824    i._ZNK10MotorSpeed8getSpeedEv  task_debug.o
    0x0800926a   0x0800926a   0x00000002   PAD
    0x0800926c   0x0800926c   0x0000000c   Code   RO         8145    i._ZNK11Motor_M350811MAX_CURRENTEv  control_chassis.o
    0x08009278   0x08009278   0x00000008   Code   RO         8133    i._ZNK11Motor_M350811SEND_ID_LOWEv  control_chassis.o
    0x08009280   0x08009280   0x00000008   Code   RO         8139    i._ZNK11Motor_M350812SEND_ID_HIGHEv  control_chassis.o
    0x08009288   0x08009288   0x0000000a   Code   RO         8396    i._ZNK9MotorBase16get_totalencoderEv  control_gimbal.o
    0x08009292   0x08009292   0x00000002   PAD
    0x08009294   0x08009294   0x0000000c   Code   RO         8112    i._ZNK9MotorBase19ENCODER_ANGLE_RATIOEv  control_chassis.o
    0x080092a0   0x080092a0   0x0000000a   Code   RO         8038    i._ZSt3absf         control_chassis.o
    0x080092aa   0x080092aa   0x00000030   Code   RO        11820    i.__ARM_fpclassify  m_wm.l(fpclassify.o)
    0x080092da   0x080092da   0x00000002   PAD
    0x080092dc   0x080092dc   0x00000010   Code   RO         1962    i.__NVIC_GetPriorityGrouping  stm32f4xx_hal_cortex.o
    0x080092ec   0x080092ec   0x00000028   Code   RO         1963    i.__NVIC_SetPriority  stm32f4xx_hal_cortex.o
    0x08009314   0x08009314   0x00000024   Code   RO        11375    i.__aeabi_vec_ctor_nocookie_nodtor  cpprt_w.l(aeabi_vec_ctor_nocookie_nodtor.o)
    0x08009338   0x08009338   0x00000010   Code   RO        11263    i.__cxa_guard_acquire  cpprt_w.l(cxa_guard_acquire.o)
    0x08009348   0x08009348   0x00000360   Code   RO        11429    i.__hardfp_asin     m_wm.l(asin.o)
    0x080096a8   0x080096a8   0x000002d8   Code   RO        11455    i.__hardfp_atan     m_wm.l(atan.o)
    0x08009980   0x08009980   0x00000200   Code   RO        11469    i.__hardfp_atan2    m_wm.l(atan2.o)
    0x08009b80   0x08009b80   0x00000014   Code   RO        11493    i.__hardfp_fabs     m_wm.l(fabs.o)
    0x08009b94   0x08009b94   0x0000007a   Code   RO        11539    i.__hardfp_sqrt     m_wm.l(sqrt_full.o)
    0x08009c0e   0x08009c0e   0x000000f8   Code   RO        11838    i.__kernel_poly     m_wm.l(poly.o)
    0x08009d06   0x08009d06   0x00000014   Code   RO        11807    i.__mathlib_dbl_infnan  m_wm.l(dunder.o)
    0x08009d1a   0x08009d1a   0x00000014   Code   RO        11808    i.__mathlib_dbl_infnan2  m_wm.l(dunder.o)
    0x08009d2e   0x08009d2e   0x00000002   PAD
    0x08009d30   0x08009d30   0x00000020   Code   RO        11809    i.__mathlib_dbl_invalid  m_wm.l(dunder.o)
    0x08009d50   0x08009d50   0x00000020   Code   RO        11812    i.__mathlib_dbl_underflow  m_wm.l(dunder.o)
    0x08009d70   0x08009d70   0x00000010   Code   RO         9128    i.__sti___14_Dev_Buzzer_cpp_Buzzer  dev_buzzer.o
    0x08009d80   0x08009d80   0x00000010   Code   RO         9728    i.__sti___15_SerialDebug_cpp_955582f0  serialdebug.o
    0x08009d90   0x08009d90   0x00000010   Code   RO         7768    i.__sti___19_Control_Chassis_cpp_55f62708  control_chassis.o
    0x08009da0   0x08009da0   0x000000b4   Code   RO         6519    i.__sti___19_System_DataPool_cpp_DR16  system_datapool.o
    0x08009e54   0x08009e54   0x00000010   Code   RO        11457    i.atan              m_wm.l(atan.o)
    0x08009e64   0x08009e64   0x00000018   Code   RO        11495    i.fabs              m_wm.l(fabs.o)
    0x08009e7c   0x08009e7c   0x000000a4   Code   RO         5986    i.flash_write_single_address  bsp_flash.o
    0x08009f20   0x08009f20   0x0000000c   Code   RO         9643    i.get_control_temperate  imu_compensate.o
    0x08009f2c   0x08009f2c   0x000000e8   Code   RO         5987    i.get_next_flash_address  bsp_flash.o
    0x0800a014   0x0800a014   0x000002c4   Code   RO         9472    i.init_quaternion   dji_aimu.o
    0x0800a2d8   0x0800a2d8   0x0000003c   Code   RO         9473    i.inv_sqrt          dji_aimu.o
    0x0800a314   0x0800a314   0x00000010   Code   RO         9474    i.ist8310_get_data  dji_aimu.o
    0x0800a324   0x0800a324   0x00000100   Code   RO         9475    i.ist8310_init      dji_aimu.o
    0x0800a424   0x0800a424   0x0000003a   Code   RO         9476    i.ist_reg_read_by_mpu  dji_aimu.o
    0x0800a45e   0x0800a45e   0x00000040   Code   RO         9477    i.ist_reg_write_by_mpu  dji_aimu.o
    0x0800a49e   0x0800a49e   0x00000002   PAD
    0x0800a4a0   0x0800a4a0   0x0000005c   Code   RO           16    i.main              main.o
    0x0800a4fc   0x0800a4fc   0x0000000e   Code   RO         5119    i.makeFreeRtosPriority  cmsis_os.o
    0x0800a50a   0x0800a50a   0x00000002   PAD
    0x0800a50c   0x0800a50c   0x00000070   Code   RO         9478    i.mpu_device_init   dji_aimu.o
    0x0800a57c   0x0800a57c   0x000000c4   Code   RO         9479    i.mpu_get_data      dji_aimu.o
    0x0800a640   0x0800a640   0x0000008c   Code   RO         9480    i.mpu_master_i2c_auto_read_config  dji_aimu.o
    0x0800a6cc   0x0800a6cc   0x0000003c   Code   RO         9482    i.mpu_offset_fetch  dji_aimu.o
    0x0800a708   0x0800a708   0x00000054   Code   RO         9483    i.mpu_read_byte     dji_aimu.o
    0x0800a75c   0x0800a75c   0x00000068   Code   RO         9484    i.mpu_read_bytes    dji_aimu.o
    0x0800a7c4   0x0800a7c4   0x00000010   Code   RO         9485    i.mpu_set_accel_fsr  dji_aimu.o
    0x0800a7d4   0x0800a7d4   0x00000010   Code   RO         9486    i.mpu_set_gyro_fsr  dji_aimu.o
    0x0800a7e4   0x0800a7e4   0x00000058   Code   RO         9487    i.mpu_write_byte    dji_aimu.o
    0x0800a83c   0x0800a83c   0x00000054   Code   RO         8926    i.oled_clear        dev_oled.o
    0x0800a890   0x0800a890   0x0000011c   Code   RO         8931    i.oled_init         dev_oled.o
    0x0800a9ac   0x0800a9ac   0x00000034   Code   RO         8937    i.oled_write_byte   dev_oled.o
    0x0800a9e0   0x0800a9e0   0x0000000a   Code   RO         5124    i.osKernelStart     cmsis_os.o
    0x0800a9ea   0x0800a9ea   0x0000005e   Code   RO         5158    i.osThreadCreate    cmsis_os.o
    0x0800aa48   0x0800aa48   0x0000000e   Code   RO         5167    i.osThreadTerminate  cmsis_os.o
    0x0800aa56   0x0800aa56   0x00000002   PAD
    0x0800aa58   0x0800aa58   0x00000098   Code   RO         4796    i.prvAddCurrentTaskToDelayedList  tasks.o
    0x0800aaf0   0x0800aaf0   0x000000b4   Code   RO         4797    i.prvAddNewTaskToReadyList  tasks.o
    0x0800aba4   0x0800aba4   0x00000048   Code   RO         4798    i.prvCheckTasksWaitingTermination  tasks.o
    0x0800abec   0x0800abec   0x0000002a   Code   RO         4462    i.prvCopyDataFromQueue  queue.o
    0x0800ac16   0x0800ac16   0x0000007e   Code   RO         4463    i.prvCopyDataToQueue  queue.o
    0x0800ac94   0x0800ac94   0x00000050   Code   RO         4799    i.prvDeleteTCB      tasks.o
    0x0800ace4   0x0800ace4   0x0000007c   Code   RO         5486    i.prvHeapInit       heap_4.o
    0x0800ad60   0x0800ad60   0x00000028   Code   RO         4800    i.prvIdleTask       tasks.o
    0x0800ad88   0x0800ad88   0x00000026   Code   RO         4466    i.prvInitialiseNewQueue  queue.o
    0x0800adae   0x0800adae   0x000000b4   Code   RO         4801    i.prvInitialiseNewTask  tasks.o
    0x0800ae62   0x0800ae62   0x00000002   PAD
    0x0800ae64   0x0800ae64   0x00000068   Code   RO         4802    i.prvInitialiseTaskLists  tasks.o
    0x0800aecc   0x0800aecc   0x00000068   Code   RO         5487    i.prvInsertBlockIntoFreeList  heap_4.o
    0x0800af34   0x0800af34   0x0000001a   Code   RO         4467    i.prvIsQueueEmpty   queue.o
    0x0800af4e   0x0800af4e   0x00000002   PAD
    0x0800af50   0x0800af50   0x00000034   Code   RO         4803    i.prvResetNextTaskUnblockTime  tasks.o
    0x0800af84   0x0800af84   0x00000040   Code   RO         5549    i.prvTaskExitError  port.o
    0x0800afc4   0x0800afc4   0x0000007e   Code   RO         4469    i.prvUnlockQueue    queue.o
    0x0800b042   0x0800b042   0x00000002   PAD
    0x0800b044   0x0800b044   0x0000013c   Code   RO         5488    i.pvPortMalloc      heap_4.o
    0x0800b180   0x0800b180   0x0000002c   Code   RO         5550    i.pxPortInitialiseStack  port.o
    0x0800b1ac   0x0800b1ac   0x0000006e   Code   RO        11541    i.sqrt              m_wm.l(sqrt_full.o)
    0x0800b21a   0x0800b21a   0x00000028   Code   RO         4422    i.uxListRemove      list.o
    0x0800b242   0x0800b242   0x00000002   PAD
    0x0800b244   0x0800b244   0x00000018   Code   RO          285    i.vApplicationGetIdleTaskMemory  freertos.o
    0x0800b25c   0x0800b25c   0x0000001a   Code   RO         4423    i.vListInitialise   list.o
    0x0800b276   0x0800b276   0x00000006   Code   RO         4424    i.vListInitialiseItem  list.o
    0x0800b27c   0x0800b27c   0x00000034   Code   RO         4425    i.vListInsert       list.o
    0x0800b2b0   0x0800b2b0   0x00000018   Code   RO         4426    i.vListInsertEnd    list.o
    0x0800b2c8   0x0800b2c8   0x00000054   Code   RO         5552    i.vPortEnterCritical  port.o
    0x0800b31c   0x0800b31c   0x0000003c   Code   RO         5553    i.vPortExitCritical  port.o
    0x0800b358   0x0800b358   0x00000094   Code   RO         5489    i.vPortFree         heap_4.o
    0x0800b3ec   0x0800b3ec   0x00000028   Code   RO         5554    i.vPortSetupTimerInterrupt  port.o
    0x0800b414   0x0800b414   0x00000078   Code   RO         5555    i.vPortValidateInterruptPriority  port.o
    0x0800b48c   0x0800b48c   0x000000d4   Code   RO         4812    i.vTaskDelayUntil   tasks.o
    0x0800b560   0x0800b560   0x000000f4   Code   RO         4813    i.vTaskDelete       tasks.o
    0x0800b654   0x0800b654   0x00000018   Code   RO         4815    i.vTaskInternalSetTimeOutState  tasks.o
    0x0800b66c   0x0800b66c   0x0000000c   Code   RO         4816    i.vTaskMissedYield  tasks.o
    0x0800b678   0x0800b678   0x00000038   Code   RO         4818    i.vTaskPlaceOnEventList  tasks.o
    0x0800b6b0   0x0800b6b0   0x000000b0   Code   RO         4825    i.vTaskStartScheduler  tasks.o
    0x0800b760   0x0800b760   0x00000010   Code   RO         4827    i.vTaskSuspendAll   tasks.o
    0x0800b770   0x0800b770   0x0000008c   Code   RO         4828    i.vTaskSwitchContext  tasks.o
    0x0800b7fc   0x0800b7fc   0x00000168   Code   RO         5556    i.xPortStartScheduler  port.o
    0x0800b964   0x0800b964   0x00000060   Code   RO         4478    i.xQueueGenericCreate  queue.o
    0x0800b9c4   0x0800b9c4   0x00000098   Code   RO         4480    i.xQueueGenericReset  queue.o
    0x0800ba5c   0x0800ba5c   0x000000f8   Code   RO         4482    i.xQueueGenericSendFromISR  queue.o
    0x0800bb54   0x0800bb54   0x00000168   Code   RO         4488    i.xQueueReceive     queue.o
    0x0800bcbc   0x0800bcbc   0x0000008c   Code   RO         4829    i.xTaskCheckForTimeOut  tasks.o
    0x0800bd48   0x0800bd48   0x00000064   Code   RO         4830    i.xTaskCreate       tasks.o
    0x0800bdac   0x0800bdac   0x000000ba   Code   RO         4831    i.xTaskCreateStatic  tasks.o
    0x0800be66   0x0800be66   0x00000002   PAD
    0x0800be68   0x0800be68   0x00000168   Code   RO         4833    i.xTaskGenericNotifyFromISR  tasks.o
    0x0800bfd0   0x0800bfd0   0x00000020   Code   RO         4835    i.xTaskGetSchedulerState  tasks.o
    0x0800bff0   0x0800bff0   0x0000000c   Code   RO         4836    i.xTaskGetTickCount  tasks.o
    0x0800bffc   0x0800bffc   0x00000148   Code   RO         4838    i.xTaskIncrementTick  tasks.o
    0x0800c144   0x0800c144   0x000000c8   Code   RO         4841    i.xTaskPriorityDisinherit  tasks.o
    0x0800c20c   0x0800c20c   0x00000098   Code   RO         4843    i.xTaskRemoveFromEventList  tasks.o
    0x0800c2a4   0x0800c2a4   0x00000104   Code   RO         4844    i.xTaskResumeAll    tasks.o
    0x0800c3a8   0x0800c3a8   0x0000014a   Code   RO         7974    t._Z12MotorMsgSendI11Motor_M3508Li4EEvP19__CAN_HandleTypeDefRAT0__T_  control_chassis.o
    0x0800c4f2   0x0800c4f2   0x00000028   Code   RO         5658    t._Z14_pid_ConstrainIfEvPT_S0_S0_  pid.o
    0x0800c51a   0x0800c51a   0x00000028   Code   RO         7967    t._Z16_motor_ConstrainIfEvPT_S0_S0_  control_chassis.o
    0x0800c542   0x0800c542   0x00000010   Code   RO         7989    t._Z3absIsET_S0_    control_chassis.o
    0x0800c552   0x0800c552   0x0000001a   Code   RO         5651    t._Z8_pid_AbsIfET_S0_  pid.o
    0x0800c56c   0x0800c56c   0x00000028   Code   RO         5811    t._Z9ConstrainIfEvPT_S0_S0_  ramp.o
    0x0800c594   0x0800c594   0x00000018   Code   RO         7982    t._Z9ConstrainIsEvPT_S0_S0_  control_chassis.o
    0x0800c5ac   0x0800c5ac   0x00000018   Code   RO        11381    x$fpl$basic         g_wm.l(basic.o)
    0x0800c5c4   0x0800c5c4   0x000002c4   Code   RO        11383    x$fpl$d2f           g_wm.l(d2f_clz.o)
    0x0800c888   0x0800c888   0x0000024c   Code   RO        11385    x$fpl$dadd          g_wm.l(daddsub_clz.o)
    0x0800cad4   0x0800cad4   0x00000018   Code   RO        11777    x$fpl$dcmpinf       g_wm.l(dcmpi.o)
    0x0800caec   0x0800caec   0x0000037c   Code   RO        11392    x$fpl$ddiv          g_wm.l(ddiv_clz.o)
    0x0800ce68   0x0800ce68   0x00000074   Code   RO        11779    x$fpl$deqf          g_wm.l(deqf.o)
    0x0800cedc   0x0800cedc   0x000000dc   Code   RO        11395    x$fpl$dfixu         g_wm.l(dfixu.o)
    0x0800cfb8   0x0800cfb8   0x0000002e   Code   RO        11400    x$fpl$dflt          g_wm.l(dflt_clz.o)
    0x0800cfe6   0x0800cfe6   0x0000001a   Code   RO        11401    x$fpl$dfltn         g_wm.l(dflt_clz.o)
    0x0800d000   0x0800d000   0x00000026   Code   RO        11399    x$fpl$dfltu         g_wm.l(dflt_clz.o)
    0x0800d026   0x0800d026   0x00000002   PAD
    0x0800d028   0x0800d028   0x00000078   Code   RO        11405    x$fpl$dleqf         g_wm.l(dleqf.o)
    0x0800d0a0   0x0800d0a0   0x000001c0   Code   RO        11407    x$fpl$dmul          g_wm.l(dmul_clz.o)
    0x0800d260   0x0800d260   0x00000102   Code   RO        11781    x$fpl$dnaninf       g_wm.l(dnaninf.o)
    0x0800d362   0x0800d362   0x00000070   Code   RO        11783    x$fpl$drenorm       g_wm.l(drenorm_clz.o)
    0x0800d3d2   0x0800d3d2   0x0000000c   Code   RO        11785    x$fpl$dretinf       g_wm.l(dretinf.o)
    0x0800d3de   0x0800d3de   0x00000062   Code   RO        11409    x$fpl$drleqf        g_wm.l(drleqf.o)
    0x0800d440   0x0800d440   0x00000050   Code   RO        11386    x$fpl$drsb          g_wm.l(daddsub_clz.o)
    0x0800d490   0x0800d490   0x00000208   Code   RO        11787    x$fpl$dsqrt         g_wm.l(dsqrt_umaalclz.o)
    0x0800d698   0x0800d698   0x0000029c   Code   RO        11387    x$fpl$dsub          g_wm.l(daddsub_clz.o)
    0x0800d934   0x0800d934   0x0000017a   Code   RO        11789    x$fpl$dunder        g_wm.l(dunder_clz.o)
    0x0800daae   0x0800daae   0x00000002   PAD
    0x0800dab0   0x0800dab0   0x000001ec   Code   RO        11791    x$fpl$exception     g_wm.l(except.o)
    0x0800dc9c   0x0800dc9c   0x0000007a   Code   RO        11411    x$fpl$f2d           g_wm.l(f2d.o)
    0x0800dd16   0x0800dd16   0x0000009e   Code   RO        11413    x$fpl$ffltll        g_wm.l(ffltll_clz.o)
    0x0800ddb4   0x0800ddb4   0x000000f2   Code   RO        11793    x$fpl$fnaninf       g_wm.l(fnaninf.o)
    0x0800dea6   0x0800dea6   0x0000000a   Code   RO        11991    x$fpl$fpinit        g_wm.l(fpinit.o)
    0x0800deb0   0x0800deb0   0x0000000a   Code   RO        11795    x$fpl$fretinf       g_wm.l(fretinf.o)
    0x0800deba   0x0800deba   0x0000013c   Code   RO        11797    x$fpl$funder        g_wm.l(funder_clz.o)
    0x0800dff6   0x0800dff6   0x000000b2   Code   RO        11993    x$fpl$retnan        g_wm.l(retnan.o)
    0x0800e0a8   0x0800e0a8   0x0000007e   Code   RO        11803    x$fpl$trapveneer    g_wm.l(trapv.o)
    0x0800e126   0x0800e126   0x00000000   Code   RO        11805    x$fpl$usenofp       g_wm.l(usenofp.o)
    0x0800e126   0x0800e126   0x00000002   PAD
    0x0800e128   0x0800e128   0x0000001c   Data   RO          287    .constdata          freertos.o
    0x0800e144   0x0800e144   0x00000008   Data   RO         1661    .constdata          stm32f4xx_hal_dma.o
    0x0800e14c   0x0800e14c   0x00000018   Data   RO         4184    .constdata          system_stm32f4xx.o
    0x0800e164   0x0800e164   0x00000087   Data   RO         6522    .constdata          system_datapool.o
    0x0800e1eb   0x0800e1eb   0x00000001   PAD
    0x0800e1ec   0x0800e1ec   0x00000014   Data   RO         9489    .constdata          dji_aimu.o
    0x0800e200   0x0800e200   0x0000006e   Data   RO         9738    .constdata          serialdebug.o
    0x0800e26e   0x0800e26e   0x00000002   PAD
    0x0800e270   0x0800e270   0x00000050   Data   RO        11432    .constdata          m_wm.l(asin.o)
    0x0800e2c0   0x0800e2c0   0x00000098   Data   RO        11458    .constdata          m_wm.l(atan.o)
    0x0800e358   0x0800e358   0x00000008   Data   RO        11840    .constdata          m_wm.l(qnan.o)
    0x0800e360   0x0800e360   0x0000002c   Data   RO         8071    .constdata__ZTV10MotorSpeed  control_chassis.o
    0x0800e38c   0x0800e38c   0x00000034   Data   RO         8073    .constdata__ZTV11Motor_M3508  control_chassis.o
    0x0800e3c0   0x0800e3c0   0x00000038   Data   RO         8075    .constdata__ZTV12Motor_GM6020  control_chassis.o
    0x0800e3f8   0x0800e3f8   0x00000028   Data   RO         8069    .constdata__ZTV9MotorBase  control_chassis.o
    0x0800e420   0x0800e420   0x0000000e   Data   RO          288    .conststring        freertos.o
    0x0800e42e   0x0800e42e   0x00000002   PAD
    0x0800e430   0x0800e430   0x00000020   Data   RO        12107    Region$$Table       anon$$obj.o
    0x0800e450   0x0800e450   0x00000004   Data   RO         6524    .init_array         system_datapool.o
    0x0800e454   0x0800e450   0x00000004   Data   RO         7807    .init_array         control_chassis.o
    0x0800e458   0x0800e450   0x00000004   Data   RO         9135    .init_array         dev_buzzer.o
    0x0800e45c   0x0800e450   0x00000004   Data   RO         9739    .init_array         serialdebug.o
    0x0800e460   0x0800e450   0x00000000   Data   RO        11252    .init_array         c_w.l(init_aeabi.o)


    Execution Region RW_IRAM2 (Exec base: 0x10000000, Load base: 0x0800e638, Size: 0x00000000, Max: 0x00010000, ABSOLUTE)

    **** No section assigned to this execution region ****


    Execution Region RW_IRAM1 (Exec base: 0x20000000, Load base: 0x0800e460, Size: 0x00006ee0, Max: 0x00030000, ABSOLUTE, COMPRESSED[0x000001d8])

    Exec Addr    Load Addr    Size         Type   Attr      Idx    E Section Name        Object

    0x20000000   COMPRESSED   0x00000004   Data   RW          289    .data               freertos.o
    0x20000004   COMPRESSED   0x00000004   Data   RW          383    .data               can.o
    0x20000008   COMPRESSED   0x00000009   Data   RW         2113    .data               stm32f4xx_hal.o
    0x20000011   COMPRESSED   0x00000003   PAD
    0x20000014   COMPRESSED   0x00000004   Data   RW         4185    .data               system_stm32f4xx.o
    0x20000018   COMPRESSED   0x0000003c   Data   RW         4847    .data               tasks.o
    0x20000054   COMPRESSED   0x00000018   Data   RW         5494    .data               heap_4.o
    0x2000006c   COMPRESSED   0x0000000c   Data   RW         5557    .data               port.o
    0x20000078   COMPRESSED   0x00000008   Data   RW         5862    .data               bsp_can.o
    0x20000080   COMPRESSED   0x00000002   Data   RW         5919    .data               bsp_uart.o
    0x20000082   COMPRESSED   0x00000002   PAD
    0x20000084   COMPRESSED   0x00000010   Data   RW         5989    .data               bsp_flash.o
    0x20000094   COMPRESSED   0x00000018   Data   RW         6523    .data               system_datapool.o
    0x200000ac   COMPRESSED   0x00000001   Data   RW         6737    .data               task_control.o
    0x200000ad   COMPRESSED   0x00000001   PAD
    0x200000ae   COMPRESSED   0x00000002   Data   RW         6875    .data               task_monitor.o
    0x200000b0   COMPRESSED   0x0000000c   Data   RW         7120    .data               communication.o
    0x200000bc   COMPRESSED   0x00000024   Data   RW         7331    .data               devices_monitor.o
    0x200000e0   COMPRESSED   0x00000010   Data   RW         7422    .data               control_dr16.o
    0x200000f0   COMPRESSED   0x00000094   Data   RW         7806    .data               control_chassis.o
    0x20000184   COMPRESSED   0x0000001c   Data   RW         8303    .data               control_gimbal.o
    0x200001a0   COMPRESSED   0x00000004   Data   RW         8876    .data               dev_led.o
    0x200001a4   COMPRESSED   0x000003d5   Data   RW         9134    .data               dev_buzzer.o
    0x20000579   COMPRESSED   0x00000003   PAD
    0x2000057c   COMPRESSED   0x000000f0   Data   RW         9490    .data               dji_aimu.o
    0x2000066c   COMPRESSED   0x00000058   Data   RW         9647    .data               imu_compensate.o
    0x200006c4   COMPRESSED   0x0000004f   Data   RW        10494    .data               ano.o
    0x20000713   COMPRESSED   0x00000001   PAD
    0x20000714   COMPRESSED   0x00000008   Data   RW        10724    .data               bsp_pvd.o
    0x2000071c        -       0x00000254   Zero   RW          286    .bss                freertos.o
    0x20000970        -       0x00000048   Zero   RW          339    .bss                adc.o
    0x200009b8        -       0x00000050   Zero   RW          382    .bss                can.o
    0x20000a08        -       0x000000b0   Zero   RW          455    .bss                spi.o
    0x20000ab8        -       0x00000080   Zero   RW          506    .bss                tim.o
    0x20000b38        -       0x00000240   Zero   RW          570    .bss                usart.o
    0x20000d78        -       0x00000040   Zero   RW          774    .bss                stm32f4xx_hal_timebase_tim.o
    0x20000db8        -       0x00000020   Zero   RW         1270    .bss                stm32f4xx_hal_flash.o
    0x20000dd8        -       0x000000f0   Zero   RW         4846    .bss                tasks.o
    0x20000ec8        -       0x00003c00   Zero   RW         5493    .bss                heap_4.o
    0x20004ac8        -       0x00000068   Zero   RW         5861    .bss                bsp_can.o
    0x20004b30        -       0x00000060   Zero   RW         5918    .bss                bsp_uart.o
    0x20004b90        -       0x0000155c   Zero   RW         6521    .bss                system_datapool.o
    0x200060ec        -       0x00000050   Zero   RW         6659    .bss                task_can.o
    0x2000613c   COMPRESSED   0x00000004   PAD
    0x20006140        -       0x000000c8   Zero   RW         7805    .bss                control_chassis.o
    0x20006208        -       0x00000524   Zero   RW         8960    .bss                dev_oled.o
    0x2000672c        -       0x000000e0   Zero   RW         9488    .bss                dji_aimu.o
    0x2000680c        -       0x00000074   Zero   RW         9737    .bss                serialdebug.o
    0x20006880        -       0x00000060   Zero   RW        11845    .bss                c_w.l(libspace.o)
    0x200068e0        -       0x00000200   Zero   RW            2    HEAP                startup_stm32f427xx.o
    0x20006ae0        -       0x00000400   Zero   RW            1    STACK               startup_stm32f427xx.o


==============================================================================

Image component sizes


      Code (inc. data)   RO Data    RW Data    ZI Data      Debug   Object Name

       240         28          0          0         72       1877   adc.o
       308          8          0         79          0       2437   ano.o
       372         68          0          8        104       4880   bsp_can.o
       396         68          0         16          0       2166   bsp_flash.o
       100         12          0          8          0       7084   bsp_pvd.o
       548         54          0          2         96       3297   bsp_uart.o
       500         46          0          4         80       2658   can.o
        68         26          0          0          0       2832   chassis_power.o
       132          0          0          0          0      23209   cmsis_os.o
       220         50          0         12          0     696447   communication.o
         2          0          0          0          0       3116   control_auto.o
      3924        272        196        148        200      40952   control_chassis.o
      1668        142          0         16          0       8435   control_dr16.o
       806         82          0         28          0      13393   control_gimbal.o
       364         20          0          0          0      18753   control_robot.o
        18          6          4        981          0       4529   dev_buzzer.o
        92         14          0          4          0        924   dev_led.o
       466         16          0          0       1316       7525   dev_oled.o
        12          0          0          0          0       3752   dev_supcap.o
       266         32          0         36          0       7224   devices_monitor.o
      5802        464         20        240        224      19691   dji_aimu.o
       136          6          0          0          0        910   dma.o
       706          4          0          0          0      11367   dr16.o
         0          0          0          0          0      19012   event_groups.o
        74          0          0          0          0       2572   filter.o
        84         24         42          4        596       2736   freertos.o
       320         18          0          0          0       1175   gpio.o
       692         62          0         24      15360       7611   heap_4.o
       566         52          0         88          0      10030   imu_compensate.o
       198          6          0          0          0       3390   kalman_filter.o
       148          0          0          0          0       3814   list.o
       298         26          0          0          0     810156   main.o
      1378         24          0          0          0       6136   pid.o
      1014         92          0         12          0      12525   port.o
        12          0          0          0          0       4016   power_meter.o
      1214         10          0          0          0      13406   queue.o
       148          6          0          0          0      16356   ramp.o
        12          0          0          0          0     638036   referee_system.o
        76         20        114          0        116     626458   serialdebug.o
       448         42          0          0        176       2598   spi.o
        64         26        428          0       1536        876   startup_stm32f427xx.o
       136         24          0          9          0       9158   stm32f4xx_hal.o
       876         32          0          0          0       2919   stm32f4xx_hal_adc.o
      2132          6          0          0          0      14511   stm32f4xx_hal_can.o
       320         30          0          0          0      34605   stm32f4xx_hal_cortex.o
      1434         16          8          0          0       7398   stm32f4xx_hal_dma.o
       680         62          0          0         32       6406   stm32f4xx_hal_flash.o
       570         54          0          0          0       3113   stm32f4xx_hal_gpio.o
        72          4          0          0          0        938   stm32f4xx_hal_msp.o
       224         18          0          0          0       2385   stm32f4xx_hal_pwr.o
      1868         94          0          0          0       6593   stm32f4xx_hal_rcc.o
      1388          8          0          0          0       6036   stm32f4xx_hal_spi.o
      1984         90          0          0          0      16374   stm32f4xx_hal_tim.o
       184         30          0          0          0       2661   stm32f4xx_hal_tim_ex.o
       140         18          0          0         64       1595   stm32f4xx_hal_timebase_tim.o
      2298         26          0          0          0      13315   stm32f4xx_hal_uart.o
       204         64          0          0          0       9032   stm32f4xx_it.o
         0          0          0          0          0        384   stream_buffer.o
       236         86          0          0          0     666427   system_config.o
       336         76        139         24       5468      31980   system_datapool.o
        28          4         24          4          0       6959   system_stm32f4xx.o
       802         60          0          0         80       9894   task_can.o
        72          8          0          1          0       1927   task_control.o
        94         10          0          0          0       8713   task_debug.o
        44          8          0          0          0       5728   task_imu.o
       244        104          0          0          0       1252   task_init.o
        68          8          0          2          0       1946   task_monitor.o
      3510        422          0         60        240      30591   tasks.o
       544         56          0          0        128       3929   tim.o
       940         90          0          0        576       3736   usart.o

    ----------------------------------------------------------------------
     45392       3334       1012       1820      26468    3978866   Object Totals
         0          0         32          0          0          0   (incl. Generated)
        72          0          5         10          4          0   (incl. Padding)

    ----------------------------------------------------------------------

      Code (inc. data)   RO Data    RW Data    ZI Data      Debug   Library Member Name

        90          0          0          0          0          0   __dczerorl2.o
         8          0          0          0          0         68   __main.o
         0          0          0          0          0          0   __rtentry.o
        12          0          0          0          0          0   __rtentry2.o
         6          0          0          0          0          0   __rtentry4.o
        52          8          0          0          0          0   __scatter.o
        28          0          0          0          0          0   __scatter_zi.o
        48          4          0          0          0         84   _fptrap.o
        22          0          0          0          0        100   _rserrno.o
        46          0          0          0          0         84   aeabi_atexit.o
        66          0          0          0          0         84   cxa_finalize.o
        10          0          0          0          0         68   defsig_exit.o
       172        110          0          0          0         76   defsig_fpe_inner.o
        14          0          0          0          0         80   defsig_fpe_outer.o
        50          0          0          0          0         88   defsig_general.o
        80         58          0          0          0         76   defsig_rtmem_inner.o
        14          0          0          0          0         80   defsig_rtmem_outer.o
        18          0          0          0          0         80   exit.o
        94          0          0          0          0         80   h1_alloc.o
        52          0          0          0          0         68   h1_extend.o
        78          0          0          0          0         80   h1_free.o
        14          0          0          0          0         84   h1_init.o
         6          0          0          0          0        152   heapauxi.o
         4          0          0          0          0        136   hguard.o
         0          0          0          0          0          0   indicate_semi.o
        36         10          0          0          0         80   init_aeabi.o
       138          0          0          0          0        168   init_alloc.o
         2          0          0          0          0          0   libinit.o
        18          0          0          0          0          0   libinit2.o
         2          0          0          0          0          0   libshutdown.o
         8          0          0          0          0          0   libshutdown2.o
         8          4          0          0         96         68   libspace.o
       238          0          0          0          0        100   lludivv7m.o
         0          0          0          0          0          0   maybetermalloc1.o
         8          4          0          0          0         68   rt_ddtor_pointer_addr_intlibspace.o
         8          4          0          0          0         68   rt_errno_addr_intlibspace.o
         8          4          0          0          0         68   rt_heap_descriptor_intlibspace.o
        78          0          0          0          0         80   rt_memclr_w.o
       138          0          0          0          0         68   rt_memcpy_v6.o
       100          0          0          0          0         80   rt_memcpy_w.o
         2          0          0          0          0          0   rtexit.o
        10          0          0          0          0          0   rtexit2.o
        12          4          0          0          0         68   sys_exit.o
        74          0          0          0          0         80   sys_stackheap_outer.o
        14          0          0          0          0         76   sys_wrch.o
         2          0          0          0          0         68   use_no_semi.o
        36          0          0          0          0         84   aeabi_vec_ctor_nocookie_nodtor.o
        34          0          0          0          0         84   aeabi_vec_dtor_noexceptions.o
        16          0          0          0          0         68   cxa_guard_acquire.o
        24          0          0          0          0        164   basic.o
       708         16          0          0          0        140   d2f_clz.o
      1336         32          0          0          0        532   daddsub_clz.o
        24          0          0          0          0        116   dcmpi.o
       892        152          0          0          0        292   ddiv_clz.o
       116          8          0          0          0        140   deqf.o
       220         16          0          0          0        192   dfixu.o
       110          0          0          0          0        348   dflt_clz.o
       120          8          0          0          0        140   dleqf.o
       448         16          0          0          0        164   dmul_clz.o
       258          4          0          0          0        156   dnaninf.o
       112          0          0          0          0        160   drenorm_clz.o
        12          0          0          0          0        116   dretinf.o
        98          0          0          0          0        128   drleqf.o
       520         56          0          0          0        180   dsqrt_umaalclz.o
       378          0          0          0          0        168   dunder_clz.o
       492         36          0          0          0        148   except.o
       122          8          0          0          0        132   f2d.o
       158          0          0          0          0        132   ffltll_clz.o
       242          4          0          0          0        144   fnaninf.o
        10          0          0          0          0        116   fpinit.o
        10          0          0          0          0        116   fretinf.o
       316          0          0          0          0        132   funder_clz.o
       178          0          0          0          0        116   retnan.o
       126          0          0          0          0        148   trapv.o
         0          0          0          0          0          0   usenofp.o
       864         94         80          0          0        280   asin.o
       744        106        152          0          0        352   atan.o
       512         64          0          0          0        208   atan2.o
       104         16          0          0          0        496   dunder.o
        44          0          0          0          0        248   fabs.o
        48          0          0          0          0        124   fpclassify.o
       248          0          0          0          0        152   poly.o
         0          0          8          0          0          0   qnan.o
       232          0          0          0          0        296   sqrt_full.o

    ----------------------------------------------------------------------
     11820        846        240          0         96       9420   Library Totals
        20          0          0          0          0          0   (incl. Padding)

    ----------------------------------------------------------------------

      Code (inc. data)   RO Data    RW Data    ZI Data      Debug   Library Name

      1888        210          0          0         96       2708   c_w.l
        86          0          0          0          0        236   cpprt_w.l
      7030        356          0          0          0       4320   g_wm.l
      2796        280        240          0          0       2156   m_wm.l

    ----------------------------------------------------------------------
     11820        846        240          0         96       9420   Library Totals

    ----------------------------------------------------------------------

==============================================================================


      Code (inc. data)   RO Data    RW Data    ZI Data      Debug   

     57212       4180       1252       1820      26564    3946822   Grand Totals
     57212       4180       1252        472      26564    3946822   ELF Image Totals (compressed)
     57212       4180       1252        472          0          0   ROM Totals

==============================================================================

    Total RO  Size (Code + RO Data)                58464 (  57.09kB)
    Total RW  Size (RW Data + ZI Data)             28384 (  27.72kB)
    Total ROM Size (Code + RO Data + RW Data)      58936 (  57.55kB)

==============================================================================

